01-26 00:03:35.699 29613 29653 E Unity   : Particle Velocity curves must all be in the same mode
01-26 00:03:35.709 29613 29632 W Unity   : [MonsterAI] Skeleton has high velocity 4.47, resetting to walk speed
01-26 00:03:35.709 29613 29632 W Unity   : UnityEngine.DebugLogHandler:Internal_Log(LogType, LogOption, String, Object)
01-26 00:03:35.709 29613 29632 W Unity   : VRDungeonCrawler.AI.MonsterAI:FixedUpdate()
01-26 00:03:35.709 29613 29632 W Unity   : 
01-26 00:03:35.711 29613 29632 I Unity   : [SpellCaster] UI detected: ReadyText on layer 5
01-26 00:03:35.711 29613 29632 I Unity   : UnityEngine.DebugLogHandler:Internal_Log(LogType, LogOption, String, Object)
01-26 00:03:35.711 29613 29632 I Unity   : VRDungeonCrawler.Spells.SpellCaster:Update()
01-26 00:03:35.711 29613 29632 I Unity   : 
01-26 00:03:35.711 29613 29653 E Unity   : Particle Velocity curves must all be in the same mode
01-26 00:03:35.712 29613 29653 E Unity   : Particle Velocity curves must all be in the same mode
01-26 00:03:35.712 29613 29653 E Unity   : Particle Velocity curves must all be in the same mode
01-26 00:03:35.712 29613 29653 E Unity   : Particle Velocity curves must all be in the same mode
01-26 00:03:35.712 29613 29653 E Unity   : Particle Velocity curves must all be in the same mode
01-26 00:03:35.723 29613 29632 I Unity   : [SpellCaster] UI detected: ReadyText on layer 5
01-26 00:03:35.723 29613 29632 I Unity   : UnityEngine.DebugLogHandler:Internal_Log(LogType, LogOption, String, Object)
01-26 00:03:35.723 29613 29632 I Unity   : VRDungeonCrawler.Spells.SpellCaster:Update()
01-26 00:03:35.723 29613 29632 I Unity   : 
01-26 00:03:35.724 29613 29653 E Unity   : Particle Velocity curves must all be in the same mode
01-26 00:03:35.724 29613 29653 E Unity   : Particle Velocity curves must all be in the same mode
01-26 00:03:35.724 29613 29653 E Unity   : Particle Velocity curves must all be in the same mode
01-26 00:03:35.724 29613 29653 E Unity   : Particle Velocity curves must all be in the same mode
01-26 00:03:35.736 29613 29632 W Unity   : [MonsterAI] Skeleton has high velocity 4.48, resetting to walk speed
01-26 00:03:35.736 29613 29632 W Unity   : UnityEngine.DebugLogHandler:Internal_Log(LogType, LogOption, String, Object)
01-26 00:03:35.736 29613 29632 W Unity   : VRDungeonCrawler.AI.MonsterAI:FixedUpdate()
01-26 00:03:35.736 29613 29632 W Unity   : 
01-26 00:03:35.740 29613 29632 I Unity   : [SpellCaster] UI detected: ReadyText on layer 5
01-26 00:03:35.740 29613 29632 I Unity   : UnityEngine.DebugLogHandler:Internal_Log(LogType, LogOption, String, Object)
01-26 00:03:35.740 29613 29632 I Unity   : VRDungeonCrawler.Spells.SpellCaster:Update()
01-26 00:03:35.740 29613 29632 I Unity   : 
01-26 00:03:35.740 29613 29653 E Unity   : Particle Velocity curves must all be in the same mode
01-26 00:03:35.741 29613 29653 E Unity   : Particle Velocity curves must all be in the same mode
01-26 00:03:35.741 29613 29653 E Unity   : Particle Velocity curves must all be in the same mode
01-26 00:03:35.750 29613 29632 W Unity   : [MonsterAI] Skeleton has high velocity 4.50, resetting to walk speed
01-26 00:03:35.750 29613 29632 W Unity   : UnityEngine.DebugLogHandler:Internal_Log(LogType, LogOption, String, Object)
01-26 00:03:35.750 29613 29632 W Unity   : VRDungeonCrawler.AI.MonsterAI:FixedUpdate()
01-26 00:03:35.750 29613 29632 W Unity   : 
01-26 00:03:35.753 29613 29632 I Unity   : [SpellCaster] UI detected: ReadyText on layer 5
01-26 00:03:35.753 29613 29632 I Unity   : UnityEngine.DebugLogHandler:Internal_Log(LogType, LogOption, String, Object)
01-26 00:03:35.753 29613 29632 I Unity   : VRDungeonCrawler.Spells.SpellCaster:Update()
01-26 00:03:35.753 29613 29632 I Unity   : 
01-26 00:03:35.754 29613 29653 E Unity   : Particle Velocity curves must all be in the same mode
01-26 00:03:35.754 29613 29653 E Unity   : Particle Velocity curves must all be in the same mode
01-26 00:03:35.754 29613 29653 E Unity   : Particle Velocity curves must all be in the same mode
01-26 00:03:35.754 29613 29653 E Unity   : Particle Velocity curves must all be in the same mode
01-26 00:03:35.754 29613 29653 E Unity   : Particle Velocity curves must all be in the same mode
01-26 00:03:35.765 29613 29632 I Unity   : [SpellCaster] UI detected: ReadyText on layer 5
01-26 00:03:35.765 29613 29632 I Unity   : UnityEngine.DebugLogHandler:Internal_Log(LogType, LogOption, String, Object)
01-26 00:03:35.765 29613 29632 I Unity   : VRDungeonCrawler.Spells.SpellCaster:Update()
01-26 00:03:35.765 29613 29632 I Unity   : 
01-26 00:03:35.765 29613 29653 E Unity   : Particle Velocity curves must all be in the same mode
01-26 00:03:35.765 29613 29653 E Unity   : Particle Velocity curves must all be in the same mode
01-26 00:03:35.766 29613 29653 E Unity   : Particle Velocity curves must all be in the same mode
01-26 00:03:35.766 29613 29653 E Unity   : Particle Velocity curves must all be in the same mode
01-26 00:03:35.778 29613 29632 W Unity   : [MonsterAI] Skeleton has high velocity 4.51, resetting to walk speed
01-26 00:03:35.778 29613 29632 W Unity   : UnityEngine.DebugLogHandler:Internal_Log(LogType, LogOption, String, Object)
01-26 00:03:35.778 29613 29632 W Unity   : VRDungeonCrawler.AI.MonsterAI:FixedUpdate()
01-26 00:03:35.778 29613 29632 W Unity   : 
01-26 00:03:35.781 29613 29632 I Unity   : [SpellCaster] UI detected: ReadyText on layer 5
01-26 00:03:35.781 29613 29632 I Unity   : UnityEngine.DebugLogHandler:Internal_Log(LogType, LogOption, String, Object)
01-26 00:03:35.781 29613 29632 I Unity   : VRDungeonCrawler.Spells.SpellCaster:Update()
01-26 00:03:35.781 29613 29632 I Unity   : 
01-26 00:03:35.781 29613 29653 E Unity   : Particle Velocity curves must all be in the same mode
01-26 00:03:35.782 29613 29653 E Unity   : Particle Velocity curves must all be in the same mode
01-26 00:03:35.782 29613 29653 E Unity   : Particle Velocity curves must all be in the same mode
01-26 00:03:35.782 29613 29653 E Unity   : Particle Velocity curves must all be in the same mode
01-26 00:03:35.782 29613 29653 E Unity   : Particle Velocity curves must all be in the same mode
01-26 00:03:35.792 29613 29632 W Unity   : [MonsterAI] Skeleton has high velocity 4.53, resetting to walk speed
01-26 00:03:35.792 29613 29632 W Unity   : UnityEngine.DebugLogHandler:Internal_Log(LogType, LogOption, String, Object)
01-26 00:03:35.792 29613 29632 W Unity   : VRDungeonCrawler.AI.MonsterAI:FixedUpdate()
01-26 00:03:35.792 29613 29632 W Unity   : 
01-26 00:03:35.795 29613 29632 I Unity   : [SpellCaster] UI detected: ReadyText on layer 5
01-26 00:03:35.795 29613 29632 I Unity   : UnityEngine.DebugLogHandler:Internal_Log(LogType, LogOption, String, Object)
01-26 00:03:35.795 29613 29632 I Unity   : VRDungeonCrawler.Spells.SpellCaster:Update()
01-26 00:03:35.795 29613 29632 I Unity   : 
01-26 00:03:35.795 29613 29653 E Unity   : Particle Velocity curves must all be in the same mode
01-26 00:03:35.795 29613 29653 E Unity   : Particle Velocity curves must all be in the same mode
01-26 00:03:35.796 29613 29653 E Unity   : Particle Velocity curves must all be in the same mode
01-26 00:03:35.796 29613 29653 E Unity   : Particle Velocity curves must all be in the same mode
01-26 00:03:35.806 29613 29632 I Unity   : [SpellCaster] UI detected: ReadyText on layer 5
01-26 00:03:35.806 29613 29632 I Unity   : UnityEngine.DebugLogHandler:Internal_Log(LogType, LogOption, String, Object)
01-26 00:03:35.806 29613 29632 I Unity   : VRDungeonCrawler.Spells.SpellCaster:Update()
01-26 00:03:35.806 29613 29632 I Unity   : 
01-26 00:03:35.807 29613 29653 E Unity   : Particle Velocity curves must all be in the same mode
01-26 00:03:35.807 29613 29653 E Unity   : Particle Velocity curves must all be in the same mode
01-26 00:03:35.807 29613 29653 E Unity   : Particle Velocity curves must all be in the same mode
01-26 00:03:35.820 29613 29632 W Unity   : [MonsterAI] Skeleton has high velocity 4.54, resetting to walk speed
01-26 00:03:35.820 29613 29632 W Unity   : UnityEngine.DebugLogHandler:Internal_Log(LogType, LogOption, String, Object)
01-26 00:03:35.820 29613 29632 W Unity   : VRDungeonCrawler.AI.MonsterAI:FixedUpdate()
01-26 00:03:35.820 29613 29632 W Unity   : 
01-26 00:03:35.823 29613 29632 I Unity   : [SpellCaster] UI detected: ReadyText on layer 5
01-26 00:03:35.823 29613 29632 I Unity   : UnityEngine.DebugLogHandler:Internal_Log(LogType, LogOption, String, Object)
01-26 00:03:35.823 29613 29632 I Unity   : VRDungeonCrawler.Spells.SpellCaster:Update()
01-26 00:03:35.823 29613 29632 I Unity   : 
01-26 00:03:35.824 29613 29653 E Unity   : Particle Velocity curves must all be in the same mode
01-26 00:03:35.824 29613 29653 E Unity   : Particle Velocity curves must all be in the same mode
01-26 00:03:35.824 29613 29653 E Unity   : Particle Velocity curves must all be in the same mode
01-26 00:03:35.824 29613 29653 E Unity   : Particle Velocity curves must all be in the same mode
01-26 00:03:35.824 29613 29653 E Unity   : Particle Velocity curves must all be in the same mode
01-26 00:03:35.834 29613 29632 W Unity   : [MonsterAI] Skeleton has high velocity 4.55, resetting to walk speed
01-26 00:03:35.834 29613 29632 W Unity   : UnityEngine.DebugLogHandler:Internal_Log(LogType, LogOption, String, Object)
01-26 00:03:35.834 29613 29632 W Unity   : VRDungeonCrawler.AI.MonsterAI:FixedUpdate()
01-26 00:03:35.834 29613 29632 W Unity   : 
01-26 00:03:35.837 29613 29632 I Unity   : [SpellCaster] UI detected: ReadyText on layer 5
01-26 00:03:35.837 29613 29632 I Unity   : UnityEngine.DebugLogHandler:Internal_Log(LogType, LogOption, String, Object)
01-26 00:03:35.837 29613 29632 I Unity   : VRDungeonCrawler.Spells.SpellCaster:Update()
01-26 00:03:35.837 29613 29632 I Unity   : 
01-26 00:03:35.837 29613 29653 E Unity   : Particle Velocity curves must all be in the same mode
01-26 00:03:35.837 29613 29653 E Unity   : Particle Velocity curves must all be in the same mode
01-26 00:03:35.837 29613 29653 E Unity   : Particle Velocity curves must all be in the same mode
01-26 00:03:35.847 29613 29632 W Unity   : [MonsterAI] Skeleton has high velocity 4.56, resetting to walk speed
01-26 00:03:35.847 29613 29632 W Unity   : UnityEngine.DebugLogHandler:Internal_Log(LogType, LogOption, String, Object)
01-26 00:03:35.847 29613 29632 W Unity   : VRDungeonCrawler.AI.MonsterAI:FixedUpdate()
01-26 00:03:35.847 29613 29632 W Unity   : 
01-26 00:03:35.850 29613 29632 I Unity   : [AnimalAI] Rabbit new direction: (0.90, 0.00, -0.44)
01-26 00:03:35.850 29613 29632 I Unity   : UnityEngine.DebugLogHandler:Internal_Log(LogType, LogOption, String, Object)
01-26 00:03:35.850 29613 29632 I Unity   : VRDungeonCrawler.AI.AnimalAI:ChooseRandomDirection()
01-26 00:03:35.850 29613 29632 I Unity   : VRDungeonCrawler.AI.AnimalAI:HandleRabbitAction()
01-26 00:03:35.850 29613 29632 I Unity   : VRDungeonCrawler.AI.AnimalAI:Update()
01-26 00:03:35.850 29613 29632 I Unity   : 
01-26 00:03:35.850 29613 29632 I Unity   : [AnimalAI] Rabbit resuming hops
01-26 00:03:35.850 29613 29632 I Unity   : UnityEngine.DebugLogHandler:Internal_Log(LogType, LogOption, String, Object)
01-26 00:03:35.850 29613 29632 I Unity   : VRDungeonCrawler.AI.AnimalAI:Update()
01-26 00:03:35.850 29613 29632 I Unity   : 
01-26 00:03:35.851 29613 29632 I Unity   : [SpellCaster] UI detected: ReadyText on layer 5
01-26 00:03:35.851 29613 29632 I Unity   : UnityEngine.DebugLogHandler:Internal_Log(LogType, LogOption, String, Object)
01-26 00:03:35.851 29613 29632 I Unity   : VRDungeonCrawler.Spells.SpellCaster:Update()
01-26 00:03:35.851 29613 29632 I Unity   : 
01-26 00:03:35.851 29613 29653 E Unity   : Particle Velocity curves must all be in the same mode
01-26 00:03:35.851 29613 29653 E Unity   : Particle Velocity curves must all be in the same mode
01-26 00:03:35.851 29613 29653 E Unity   : Particle Velocity curves must all be in the same mode
01-26 00:03:35.852 29613 29653 E Unity   : Particle Velocity curves must all be in the same mode
01-26 00:03:35.852 29613 29653 E Unity   : Particle Velocity curves must all be in the same mode
01-26 00:03:35.852 29613 29653 E Unity   : Particle Velocity curves must all be in the same mode
01-26 00:03:35.862 29613 29632 I Unity   : [PortalMenu] Menu positioned at (0.10, 1.50, 2.60), player at (-0.01, 1.50, -0.04)
01-26 00:03:35.862 29613 29632 I Unity   : UnityEngine.DebugLogHandler:Internal_Log(LogType, LogOption, String, Object)
01-26 00:03:35.862 29613 29632 I Unity   : VRDungeonCrawler.Environment.PortalMenu:PositionMenuRelativeToPlayer()
01-26 00:03:35.862 29613 29632 I Unity   : VRDungeonCrawler.Environment.PortalMenu:Update()
01-26 00:03:35.862 29613 29632 I Unity   : 
01-26 00:03:35.862 29613 29632 I Unity   : [PortalMenu] Distance to player: 5.26m, shouldBeActive: True, isMenuActive: True
01-26 00:03:35.862 29613 29632 I Unity   : UnityEngine.DebugLogHandler:Internal_Log(LogType, LogOption, String, Object)
01-26 00:03:35.862 29613 29632 I Unity   : VRDungeonCrawler.Environment.PortalMenu:Update()
01-26 00:03:35.862 29613 29632 I Unity   : 
01-26 00:03:35.863 29613 29632 I Unity   : [MonsterAI] Skeleton distance to player: 11.09m (aggroRange=2m, isAggro=False)
01-26 00:03:35.863 29613 29632 I Unity   : UnityEngine.DebugLogHandler:Internal_Log(LogType, LogOption, String, Object)
01-26 00:03:35.863 29613 29632 I Unity   : VRDungeonCrawler.AI.MonsterAI:Update()
01-26 00:03:35.863 29613 29632 I Unity   : 
01-26 00:03:35.863 29613 29632 I Unity   : [SpellCaster] UI detected: ReadyText on layer 5
01-26 00:03:35.863 29613 29632 I Unity   : UnityEngine.DebugLogHandler:Internal_Log(LogType, LogOption, String, Object)
01-26 00:03:35.863 29613 29632 I Unity   : VRDungeonCrawler.Spells.SpellCaster:Update()
01-26 00:03:35.863 29613 29632 I Unity   : 
01-26 00:03:35.863 29613 29632 W Unity   : [HandPoseController] Could not find LEFT controller device
01-26 00:03:35.863 29613 29632 W Unity   : UnityEngine.DebugLogHandler:Internal_Log(LogType, LogOption, String, Object)
01-26 00:03:35.863 29613 29632 W Unity   : 
01-26 00:03:35.864 29613 29653 E Unity   : Particle Velocity curves must all be in the same mode
01-26 00:03:35.864 29613 29653 E Unity   : Particle Velocity curves must all be in the same mode
01-26 00:03:35.864 29613 29653 E Unity   : Particle Velocity curves must all be in the same mode
01-26 00:03:35.875 29613 29632 W Unity   : [MonsterAI] Skeleton has high velocity 4.57, resetting to walk speed
01-26 00:03:35.875 29613 29632 W Unity   : UnityEngine.DebugLogHandler:Internal_Log(LogType, LogOption, String, Object)
01-26 00:03:35.875 29613 29632 W Unity   : VRDungeonCrawler.AI.MonsterAI:FixedUpdate()
01-26 00:03:35.875 29613 29632 W Unity   : 
01-26 00:03:35.878 29613 29632 I Unity   : [SpellCaster] UI detected: ReadyText on layer 5
01-26 00:03:35.878 29613 29632 I Unity   : UnityEngine.DebugLogHandler:Internal_Log(LogType, LogOption, String, Object)
01-26 00:03:35.878 29613 29632 I Unity   : VRDungeonCrawler.Spells.SpellCaster:Update()
01-26 00:03:35.878 29613 29632 I Unity   : 
01-26 00:03:35.879 29613 29653 E Unity   : Particle Velocity curves must all be in the same mode
01-26 00:03:35.879 29613 29653 E Unity   : Particle Velocity curves must all be in the same mode
01-26 00:03:35.879 29613 29653 E Unity   : Particle Velocity curves must all be in the same mode
01-26 00:03:35.879 29613 29653 E Unity   : Particle Velocity curves must all be in the same mode
01-26 00:03:35.879 29613 29653 E Unity   : Particle Velocity curves must all be in the same mode
01-26 00:03:35.889 29613 29632 W Unity   : [MonsterAI] Skeleton has high velocity 4.59, resetting to walk speed
01-26 00:03:35.889 29613 29632 W Unity   : UnityEngine.DebugLogHandler:Internal_Log(LogType, LogOption, String, Object)
01-26 00:03:35.889 29613 29632 W Unity   : VRDungeonCrawler.AI.MonsterAI:FixedUpdate()
01-26 00:03:35.889 29613 29632 W Unity   : 
01-26 00:03:35.892 29613 29632 I Unity   : [SpellCaster] UI detected: ReadyText on layer 5
01-26 00:03:35.892 29613 29632 I Unity   : UnityEngine.DebugLogHandler:Internal_Log(LogType, LogOption, String, Object)
01-26 00:03:35.892 29613 29632 I Unity   : VRDungeonCrawler.Spells.SpellCaster:Update()
01-26 00:03:35.892 29613 29632 I Unity   : 
01-26 00:03:35.893 29613 29653 E Unity   : Particle Velocity curves must all be in the same mode
01-26 00:03:35.893 29613 29653 E Unity   : Particle Velocity curves must all be in the same mode
01-26 00:03:35.893 29613 29653 E Unity   : Particle Velocity curves must all be in the same mode
01-26 00:03:35.904 29613 29632 I Unity   : [SpellCaster] UI detected: ReadyText on layer 5
01-26 00:03:35.904 29613 29632 I Unity   : UnityEngine.DebugLogHandler:Internal_Log(LogType, LogOption, String, Object)
01-26 00:03:35.904 29613 29632 I Unity   : VRDungeonCrawler.Spells.SpellCaster:Update()
01-26 00:03:35.904 29613 29632 I Unity   : 
01-26 00:03:35.904 29613 29653 E Unity   : Particle Velocity curves must all be in the same mode
01-26 00:03:35.905 29613 29653 E Unity   : Particle Velocity curves must all be in the same mode
01-26 00:03:35.905 29613 29653 E Unity   : Particle Velocity curves must all be in the same mode
01-26 00:03:35.905 29613 29653 E Unity   : Particle Velocity curves must all be in the same mode
01-26 00:03:35.917 29613 29632 W Unity   : [MonsterAI] Skeleton has high velocity 4.60, resetting to walk speed
01-26 00:03:35.917 29613 29632 W Unity   : UnityEngine.DebugLogHandler:Internal_Log(LogType, LogOption, String, Object)
01-26 00:03:35.917 29613 29632 W Unity   : VRDungeonCrawler.AI.MonsterAI:FixedUpdate()
01-26 00:03:35.917 29613 29632 W Unity   : 
01-26 00:03:35.920 29613 29632 I Unity   : [SpellCaster] UI detected: ReadyText on layer 5
01-26 00:03:35.920 29613 29632 I Unity   : UnityEngine.DebugLogHandler:Internal_Log(LogType, LogOption, String, Object)
01-26 00:03:35.920 29613 29632 I Unity   : VRDungeonCrawler.Spells.SpellCaster:Update()
01-26 00:03:35.920 29613 29632 I Unity   : 
01-26 00:03:35.920 29613 29653 E Unity   : Particle Velocity curves must all be in the same mode
01-26 00:03:35.920 29613 29653 E Unity   : Particle Velocity curves must all be in the same mode
01-26 00:03:35.920 29613 29653 E Unity   : Particle Velocity curves must all be in the same mode
01-26 00:03:35.920 29613 29653 E Unity   : Particle Velocity curves must all be in the same mode
01-26 00:03:35.920 29613 29653 E Unity   : Particle Velocity curves must all be in the same mode
01-26 00:03:35.921 29613 29653 E Unity   : Particle Velocity curves must all be in the same mode
01-26 00:03:35.931 29613 29632 W Unity   : [MonsterAI] Skeleton has high velocity 4.61, resetting to walk speed
01-26 00:03:35.931 29613 29632 W Unity   : UnityEngine.DebugLogHandler:Internal_Log(LogType, LogOption, String, Object)
01-26 00:03:35.931 29613 29632 W Unity   : VRDungeonCrawler.AI.MonsterAI:FixedUpdate()
01-26 00:03:35.931 29613 29632 W Unity   : 
01-26 00:03:35.934 29613 29632 I Unity   : [SpellCaster] UI detected: ReadyText on layer 5
01-26 00:03:35.934 29613 29632 I Unity   : UnityEngine.DebugLogHandler:Internal_Log(LogType, LogOption, String, Object)
01-26 00:03:35.934 29613 29632 I Unity   : VRDungeonCrawler.Spells.SpellCaster:Update()
01-26 00:03:35.934 29613 29632 I Unity   : 
01-26 00:03:35.934 29613 29653 E Unity   : Particle Velocity curves must all be in the same mode
01-26 00:03:35.934 29613 29653 E Unity   : Particle Velocity curves must all be in the same mode
01-26 00:03:35.934 29613 29653 E Unity   : Particle Velocity curves must all be in the same mode
01-26 00:03:35.945 29613 29632 I Unity   : [SpellCaster] UI detected: ReadyText on layer 5
01-26 00:03:35.945 29613 29632 I Unity   : UnityEngine.DebugLogHandler:Internal_Log(LogType, LogOption, String, Object)
01-26 00:03:35.945 29613 29632 I Unity   : VRDungeonCrawler.Spells.SpellCaster:Update()
01-26 00:03:35.945 29613 29632 I Unity   : 
01-26 00:03:35.946 29613 29653 E Unity   : Particle Velocity curves must all be in the same mode
01-26 00:03:35.946 29613 29653 E Unity   : Particle Velocity curves must all be in the same mode
01-26 00:03:35.946 29613 29653 E Unity   : Particle Velocity curves must all be in the same mode
01-26 00:03:35.946 29613 29653 E Unity   : Particle Velocity curves must all be in the same mode
01-26 00:03:35.946 29613 29653 E Unity   : Particle Velocity curves must all be in the same mode
01-26 00:03:35.959 29613 29632 W Unity   : [MonsterAI] Skeleton has high velocity 4.62, resetting to walk speed
01-26 00:03:35.959 29613 29632 W Unity   : UnityEngine.DebugLogHandler:Internal_Log(LogType, LogOption, String, Object)
01-26 00:03:35.959 29613 29632 W Unity   : VRDungeonCrawler.AI.MonsterAI:FixedUpdate()
01-26 00:03:35.959 29613 29632 W Unity   : 
01-26 00:03:35.962 29613 29632 I Unity   : [SpellCaster] UI detected: ReadyText on layer 5
01-26 00:03:35.962 29613 29632 I Unity   : UnityEngine.DebugLogHandler:Internal_Log(LogType, LogOption, String, Object)
01-26 00:03:35.962 29613 29632 I Unity   : VRDungeonCrawler.Spells.SpellCaster:Update()
01-26 00:03:35.962 29613 29632 I Unity   : 
01-26 00:03:35.962 29613 29653 E Unity   : Particle Velocity curves must all be in the same mode
01-26 00:03:35.962 29613 29653 E Unity   : Particle Velocity curves must all be in the same mode
01-26 00:03:35.962 29613 29653 E Unity   : Particle Velocity curves must all be in the same mode
01-26 00:03:35.972 29613 29632 W Unity   : [MonsterAI] Skeleton has high velocity 4.62, resetting to walk speed
01-26 00:03:35.972 29613 29632 W Unity   : UnityEngine.DebugLogHandler:Internal_Log(LogType, LogOption, String, Object)
01-26 00:03:35.972 29613 29632 W Unity   : VRDungeonCrawler.AI.MonsterAI:FixedUpdate()
01-26 00:03:35.972 29613 29632 W Unity   : 
01-26 00:03:35.975 29613 29632 E Unity   : [XRRuntimeConfigurator] *** FORCING CONFIGURATION AT FRAME 100 ***
01-26 00:03:35.975 29613 29632 E Unity   : UnityEngine.DebugLogHandler:Internal_Log(LogType, LogOption, String, Object)
01-26 00:03:35.975 29613 29632 E Unity   : VRDungeonCrawler.VR.XRRuntimeConfigurator:Update()
01-26 00:03:35.975 29613 29632 E Unity   : 
01-26 00:03:35.975 29613 29632 E Unity   : ========================================
01-26 00:03:35.975 29613 29632 E Unity   : UnityEngine.DebugLogHandler:Internal_Log(LogType, LogOption, String, Object)
01-26 00:03:35.975 29613 29632 E Unity   : VRDungeonCrawler.VR.XRRuntimeConfigurator:ConfigureXRDirect()
01-26 00:03:35.975 29613 29632 E Unity   : VRDungeonCrawler.VR.XRRuntimeConfigurator:Update()
01-26 00:03:35.975 29613 29632 E Unity   : 
01-26 00:03:35.975 29613 29632 E Unity   : [XRRuntimeConfigurator] STARTING XR CONFIGURATION!
01-26 00:03:35.975 29613 29632 E Unity   : UnityEngine.DebugLogHandler:Internal_Log(LogType, LogOption, String, Object)
01-26 00:03:35.975 29613 29632 E Unity   : VRDungeonCrawler.VR.XRRuntimeConfigurator:ConfigureXRDirect()
01-26 00:03:35.975 29613 29632 E Unity   : VRDungeonCrawler.VR.XRRuntimeConfigurator:Update()
01-26 00:03:35.975 29613 29632 E Unity   : 
01-26 00:03:35.975 29613 29632 E Unity   : ========================================
01-26 00:03:35.975 29613 29632 E Unity   : UnityEngine.DebugLogHandler:Internal_Log(LogType, LogOption, String, Object)
01-26 00:03:35.975 29613 29632 E Unity   : VRDungeonCrawler.VR.XRRuntimeConfigurator:ConfigureXRDirect()
01-26 00:03:35.975 29613 29632 E Unity   : VRDungeonCrawler.VR.XRRuntimeConfigurator:Update()
01-26 00:03:35.975 29613 29632 E Unity   : 
01-26 00:03:35.976 29613 29632 E Unity   : [XRRuntimeConfigurator] Found XROrigin: XR Origin (XR Rig)
01-26 00:03:35.976 29613 29632 E Unity   : UnityEngine.DebugLogHandler:Internal_Log(LogType, LogOption, String, Object)
01-26 00:03:35.976 29613 29632 E Unity   : VRDungeonCrawler.VR.XRRuntimeConfigurator:ConfigureXRDirect()
01-26 00:03:35.976 29613 29632 E Unity   : VRDungeonCrawler.VR.XRRuntimeConfigurator:Update()
01-26 00:03:35.976 29613 29632 E Unity   : 
01-26 00:03:35.976 29613 29632 E Unity   : [XRRuntimeConfigurator] BEFORE: moveSpeed = 20
01-26 00:03:35.976 29613 29632 E Unity   : UnityEngine.DebugLogHandler:Internal_Log(LogType, LogOption, String, Object)
01-26 00:03:35.976 29613 29632 E Unity   : VRDungeonCrawler.VR.XRRuntimeConfigurator:ConfigureXRDirect()
01-26 00:03:35.976 29613 29632 E Unity   : VRDungeonCrawler.VR.XRRuntimeConfigurator:Update()
01-26 00:03:35.976 29613 29632 E Unity   : 
01-26 00:03:35.976 29613 29632 E Unity   : [XRRuntimeConfigurator] AFTER: moveSpeed = 20
01-26 00:03:35.976 29613 29632 E Unity   : UnityEngine.DebugLogHandler:Internal_Log(LogType, LogOption, String, Object)
01-26 00:03:35.976 29613 29632 E Unity   : VRDungeonCrawler.VR.XRRuntimeConfigurator:ConfigureXRDirect()
01-26 00:03:35.976 29613 29632 E Unity   : VRDungeonCrawler.VR.XRRuntimeConfigurator:Update()
01-26 00:03:35.976 29613 29632 E Unity   : 
01-26 00:03:35.976 29613 29632 E Unity   : [XRRuntimeConfigurator] Target was: 20
01-26 00:03:35.976 29613 29632 E Unity   : UnityEngine.DebugLogHandler:Internal_Log(LogType, LogOption, String, Object)
01-26 00:03:35.976 29613 29632 E Unity   : VRDungeonCrawler.VR.XRRuntimeConfigurator:ConfigureXRDirect()
01-26 00:03:35.976 29613 29632 E Unity   : VRDungeonCrawler.VR.XRRuntimeConfigurator:Update()
01-26 00:03:35.976 29613 29632 E Unity   : 
01-26 00:03:35.977 29613 29632 E Unity   : [XRRuntimeConfigurator] Configuring input actions...
01-26 00:03:35.977 29613 29632 E Unity   : UnityEngine.DebugLogHandler:Internal_Log(LogType, LogOption, String, Object)
01-26 00:03:35.977 29613 29632 E Unity   : VRDungeonCrawler.VR.XRRuntimeConfigurator:ConfigureXRDirect()
01-26 00:03:35.977 29613 29632 E Unity   : VRDungeonCrawler.VR.XRRuntimeConfigurator:Update()
01-26 00:03:35.977 29613 29632 E Unity   : 
01-26 00:03:35.977 29613 29632 E Unity   : [XRRuntimeConfigurator] RIGHT Locomotion action map not found!
01-26 00:03:35.977 29613 29632 E Unity   : UnityEngine.DebugLogHandler:Internal_Log(LogType, LogOption, String, Object)
01-26 00:03:35.977 29613 29632 E Unity   : VRDungeonCrawler.VR.XRRuntimeConfigurator:ConfigureXRDirect()
01-26 00:03:35.977 29613 29632 E Unity   : VRDungeonCrawler.VR.XRRuntimeConfigurator:Update()
01-26 00:03:35.977 29613 29632 E Unity   : 
01-26 00:03:35.977 29613 29632 E Unity   : [XRRuntimeConfigurator] LEFT Locomotion action map not found!
01-26 00:03:35.977 29613 29632 E Unity   : UnityEngine.DebugLogHandler:Internal_Log(LogType, LogOption, String, Object)
01-26 00:03:35.977 29613 29632 E Unity   : VRDungeonCrawler.VR.XRRuntimeConfigurator:ConfigureXRDirect()
01-26 00:03:35.977 29613 29632 E Unity   : VRDungeonCrawler.VR.XRRuntimeConfigurator:Update()
01-26 00:03:35.977 29613 29632 E Unity   : 
01-26 00:03:35.977 29613 29632 E Unity   : [XRRuntimeConfigurator] Found TrackedPoseDriver, configuring...
01-26 00:03:35.977 29613 29632 E Unity   : UnityEngine.DebugLogHandler:Internal_Log(LogType, LogOption, String, Object)
01-26 00:03:35.977 29613 29632 E Unity   : VRDungeonCrawler.VR.XRRuntimeConfigurator:ConfigureXRDirect()
01-26 00:03:35.977 29613 29632 E Unity   : VRDungeonCrawler.VR.XRRuntimeConfigurator:Update()
01-26 00:03:35.977 29613 29632 E Unity   : 
01-26 00:03:35.977 29613 29632 E Unity   : [XRRuntimeConfigurator] Enabling head tracking actions...
01-26 00:03:35.977 29613 29632 E Unity   : UnityEngine.DebugLogHandler:Internal_Log(LogType, LogOption, String, Object)
01-26 00:03:35.977 29613 29632 E Unity   : VRDungeonCrawler.VR.XRRuntimeConfigurator:ConfigureXRDirect()
01-26 00:03:35.977 29613 29632 E Unity   : VRDungeonCrawler.VR.XRRuntimeConfigurator:Update()
01-26 00:03:35.977 29613 29632 E Unity   : 
01-26 00:03:35.978 29613 29632 E Unity   : [XRRuntimeConfigurator] Head tracking actions ENABLED!
01-26 00:03:35.978 29613 29632 E Unity   : UnityEngine.DebugLogHandler:Internal_Log(LogType, LogOption, String, Object)
01-26 00:03:35.978 29613 29632 E Unity   : VRDungeonCrawler.VR.XRRuntimeConfigurator:ConfigureXRDirect()
01-26 00:03:35.978 29613 29632 E Unity   : VRDungeonCrawler.VR.XRRuntimeConfigurator:Update()
01-26 00:03:35.978 29613 29632 E Unity   : 
01-26 00:03:35.978 29613 29632 E Unity   : [XRRuntimeConfigurator] Found SnapTurnProvider, configuring...
01-26 00:03:35.978 29613 29632 E Unity   : UnityEngine.DebugLogHandler:Internal_Log(LogType, LogOption, String, Object)
01-26 00:03:35.978 29613 29632 E Unity   : VRDungeonCrawler.VR.XRRuntimeConfigurator:ConfigureXRDirect()
01-26 00:03:35.978 29613 29632 E Unity   : VRDungeonCrawler.VR.XRRuntimeConfigurator:Update()
01-26 00:03:35.978 29613 29632 E Unity   : 
01-26 00:03:35.978 29613 29632 E Unity   : ========================================
01-26 00:03:35.978 29613 29632 E Unity   : UnityEngine.DebugLogHandler:Internal_Log(LogType, LogOption, String, Object)
01-26 00:03:35.978 29613 29632 E Unity   : VRDungeonCrawler.VR.XRRuntimeConfigurator:ConfigureXRDirect()
01-26 00:03:35.978 29613 29632 E Unity   : VRDungeonCrawler.VR.XRRuntimeConfigurator:Update()
01-26 00:03:35.978 29613 29632 E Unity   : 
01-26 00:03:35.978 29613 29632 E Unity   : [XRRuntimeConfigurator] CONFIGURATION COMPLETE!
01-26 00:03:35.978 29613 29632 E Unity   : UnityEngine.DebugLogHandler:Internal_Log(LogType, LogOption, String, Object)
01-26 00:03:35.978 29613 29632 E Unity   : VRDungeonCrawler.VR.XRRuntimeConfigurator:ConfigureXRDirect()
01-26 00:03:35.978 29613 29632 E Unity   : VRDungeonCrawler.VR.XRRuntimeConfigurator:Update()
01-26 00:03:35.978 29613 29632 E Unity   : 
01-26 00:03:35.979 29613 29632 E Unity   : ========================================
01-26 00:03:35.979 29613 29632 E Unity   : UnityEngine.DebugLogHandler:Internal_Log(LogType, LogOption, String, Object)
01-26 00:03:35.979 29613 29632 E Unity   : VRDungeonCrawler.VR.XRRuntimeConfigurator:ConfigureXRDirect()
01-26 00:03:35.979 29613 29632 E Unity   : VRDungeonCrawler.VR.XRRuntimeConfigurator:Update()
01-26 00:03:35.979 29613 29632 E Unity   : 
01-26 00:03:35.979 29613 29632 I Unity   : [SpellCaster] UI detected: ReadyText on layer 5
01-26 00:03:35.979 29613 29632 I Unity   : UnityEngine.DebugLogHandler:Internal_Log(LogType, LogOption, String, Object)
01-26 00:03:35.979 29613 29632 I Unity   : VRDungeonCrawler.Spells.SpellCaster:Update()
01-26 00:03:35.979 29613 29632 I Unity   : 
01-26 00:03:35.980 29613 29653 E Unity   : Particle Velocity curves must all be in the same mode
01-26 00:03:35.980 29613 29653 E Unity   : Particle Velocity curves must all be in the same mode
01-26 00:03:35.980 29613 29653 E Unity   : Particle Velocity curves must all be in the same mode
01-26 00:03:35.980 29613 29653 E Unity   : Particle Velocity curves must all be in the same mode
01-26 00:03:35.986 29613 29632 W Unity   : [MonsterAI] Skeleton has high velocity 4.63, resetting to walk speed
01-26 00:03:35.986 29613 29632 W Unity   : UnityEngine.DebugLogHandler:Internal_Log(LogType, LogOption, String, Object)
01-26 00:03:35.986 29613 29632 W Unity   : VRDungeonCrawler.AI.MonsterAI:FixedUpdate()
01-26 00:03:35.986 29613 29632 W Unity   : 
01-26 00:03:35.989 29613 29632 I Unity   : [AnimalAI] Rabbit new direction: (0.03, 0.00, 1.00)
01-26 00:03:35.989 29613 29632 I Unity   : UnityEngine.DebugLogHandler:Internal_Log(LogType, LogOption, String, Object)
01-26 00:03:35.989 29613 29632 I Unity   : VRDungeonCrawler.AI.AnimalAI:ChooseRandomDirection()
01-26 00:03:35.989 29613 29632 I Unity   : VRDungeonCrawler.AI.AnimalAI:HandleRabbitAction()
01-26 00:03:35.989 29613 29632 I Unity   : VRDungeonCrawler.AI.AnimalAI:Update()
01-26 00:03:35.989 29613 29632 I Unity   : 
01-26 00:03:35.989 29613 29632 I Unity   : [AnimalAI] Rabbit resuming hops
01-26 00:03:35.989 29613 29632 I Unity   : UnityEngine.DebugLogHandler:Internal_Log(LogType, LogOption, String, Object)
01-26 00:03:35.989 29613 29632 I Unity   : VRDungeonCrawler.AI.AnimalAI:Update()
01-26 00:03:35.989 29613 29632 I Unity   : 
01-26 00:03:35.989 29613 29632 I Unity   : [SpellCaster] UI detected: ReadyText on layer 5
01-26 00:03:35.989 29613 29632 I Unity   : UnityEngine.DebugLogHandler:Internal_Log(LogType, LogOption, String, Object)
01-26 00:03:35.989 29613 29632 I Unity   : VRDungeonCrawler.Spells.SpellCaster:Update()
01-26 00:03:35.989 29613 29632 I Unity   : 
01-26 00:03:35.990 29613 29653 E Unity   : Particle Velocity curves must all be in the same mode
01-26 00:03:35.990 29613 29653 E Unity   : Particle Velocity curves must all be in the same mode
01-26 00:03:35.990 29613 29653 E Unity   : Particle Velocity curves must all be in the same mode
01-26 00:03:35.990 29613 29653 E Unity   : Particle Velocity curves must all be in the same mode
01-26 00:03:35.990 29613 29653 E Unity   : Particle Velocity curves must all be in the same mode
01-26 00:03:36.001 29613 29632 I Unity   : [SpellCaster] UI detected: ReadyText on layer 5
01-26 00:03:36.001 29613 29632 I Unity   : UnityEngine.DebugLogHandler:Internal_Log(LogType, LogOption, String, Object)
01-26 00:03:36.001 29613 29632 I Unity   : VRDungeonCrawler.Spells.SpellCaster:Update()
01-26 00:03:36.001 29613 29632 I Unity   : 
01-26 00:03:36.001 29613 29653 E Unity   : Particle Velocity curves must all be in the same mode
01-26 00:03:36.001 29613 29653 E Unity   : Particle Velocity curves must all be in the same mode
01-26 00:03:36.001 29613 29653 E Unity   : Particle Velocity curves must all be in the same mode
01-26 00:03:36.002 29613 29653 E Unity   : Particle Velocity curves must all be in the same mode
01-26 00:03:36.014 29613 29632 W Unity   : [MonsterAI] Skeleton has high velocity 4.64, resetting to walk speed
01-26 00:03:36.014 29613 29632 W Unity   : UnityEngine.DebugLogHandler:Internal_Log(LogType, LogOption, String, Object)
01-26 00:03:36.014 29613 29632 W Unity   : VRDungeonCrawler.AI.MonsterAI:FixedUpdate()
01-26 00:03:36.014 29613 29632 W Unity   : 
01-26 00:03:36.017 29613 29632 I Unity   : [SpellCaster] UI detected: ReadyText on layer 5
01-26 00:03:36.017 29613 29632 I Unity   : UnityEngine.DebugLogHandler:Internal_Log(LogType, LogOption, String, Object)
01-26 00:03:36.017 29613 29632 I Unity   : VRDungeonCrawler.Spells.SpellCaster:Update()
01-26 00:03:36.017 29613 29632 I Unity   : 
01-26 00:03:36.017 29613 29653 E Unity   : Particle Velocity curves must all be in the same mode
01-26 00:03:36.017 29613 29653 E Unity   : Particle Velocity curves must all be in the same mode
01-26 00:03:36.017 29613 29653 E Unity   : Particle Velocity curves must all be in the same mode
01-26 00:03:36.018 29613 29653 E Unity   : Particle Velocity curves must all be in the same mode
01-26 00:03:36.028 29613 29632 W Unity   : [MonsterAI] Skeleton has high velocity 4.65, resetting to walk speed
01-26 00:03:36.028 29613 29632 W Unity   : UnityEngine.DebugLogHandler:Internal_Log(LogType, LogOption, String, Object)
01-26 00:03:36.028 29613 29632 W Unity   : VRDungeonCrawler.AI.MonsterAI:FixedUpdate()
01-26 00:03:36.028 29613 29632 W Unity   : 
01-26 00:03:36.030 29613 29632 I Unity   : [SpellCaster] UI detected: ReadyText on layer 5
01-26 00:03:36.030 29613 29632 I Unity   : UnityEngine.DebugLogHandler:Internal_Log(LogType, LogOption, String, Object)
01-26 00:03:36.030 29613 29632 I Unity   : VRDungeonCrawler.Spells.SpellCaster:Update()
01-26 00:03:36.030 29613 29632 I Unity   : 
01-26 00:03:36.031 29613 29653 E Unity   : Particle Velocity curves must all be in the same mode
01-26 00:03:36.031 29613 29653 E Unity   : Particle Velocity curves must all be in the same mode
01-26 00:03:36.031 29613 29653 E Unity   : Particle Velocity curves must all be in the same mode
01-26 00:03:36.031 29613 29653 E Unity   : Particle Velocity curves must all be in the same mode
01-26 00:03:36.042 29613 29632 I Unity   : [SpellCaster] UI detected: ReadyText on layer 5
01-26 00:03:36.042 29613 29632 I Unity   : UnityEngine.DebugLogHandler:Internal_Log(LogType, LogOption, String, Object)
01-26 00:03:36.042 29613 29632 I Unity   : VRDungeonCrawler.Spells.SpellCaster:Update()
01-26 00:03:36.042 29613 29632 I Unity   : 
01-26 00:03:36.043 29613 29653 E Unity   : Particle Velocity curves must all be in the same mode
01-26 00:03:36.043 29613 29653 E Unity   : Particle Velocity curves must all be in the same mode
01-26 00:03:36.043 29613 29653 E Unity   : Particle Velocity curves must all be in the same mode
01-26 00:03:36.044 29613 29653 E Unity   : Particle Velocity curves must all be in the same mode
01-26 00:03:36.044 29613 29653 E Unity   : Particle Velocity curves must all be in the same mode
01-26 00:03:36.044 29613 29653 E Unity   : Particle Velocity curves must all be in the same mode
01-26 00:03:36.056 29613 29632 W Unity   : [MonsterAI] Skeleton has high velocity 4.66, resetting to walk speed
01-26 00:03:36.056 29613 29632 W Unity   : UnityEngine.DebugLogHandler:Internal_Log(LogType, LogOption, String, Object)
01-26 00:03:36.056 29613 29632 W Unity   : VRDungeonCrawler.AI.MonsterAI:FixedUpdate()
01-26 00:03:36.056 29613 29632 W Unity   : 
01-26 00:03:36.059 29613 29632 I Unity   : [SpellCaster] UI detected: ReadyText on layer 5
01-26 00:03:36.059 29613 29632 I Unity   : UnityEngine.DebugLogHandler:Internal_Log(LogType, LogOption, String, Object)
01-26 00:03:36.059 29613 29632 I Unity   : VRDungeonCrawler.Spells.SpellCaster:Update()
01-26 00:03:36.059 29613 29632 I Unity   : 
01-26 00:03:36.059 29613 29653 E Unity   : Particle Velocity curves must all be in the same mode
01-26 00:03:36.060 29613 29653 E Unity   : Particle Velocity curves must all be in the same mode
01-26 00:03:36.060 29613 29653 E Unity   : Particle Velocity curves must all be in the same mode
01-26 00:03:36.070 29613 29632 W Unity   : [MonsterAI] Skeleton has high velocity 4.67, resetting to walk speed
01-26 00:03:36.070 29613 29632 W Unity   : UnityEngine.DebugLogHandler:Internal_Log(LogType, LogOption, String, Object)
01-26 00:03:36.070 29613 29632 W Unity   : VRDungeonCrawler.AI.MonsterAI:FixedUpdate()
01-26 00:03:36.070 29613 29632 W Unity   : 
01-26 00:03:36.072 29613 29632 I Unity   : [SpellCaster] UI detected: ReadyText on layer 5
01-26 00:03:36.072 29613 29632 I Unity   : UnityEngine.DebugLogHandler:Internal_Log(LogType, LogOption, String, Object)
01-26 00:03:36.072 29613 29632 I Unity   : VRDungeonCrawler.Spells.SpellCaster:Update()
01-26 00:03:36.072 29613 29632 I Unity   : 
01-26 00:03:36.072 29613 29653 E Unity   : Particle Velocity curves must all be in the same mode
01-26 00:03:36.072 29613 29653 E Unity   : Particle Velocity curves must all be in the same mode
01-26 00:03:36.072 29613 29653 E Unity   : Particle Velocity curves must all be in the same mode
01-26 00:03:36.073 29613 29653 E Unity   : Particle Velocity curves must all be in the same mode
01-26 00:03:36.084 29613 29632 I Unity   : [SpellCaster] UI detected: ReadyText on layer 5
01-26 00:03:36.084 29613 29632 I Unity   : UnityEngine.DebugLogHandler:Internal_Log(LogType, LogOption, String, Object)
01-26 00:03:36.084 29613 29632 I Unity   : VRDungeonCrawler.Spells.SpellCaster:Update()
01-26 00:03:36.084 29613 29632 I Unity   : 
01-26 00:03:36.085 29613 29653 E Unity   : Particle Velocity curves must all be in the same mode
01-26 00:03:36.085 29613 29653 E Unity   : Particle Velocity curves must all be in the same mode
01-26 00:03:36.085 29613 29653 E Unity   : Particle Velocity curves must all be in the same mode
01-26 00:03:36.085 29613 29653 E Unity   : Particle Velocity curves must all be in the same mode
01-26 00:03:36.097 29613 29632 W Unity   : [MonsterAI] Skeleton has high velocity 4.67, resetting to walk speed
01-26 00:03:36.097 29613 29632 W Unity   : UnityEngine.DebugLogHandler:Internal_Log(LogType, LogOption, String, Object)
01-26 00:03:36.097 29613 29632 W Unity   : VRDungeonCrawler.AI.MonsterAI:FixedUpdate()
01-26 00:03:36.097 29613 29632 W Unity   : 
01-26 00:03:36.100 29613 29632 I Unity   : [SpellCaster] UI detected: ReadyText on layer 5
01-26 00:03:36.100 29613 29632 I Unity   : UnityEngine.DebugLogHandler:Internal_Log(LogType, LogOption, String, Object)
01-26 00:03:36.100 29613 29632 I Unity   : VRDungeonCrawler.Spells.SpellCaster:Update()
01-26 00:03:36.100 29613 29632 I Unity   : 
01-26 00:03:36.100 29613 29653 E Unity   : Particle Velocity curves must all be in the same mode
01-26 00:03:36.100 29613 29653 E Unity   : Particle Velocity curves must all be in the same mode
01-26 00:03:36.100 29613 29653 E Unity   : Particle Velocity curves must all be in the same mode
01-26 00:03:36.100 29613 29653 E Unity   : Particle Velocity curves must all be in the same mode
01-26 00:03:36.111 29613 29632 W Unity   : [MonsterAI] Skeleton has high velocity 4.68, resetting to walk speed
01-26 00:03:36.111 29613 29632 W Unity   : UnityEngine.DebugLogHandler:Internal_Log(LogType, LogOption, String, Object)
01-26 00:03:36.111 29613 29632 W Unity   : VRDungeonCrawler.AI.MonsterAI:FixedUpdate()
01-26 00:03:36.111 29613 29632 W Unity   : 
01-26 00:03:36.114 29613 29632 I Unity   : [SpellCaster] UI detected: ReadyText on layer 5
01-26 00:03:36.114 29613 29632 I Unity   : UnityEngine.DebugLogHandler:Internal_Log(LogType, LogOption, String, Object)
01-26 00:03:36.114 29613 29632 I Unity   : VRDungeonCrawler.Spells.SpellCaster:Update()
01-26 00:03:36.114 29613 29632 I Unity   : 
01-26 00:03:36.114 29613 29653 E Unity   : Particle Velocity curves must all be in the same mode
01-26 00:03:36.114 29613 29653 E Unity   : Particle Velocity curves must all be in the same mode
01-26 00:03:36.114 29613 29653 E Unity   : Particle Velocity curves must all be in the same mode
01-26 00:03:36.114 29613 29653 E Unity   : Particle Velocity curves must all be in the same mode
01-26 00:03:36.115 29613 29653 E Unity   : Particle Velocity curves must all be in the same mode
01-26 00:03:36.126 29613 29632 I Unity   : [SpellCaster] UI detected: ReadyText on layer 5
01-26 00:03:36.126 29613 29632 I Unity   : UnityEngine.DebugLogHandler:Internal_Log(LogType, LogOption, String, Object)
01-26 00:03:36.126 29613 29632 I Unity   : VRDungeonCrawler.Spells.SpellCaster:Update()
01-26 00:03:36.126 29613 29632 I Unity   : 
01-26 00:03:36.126 29613 29653 E Unity   : Particle Velocity curves must all be in the same mode
01-26 00:03:36.126 29613 29653 E Unity   : Particle Velocity curves must all be in the same mode
01-26 00:03:36.126 29613 29653 E Unity   : Particle Velocity curves must all be in the same mode
01-26 00:03:36.126 29613 29653 E Unity   : Particle Velocity curves must all be in the same mode
01-26 00:03:36.139 29613 29632 W Unity   : [MonsterAI] Skeleton has high velocity 4.69, resetting to walk speed
01-26 00:03:36.139 29613 29632 W Unity   : UnityEngine.DebugLogHandler:Internal_Log(LogType, LogOption, String, Object)
01-26 00:03:36.139 29613 29632 W Unity   : VRDungeonCrawler.AI.MonsterAI:FixedUpdate()
01-26 00:03:36.139 29613 29632 W Unity   : 
01-26 00:03:36.141 29613 29632 I Unity   : [SpellCaster] UI detected: ReadyText on layer 5
01-26 00:03:36.141 29613 29632 I Unity   : UnityEngine.DebugLogHandler:Internal_Log(LogType, LogOption, String, Object)
01-26 00:03:36.141 29613 29632 I Unity   : VRDungeonCrawler.Spells.SpellCaster:Update()
01-26 00:03:36.141 29613 29632 I Unity   : 
01-26 00:03:36.142 29613 29653 E Unity   : Particle Velocity curves must all be in the same mode
01-26 00:03:36.142 29613 29653 E Unity   : Particle Velocity curves must all be in the same mode
01-26 00:03:36.142 29613 29653 E Unity   : Particle Velocity curves must all be in the same mode
01-26 00:03:36.153 29613 29632 W Unity   : [MonsterAI] Skeleton has high velocity 4.69, resetting to walk speed
01-26 00:03:36.153 29613 29632 W Unity   : UnityEngine.DebugLogHandler:Internal_Log(LogType, LogOption, String, Object)
01-26 00:03:36.153 29613 29632 W Unity   : VRDungeonCrawler.AI.MonsterAI:FixedUpdate()
01-26 00:03:36.153 29613 29632 W Unity   : 
01-26 00:03:36.156 29613 29632 I Unity   : [AnimalAI] Rabbit new direction: (0.98, 0.00, 0.18)
01-26 00:03:36.156 29613 29632 I Unity   : UnityEngine.DebugLogHandler:Internal_Log(LogType, LogOption, String, Object)
01-26 00:03:36.156 29613 29632 I Unity   : VRDungeonCrawler.AI.AnimalAI:ChooseRandomDirection()
01-26 00:03:36.156 29613 29632 I Unity   : VRDungeonCrawler.AI.AnimalAI:HandleRabbitAction()
01-26 00:03:36.156 29613 29632 I Unity   : VRDungeonCrawler.AI.AnimalAI:Update()
01-26 00:03:36.156 29613 29632 I Unity   : 
01-26 00:03:36.156 29613 29632 I Unity   : [AnimalAI] Rabbit resuming hops
01-26 00:03:36.156 29613 29632 I Unity   : UnityEngine.DebugLogHandler:Internal_Log(LogType, LogOption, String, Object)
01-26 00:03:36.156 29613 29632 I Unity   : VRDungeonCrawler.AI.AnimalAI:Update()
01-26 00:03:36.156 29613 29632 I Unity   : 
01-26 00:03:36.157 29613 29632 I Unity   : [SpellCaster] UI detected: ReadyText on layer 5
01-26 00:03:36.157 29613 29632 I Unity   : UnityEngine.DebugLogHandler:Internal_Log(LogType, LogOption, String, Object)
01-26 00:03:36.157 29613 29632 I Unity   : VRDungeonCrawler.Spells.SpellCaster:Update()
01-26 00:03:36.157 29613 29632 I Unity   : 
01-26 00:03:36.157 29613 29653 E Unity   : Particle Velocity curves must all be in the same mode
01-26 00:03:36.157 29613 29653 E Unity   : Particle Velocity curves must all be in the same mode
01-26 00:03:36.158 29613 29653 E Unity   : Particle Velocity curves must all be in the same mode
01-26 00:03:36.158 29613 29653 E Unity   : Particle Velocity curves must all be in the same mode
01-26 00:03:36.158 29613 29653 E Unity   : Particle Velocity curves must all be in the same mode
01-26 00:03:36.167 29613 29632 W Unity   : [MonsterAI] Skeleton has high velocity 4.70, resetting to walk speed
01-26 00:03:36.167 29613 29632 W Unity   : UnityEngine.DebugLogHandler:Internal_Log(LogType, LogOption, String, Object)
01-26 00:03:36.167 29613 29632 W Unity   : VRDungeonCrawler.AI.MonsterAI:FixedUpdate()
01-26 00:03:36.167 29613 29632 W Unity   : 
01-26 00:03:36.170 29613 29632 I Unity   : [SpellCaster] UI detected: ReadyText on layer 5
01-26 00:03:36.170 29613 29632 I Unity   : UnityEngine.DebugLogHandler:Internal_Log(LogType, LogOption, String, Object)
01-26 00:03:36.170 29613 29632 I Unity   : VRDungeonCrawler.Spells.SpellCaster:Update()
01-26 00:03:36.170 29613 29632 I Unity   : 
01-26 00:03:36.170 29613 29653 E Unity   : Particle Velocity curves must all be in the same mode
01-26 00:03:36.170 29613 29653 E Unity   : Particle Velocity curves must all be in the same mode
01-26 00:03:36.171 29613 29653 E Unity   : Particle Velocity curves must all be in the same mode
01-26 00:03:36.171 29613 29653 E Unity   : Particle Velocity curves must all be in the same mode
01-26 00:03:36.181 29613 29632 I Unity   : [SpellCaster] UI detected: ReadyText on layer 5
01-26 00:03:36.181 29613 29632 I Unity   : UnityEngine.DebugLogHandler:Internal_Log(LogType, LogOption, String, Object)
01-26 00:03:36.181 29613 29632 I Unity   : VRDungeonCrawler.Spells.SpellCaster:Update()
01-26 00:03:36.181 29613 29632 I Unity   : 
01-26 00:03:36.182 29613 29653 E Unity   : Particle Velocity curves must all be in the same mode
01-26 00:03:36.182 29613 29653 E Unity   : Particle Velocity curves must all be in the same mode
01-26 00:03:36.182 29613 29653 E Unity   : Particle Velocity curves must all be in the same mode
01-26 00:03:36.182 29613 29653 E Unity   : Particle Velocity curves must all be in the same mode
01-26 00:03:36.182 29613 29653 E Unity   : Particle Velocity curves must all be in the same mode
01-26 00:03:36.195 29613 29632 W Unity   : [MonsterAI] Skeleton has high velocity 4.71, resetting to walk speed
01-26 00:03:36.195 29613 29632 W Unity   : UnityEngine.DebugLogHandler:Internal_Log(LogType, LogOption, String, Object)
01-26 00:03:36.195 29613 29632 W Unity   : VRDungeonCrawler.AI.MonsterAI:FixedUpdate()
01-26 00:03:36.195 29613 29632 W Unity   : 
01-26 00:03:36.198 29613 29632 I Unity   : [SpellCaster] UI detected: ReadyText on layer 5
01-26 00:03:36.198 29613 29632 I Unity   : UnityEngine.DebugLogHandler:Internal_Log(LogType, LogOption, String, Object)
01-26 00:03:36.198 29613 29632 I Unity   : VRDungeonCrawler.Spells.SpellCaster:Update()
01-26 00:03:36.198 29613 29632 I Unity   : 
01-26 00:03:36.198 29613 29653 E Unity   : Particle Velocity curves must all be in the same mode
01-26 00:03:36.198 29613 29653 E Unity   : Particle Velocity curves must all be in the same mode
01-26 00:03:36.198 29613 29653 E Unity   : Particle Velocity curves must all be in the same mode
01-26 00:03:36.198 29613 29653 E Unity   : Particle Velocity curves must all be in the same mode
01-26 00:03:36.208 29613 29632 W Unity   : [MonsterAI] Skeleton has high velocity 4.71, resetting to walk speed
01-26 00:03:36.208 29613 29632 W Unity   : UnityEngine.DebugLogHandler:Internal_Log(LogType, LogOption, String, Object)
01-26 00:03:36.208 29613 29632 W Unity   : VRDungeonCrawler.AI.MonsterAI:FixedUpdate()
01-26 00:03:36.208 29613 29632 W Unity   : 
01-26 00:03:36.211 29613 29632 I Unity   : [AnimalAI] Squirrel new direction: (0.94, 0.00, 0.33)
01-26 00:03:36.211 29613 29632 I Unity   : UnityEngine.DebugLogHandler:Internal_Log(LogType, LogOption, String, Object)
01-26 00:03:36.211 29613 29632 I Unity   : VRDungeonCrawler.AI.AnimalAI:ChooseRandomDirection()
01-26 00:03:36.211 29613 29632 I Unity   : VRDungeonCrawler.AI.AnimalAI:HandleSquirrelAction()
01-26 00:03:36.211 29613 29632 I Unity   : VRDungeonCrawler.AI.AnimalAI:Update()
01-26 00:03:36.211 29613 29632 I Unity   : 
01-26 00:03:36.211 29613 29632 I Unity   : [AnimalAI] Squirrel resuming (dash=False)
01-26 00:03:36.211 29613 29632 I Unity   : UnityEngine.DebugLogHandler:Internal_Log(LogType, LogOption, String, Object)
01-26 00:03:36.211 29613 29632 I Unity   : VRDungeonCrawler.AI.AnimalAI:HandleSquirrelAction()
01-26 00:03:36.211 29613 29632 I Unity   : VRDungeonCrawler.AI.AnimalAI:Update()
01-26 00:03:36.211 29613 29632 I Unity   : 
01-26 00:03:36.212 29613 29632 I Unity   : [SpellCaster] UI detected: ReadyText on layer 5
01-26 00:03:36.212 29613 29632 I Unity   : UnityEngine.DebugLogHandler:Internal_Log(LogType, LogOption, String, Object)
01-26 00:03:36.212 29613 29632 I Unity   : VRDungeonCrawler.Spells.SpellCaster:Update()
