01-26 00:03:36.212 29613 29632 I Unity   : 
01-26 00:03:36.212 29613 29653 E Unity   : Particle Velocity curves must all be in the same mode
01-26 00:03:36.212 29613 29653 E Unity   : Particle Velocity curves must all be in the same mode
01-26 00:03:36.213 29613 29653 E Unity   : Particle Velocity curves must all be in the same mode
01-26 00:03:36.213 29613 29653 E Unity   : Particle Velocity curves must all be in the same mode
01-26 00:03:36.233 29613 29632 I Unity   : [SpellCaster] UI detected: ReadyText on layer 5
01-26 00:03:36.233 29613 29632 I Unity   : UnityEngine.DebugLogHandler:Internal_Log(LogType, LogOption, String, Object)
01-26 00:03:36.233 29613 29632 I Unity   : VRDungeonCrawler.Spells.SpellCaster:Update()
01-26 00:03:36.233 29613 29632 I Unity   : 
01-26 00:03:36.233 29613 29653 E Unity   : Particle Velocity curves must all be in the same mode
01-26 00:03:36.233 29613 29653 E Unity   : Particle Velocity curves must all be in the same mode
01-26 00:03:36.233 29613 29653 E Unity   : Particle Velocity curves must all be in the same mode
01-26 00:03:36.233 29613 29653 E Unity   : Particle Velocity curves must all be in the same mode
01-26 00:03:36.246 29613 29632 W Unity   : [MonsterAI] Skeleton has high velocity 4.72, resetting to walk speed
01-26 00:03:36.246 29613 29632 W Unity   : UnityEngine.DebugLogHandler:Internal_Log(LogType, LogOption, String, Object)
01-26 00:03:36.246 29613 29632 W Unity   : VRDungeonCrawler.AI.MonsterAI:FixedUpdate()
01-26 00:03:36.246 29613 29632 W Unity   : 
01-26 00:03:36.249 29613 29632 I Unity   : [AnimalAI] Squirrel new direction: (-0.71, 0.00, -0.71)
01-26 00:03:36.249 29613 29632 I Unity   : UnityEngine.DebugLogHandler:Internal_Log(LogType, LogOption, String, Object)
01-26 00:03:36.249 29613 29632 I Unity   : VRDungeonCrawler.AI.AnimalAI:ChooseRandomDirection()
01-26 00:03:36.249 29613 29632 I Unity   : VRDungeonCrawler.AI.AnimalAI:HandleSquirrelAction()
01-26 00:03:36.249 29613 29632 I Unity   : VRDungeonCrawler.AI.AnimalAI:Update()
01-26 00:03:36.249 29613 29632 I Unity   : 
01-26 00:03:36.249 29613 29632 I Unity   : [AnimalAI] Squirrel resuming (dash=True)
01-26 00:03:36.249 29613 29632 I Unity   : UnityEngine.DebugLogHandler:Internal_Log(LogType, LogOption, String, Object)
01-26 00:03:36.249 29613 29632 I Unity   : VRDungeonCrawler.AI.AnimalAI:HandleSquirrelAction()
01-26 00:03:36.249 29613 29632 I Unity   : VRDungeonCrawler.AI.AnimalAI:Update()
01-26 00:03:36.249 29613 29632 I Unity   : 
01-26 00:03:36.249 29613 29632 I Unity   : [SpellCaster] UI detected: ReadyText on layer 5
01-26 00:03:36.249 29613 29632 I Unity   : UnityEngine.DebugLogHandler:Internal_Log(LogType, LogOption, String, Object)
01-26 00:03:36.249 29613 29632 I Unity   : VRDungeonCrawler.Spells.SpellCaster:Update()
01-26 00:03:36.249 29613 29632 I Unity   : 
01-26 00:03:36.250 29613 29653 E Unity   : Particle Velocity curves must all be in the same mode
01-26 00:03:36.250 29613 29653 E Unity   : Particle Velocity curves must all be in the same mode
01-26 00:03:36.251 29613 29653 E Unity   : Particle Velocity curves must all be in the same mode
01-26 00:03:36.251 29613 29653 E Unity   : Particle Velocity curves must all be in the same mode
01-26 00:03:36.251 29613 29632 E Unity   : Particle Velocity curves must all be in the same mode
01-26 00:03:36.251 29613 29632 E Unity   : Particle Velocity curves must all be in the same mode
01-26 00:03:36.261 29613 29632 W Unity   : [MonsterAI] Skeleton has high velocity 4.72, resetting to walk speed
01-26 00:03:36.261 29613 29632 W Unity   : UnityEngine.DebugLogHandler:Internal_Log(LogType, LogOption, String, Object)
01-26 00:03:36.261 29613 29632 W Unity   : VRDungeonCrawler.AI.MonsterAI:FixedUpdate()
01-26 00:03:36.261 29613 29632 W Unity   : 
01-26 00:03:36.264 29613 29632 I Unity   : [AnimalAI] Rabbit new direction: (-0.80, 0.00, -0.61)
01-26 00:03:36.264 29613 29632 I Unity   : UnityEngine.DebugLogHandler:Internal_Log(LogType, LogOption, String, Object)
01-26 00:03:36.264 29613 29632 I Unity   : VRDungeonCrawler.AI.AnimalAI:ChooseRandomDirection()
01-26 00:03:36.264 29613 29632 I Unity   : VRDungeonCrawler.AI.AnimalAI:HandleRabbitAction()
01-26 00:03:36.264 29613 29632 I Unity   : VRDungeonCrawler.AI.AnimalAI:Update()
01-26 00:03:36.264 29613 29632 I Unity   : 
01-26 00:03:36.264 29613 29632 I Unity   : [AnimalAI] Rabbit resuming hops
01-26 00:03:36.264 29613 29632 I Unity   : UnityEngine.DebugLogHandler:Internal_Log(LogType, LogOption, String, Object)
01-26 00:03:36.264 29613 29632 I Unity   : VRDungeonCrawler.AI.AnimalAI:Update()
01-26 00:03:36.264 29613 29632 I Unity   : 
01-26 00:03:36.264 29613 29632 I Unity   : [SpellCaster] UI detected: ReadyText on layer 5
01-26 00:03:36.264 29613 29632 I Unity   : UnityEngine.DebugLogHandler:Internal_Log(LogType, LogOption, String, Object)
01-26 00:03:36.264 29613 29632 I Unity   : VRDungeonCrawler.Spells.SpellCaster:Update()
01-26 00:03:36.264 29613 29632 I Unity   : 
01-26 00:03:36.265 29613 29653 E Unity   : Particle Velocity curves must all be in the same mode
01-26 00:03:36.265 29613 29653 E Unity   : Particle Velocity curves must all be in the same mode
01-26 00:03:36.265 29613 29653 E Unity   : Particle Velocity curves must all be in the same mode
01-26 00:03:36.274 29613 29632 W Unity   : [MonsterAI] Skeleton has high velocity 4.73, resetting to walk speed
01-26 00:03:36.274 29613 29632 W Unity   : UnityEngine.DebugLogHandler:Internal_Log(LogType, LogOption, String, Object)
01-26 00:03:36.274 29613 29632 W Unity   : VRDungeonCrawler.AI.MonsterAI:FixedUpdate()
01-26 00:03:36.274 29613 29632 W Unity   : 
01-26 00:03:36.276 29613 29632 I Unity   : [SpellCaster] UI detected: ReadyText on layer 5
01-26 00:03:36.276 29613 29632 I Unity   : UnityEngine.DebugLogHandler:Internal_Log(LogType, LogOption, String, Object)
01-26 00:03:36.276 29613 29632 I Unity   : VRDungeonCrawler.Spells.SpellCaster:Update()
01-26 00:03:36.276 29613 29632 I Unity   : 
01-26 00:03:36.277 29613 29632 W Unity   : [PolytopiaHandTracker] Could not find XRI input actions asset. Will retry...
01-26 00:03:36.277 29613 29632 W Unity   : UnityEngine.DebugLogHandler:Internal_Log(LogType, LogOption, String, Object)
01-26 00:03:36.277 29613 29632 W Unity   : VRDungeonCrawler.Player.PolytopiaHandTracker:TryInitializeInputActions()
01-26 00:03:36.277 29613 29632 W Unity   : 
01-26 00:03:36.277 29613 29632 I Unity   : [PolytopiaHandTracker] Initialization: Trigger=False, Grip=False
01-26 00:03:36.277 29613 29632 I Unity   : UnityEngine.DebugLogHandler:Internal_Log(LogType, LogOption, String, Object)
01-26 00:03:36.277 29613 29632 I Unity   : VRDungeonCrawler.Player.PolytopiaHandTracker:TryInitializeInputActions()
01-26 00:03:36.277 29613 29632 I Unity   : 
01-26 00:03:36.277 29613 29653 E Unity   : Particle Velocity curves must all be in the same mode
01-26 00:03:36.278 29613 29653 E Unity   : Particle Velocity curves must all be in the same mode
01-26 00:03:36.278 29613 29653 E Unity   : Particle Velocity curves must all be in the same mode
01-26 00:03:36.278 29613 29653 E Unity   : Particle Velocity curves must all be in the same mode
01-26 00:03:36.278 29613 29653 E Unity   : Particle Velocity curves must all be in the same mode
01-26 00:03:36.289 29613 29632 W Unity   : [MonsterAI] Skeleton has high velocity 4.73, resetting to walk speed
01-26 00:03:36.289 29613 29632 W Unity   : UnityEngine.DebugLogHandler:Internal_Log(LogType, LogOption, String, Object)
01-26 00:03:36.289 29613 29632 W Unity   : VRDungeonCrawler.AI.MonsterAI:FixedUpdate()
01-26 00:03:36.289 29613 29632 W Unity   : 
01-26 00:03:36.291 29613 29632 I Unity   : [UIRayVisualConfig] hasUIRaycast: True
01-26 00:03:36.291 29613 29632 I Unity   : UnityEngine.DebugLogHandler:Internal_Log(LogType, LogOption, String, Object)
01-26 00:03:36.291 29613 29632 I Unity   : VRDungeonCrawler.Player.UIRayVisualConfig:Update()
01-26 00:03:36.291 29613 29632 I Unity   : 
01-26 00:03:36.291 29613 29632 I Unity   : [UIRayVisualConfig] UI hit: ReadyText, layer: 5, worldPos: (0.33, 1.11, 2.59)
01-26 00:03:36.291 29613 29632 I Unity   : UnityEngine.DebugLogHandler:Internal_Log(LogType, LogOption, String, Object)
01-26 00:03:36.291 29613 29632 I Unity   : VRDungeonCrawler.Player.UIRayVisualConfig:Update()
01-26 00:03:36.291 29613 29632 I Unity   : 
01-26 00:03:36.291 29613 29632 I Unity   : [UIRayVisualConfig] Showing reticle at (0.33, 1.11, 2.59), normal: (-0.04, 0.00, -1.00)
01-26 00:03:36.291 29613 29632 I Unity   : UnityEngine.DebugLogHandler:Internal_Log(LogType, LogOption, String, Object)
01-26 00:03:36.291 29613 29632 I Unity   : VRDungeonCrawler.Player.UIRayVisualConfig:Update()
01-26 00:03:36.291 29613 29632 I Unity   : 
01-26 00:03:36.291 29613 29632 I Unity   : [SpellCaster] UI detected: ReadyText on layer 5
01-26 00:03:36.291 29613 29632 I Unity   : UnityEngine.DebugLogHandler:Internal_Log(LogType, LogOption, String, Object)
01-26 00:03:36.291 29613 29632 I Unity   : VRDungeonCrawler.Spells.SpellCaster:Update()
01-26 00:03:36.291 29613 29632 I Unity   : 
01-26 00:03:36.292 29613 29653 E Unity   : Particle Velocity curves must all be in the same mode
01-26 00:03:36.292 29613 29653 E Unity   : Particle Velocity curves must all be in the same mode
01-26 00:03:36.292 29613 29653 E Unity   : Particle Velocity curves must all be in the same mode
01-26 00:03:36.304 29613 29632 I Unity   : [SpellCaster] UI detected: ReadyText on layer 5
01-26 00:03:36.304 29613 29632 I Unity   : UnityEngine.DebugLogHandler:Internal_Log(LogType, LogOption, String, Object)
01-26 00:03:36.304 29613 29632 I Unity   : VRDungeonCrawler.Spells.SpellCaster:Update()
01-26 00:03:36.304 29613 29632 I Unity   : 
01-26 00:03:36.304 29613 29653 E Unity   : Particle Velocity curves must all be in the same mode
01-26 00:03:36.304 29613 29653 E Unity   : Particle Velocity curves must all be in the same mode
01-26 00:03:36.304 29613 29653 E Unity   : Particle Velocity curves must all be in the same mode
01-26 00:03:36.304 29613 29653 E Unity   : Particle Velocity curves must all be in the same mode
01-26 00:03:36.318 29613 29632 W Unity   : [MonsterAI] Skeleton has high velocity 4.74, resetting to walk speed
01-26 00:03:36.318 29613 29632 W Unity   : UnityEngine.DebugLogHandler:Internal_Log(LogType, LogOption, String, Object)
01-26 00:03:36.318 29613 29632 W Unity   : VRDungeonCrawler.AI.MonsterAI:FixedUpdate()
01-26 00:03:36.318 29613 29632 W Unity   : 
01-26 00:03:36.321 29613 29632 I Unity   : [SpellCaster] UI detected: ReadyText on layer 5
01-26 00:03:36.321 29613 29632 I Unity   : UnityEngine.DebugLogHandler:Internal_Log(LogType, LogOption, String, Object)
01-26 00:03:36.321 29613 29632 I Unity   : VRDungeonCrawler.Spells.SpellCaster:Update()
01-26 00:03:36.321 29613 29632 I Unity   : 
01-26 00:03:36.321 29613 29653 E Unity   : Particle Velocity curves must all be in the same mode
01-26 00:03:36.321 29613 29653 E Unity   : Particle Velocity curves must all be in the same mode
01-26 00:03:36.321 29613 29653 E Unity   : Particle Velocity curves must all be in the same mode
01-26 00:03:36.322 29613 29653 E Unity   : Particle Velocity curves must all be in the same mode
01-26 00:03:36.322 29613 29653 E Unity   : Particle Velocity curves must all be in the same mode
01-26 00:03:36.332 29613 29632 W Unity   : [MonsterAI] Skeleton has high velocity 4.74, resetting to walk speed
01-26 00:03:36.332 29613 29632 W Unity   : UnityEngine.DebugLogHandler:Internal_Log(LogType, LogOption, String, Object)
01-26 00:03:36.332 29613 29632 W Unity   : VRDungeonCrawler.AI.MonsterAI:FixedUpdate()
01-26 00:03:36.332 29613 29632 W Unity   : 
01-26 00:03:36.335 29613 29632 I Unity   : [SpellCaster] UI detected: ReadyText on layer 5
01-26 00:03:36.335 29613 29632 I Unity   : UnityEngine.DebugLogHandler:Internal_Log(LogType, LogOption, String, Object)
01-26 00:03:36.335 29613 29632 I Unity   : VRDungeonCrawler.Spells.SpellCaster:Update()
01-26 00:03:36.335 29613 29632 I Unity   : 
01-26 00:03:36.336 29613 29653 E Unity   : Particle Velocity curves must all be in the same mode
01-26 00:03:36.336 29613 29653 E Unity   : Particle Velocity curves must all be in the same mode
01-26 00:03:36.336 29613 29653 E Unity   : Particle Velocity curves must all be in the same mode
01-26 00:03:36.336 29613 29653 E Unity   : Particle Velocity curves must all be in the same mode
01-26 00:03:36.346 29613 29632 I Unity   : [SpellCaster] UI detected: ReadyText on layer 5
01-26 00:03:36.346 29613 29632 I Unity   : UnityEngine.DebugLogHandler:Internal_Log(LogType, LogOption, String, Object)
01-26 00:03:36.346 29613 29632 I Unity   : VRDungeonCrawler.Spells.SpellCaster:Update()
01-26 00:03:36.346 29613 29632 I Unity   : 
01-26 00:03:36.347 29613 29653 E Unity   : Particle Velocity curves must all be in the same mode
01-26 00:03:36.347 29613 29653 E Unity   : Particle Velocity curves must all be in the same mode
01-26 00:03:36.347 29613 29653 E Unity   : Particle Velocity curves must all be in the same mode
01-26 00:03:36.348 29613 29632 E Unity   : Particle Velocity curves must all be in the same mode
01-26 00:03:36.348 29613 29632 E Unity   : Particle Velocity curves must all be in the same mode
01-26 00:03:36.359 29613 29632 W Unity   : [MonsterAI] Skeleton has high velocity 4.75, resetting to walk speed
01-26 00:03:36.359 29613 29632 W Unity   : UnityEngine.DebugLogHandler:Internal_Log(LogType, LogOption, String, Object)
01-26 00:03:36.359 29613 29632 W Unity   : VRDungeonCrawler.AI.MonsterAI:FixedUpdate()
01-26 00:03:36.359 29613 29632 W Unity   : 
01-26 00:03:36.364 29613 29632 I Unity   : [SpellCaster] UI detected: ReadyText on layer 5
01-26 00:03:36.364 29613 29632 I Unity   : UnityEngine.DebugLogHandler:Internal_Log(LogType, LogOption, String, Object)
01-26 00:03:36.364 29613 29632 I Unity   : VRDungeonCrawler.Spells.SpellCaster:Update()
01-26 00:03:36.364 29613 29632 I Unity   : 
01-26 00:03:36.364 29613 29653 E Unity   : Particle Velocity curves must all be in the same mode
01-26 00:03:36.364 29613 29653 E Unity   : Particle Velocity curves must all be in the same mode
01-26 00:03:36.365 29613 29653 E Unity   : Particle Velocity curves must all be in the same mode
01-26 00:03:36.373 29613 29632 W Unity   : [MonsterAI] Skeleton has high velocity 4.75, resetting to walk speed
01-26 00:03:36.373 29613 29632 W Unity   : UnityEngine.DebugLogHandler:Internal_Log(LogType, LogOption, String, Object)
01-26 00:03:36.373 29613 29632 W Unity   : VRDungeonCrawler.AI.MonsterAI:FixedUpdate()
01-26 00:03:36.373 29613 29632 W Unity   : 
01-26 00:03:36.376 29613 29632 I Unity   : [SpellCaster] UI detected: MainPanel on layer 5
01-26 00:03:36.376 29613 29632 I Unity   : UnityEngine.DebugLogHandler:Internal_Log(LogType, LogOption, String, Object)
01-26 00:03:36.376 29613 29632 I Unity   : VRDungeonCrawler.Spells.SpellCaster:Update()
01-26 00:03:36.376 29613 29632 I Unity   : 
01-26 00:03:36.376 29613 29653 E Unity   : Particle Velocity curves must all be in the same mode
01-26 00:03:36.376 29613 29653 E Unity   : Particle Velocity curves must all be in the same mode
01-26 00:03:36.376 29613 29653 E Unity   : Particle Velocity curves must all be in the same mode
01-26 00:03:36.377 29613 29653 E Unity   : Particle Velocity curves must all be in the same mode
01-26 00:03:36.377 29613 29632 E Unity   : Particle Velocity curves must all be in the same mode
01-26 00:03:36.377 29613 29632 E Unity   : Particle Velocity curves must all be in the same mode
01-26 00:03:36.387 29613 29632 I Unity   : [XRButtonHighlight] Pointer entered: EnterButton, setting color to RGBA(0.400, 0.350, 0.250, 0.980)
01-26 00:03:36.387 29613 29632 I Unity   : UnityEngine.DebugLogHandler:Internal_Log(LogType, LogOption, String, Object)
01-26 00:03:36.387 29613 29632 I Unity   : VRDungeonCrawler.Player.XRButtonHighlight:OnPointerEnter(PointerEventData)
01-26 00:03:36.387 29613 29632 I Unity   : UnityEngine.EventSystems.ExecuteEvents:Execute(GameObject, BaseEventData, EventFunction`1)
01-26 00:03:36.387 29613 29632 I Unity   : UnityEngine.XR.Interaction.Toolkit.UI.UIInputModule:ProcessPointerMovement(PointerEventData)
01-26 00:03:36.387 29613 29632 I Unity   : UnityEngine.XR.Interaction.Toolkit.UI.UIInputModule:ProcessTrackedDevice(TrackedDeviceModel&, Boolean)
01-26 00:03:36.387 29613 29632 I Unity   : UnityEngine.XR.Interaction.Toolkit.UI.XRUIInputModule:DoProcess()
01-26 00:03:36.387 29613 29632 I Unity   : 
01-26 00:03:36.388 29613 29632 I Unity   : [SpellCaster] UI detected: Text on layer 5
01-26 00:03:36.388 29613 29632 I Unity   : UnityEngine.DebugLogHandler:Internal_Log(LogType, LogOption, String, Object)
01-26 00:03:36.388 29613 29632 I Unity   : VRDungeonCrawler.Spells.SpellCaster:Update()
01-26 00:03:36.388 29613 29632 I Unity   : 
01-26 00:03:36.389 29613 29653 E Unity   : Particle Velocity curves must all be in the same mode
01-26 00:03:36.389 29613 29653 E Unity   : Particle Velocity curves must all be in the same mode
01-26 00:03:36.389 29613 29653 E Unity   : Particle Velocity curves must all be in the same mode
01-26 00:03:36.400 29613 29632 W Unity   : [MonsterAI] Skeleton has high velocity 4.75, resetting to walk speed
01-26 00:03:36.400 29613 29632 W Unity   : UnityEngine.DebugLogHandler:Internal_Log(LogType, LogOption, String, Object)
01-26 00:03:36.400 29613 29632 W Unity   : VRDungeonCrawler.AI.MonsterAI:FixedUpdate()
01-26 00:03:36.400 29613 29632 W Unity   : 
01-26 00:03:36.403 29613 29632 I Unity   : [SpellCaster] UI detected: Text on layer 5
01-26 00:03:36.403 29613 29632 I Unity   : UnityEngine.DebugLogHandler:Internal_Log(LogType, LogOption, String, Object)
01-26 00:03:36.403 29613 29632 I Unity   : VRDungeonCrawler.Spells.SpellCaster:Update()
01-26 00:03:36.403 29613 29632 I Unity   : 
01-26 00:03:36.404 29613 29653 E Unity   : Particle Velocity curves must all be in the same mode
01-26 00:03:36.404 29613 29653 E Unity   : Particle Velocity curves must all be in the same mode
01-26 00:03:36.404 29613 29653 E Unity   : Particle Velocity curves must all be in the same mode
01-26 00:03:36.404 29613 29653 E Unity   : Particle Velocity curves must all be in the same mode
01-26 00:03:36.414 29613 29632 W Unity   : [MonsterAI] Skeleton has high velocity 4.76, resetting to walk speed
01-26 00:03:36.414 29613 29632 W Unity   : UnityEngine.DebugLogHandler:Internal_Log(LogType, LogOption, String, Object)
01-26 00:03:36.414 29613 29632 W Unity   : VRDungeonCrawler.AI.MonsterAI:FixedUpdate()
01-26 00:03:36.414 29613 29632 W Unity   : 
01-26 00:03:36.417 29613 29632 I Unity   : [AnimalAI] Rabbit pausing
01-26 00:03:36.417 29613 29632 I Unity   : UnityEngine.DebugLogHandler:Internal_Log(LogType, LogOption, String, Object)
01-26 00:03:36.417 29613 29632 I Unity   : VRDungeonCrawler.AI.AnimalAI:Update()
01-26 00:03:36.417 29613 29632 I Unity   : 
01-26 00:03:36.417 29613 29632 I Unity   : [SpellCaster] UI detected: Text on layer 5
01-26 00:03:36.417 29613 29632 I Unity   : UnityEngine.DebugLogHandler:Internal_Log(LogType, LogOption, String, Object)
01-26 00:03:36.417 29613 29632 I Unity   : VRDungeonCrawler.Spells.SpellCaster:Update()
01-26 00:03:36.417 29613 29632 I Unity   : 
01-26 00:03:36.418 29613 29653 E Unity   : Particle Velocity curves must all be in the same mode
01-26 00:03:36.418 29613 29653 E Unity   : Particle Velocity curves must all be in the same mode
01-26 00:03:36.418 29613 29653 E Unity   : Particle Velocity curves must all be in the same mode
01-26 00:03:36.418 29613 29653 E Unity   : Particle Velocity curves must all be in the same mode
01-26 00:03:36.429 29613 29632 W Unity   : [MonsterAI] Skeleton has high velocity 4.76, resetting to walk speed
01-26 00:03:36.429 29613 29632 W Unity   : UnityEngine.DebugLogHandler:Internal_Log(LogType, LogOption, String, Object)
01-26 00:03:36.429 29613 29632 W Unity   : VRDungeonCrawler.AI.MonsterAI:FixedUpdate()
01-26 00:03:36.429 29613 29632 W Unity   : 
01-26 00:03:36.432 29613 29632 I Unity   : [SpellCaster] UI detected: Text on layer 5
01-26 00:03:36.432 29613 29632 I Unity   : UnityEngine.DebugLogHandler:Internal_Log(LogType, LogOption, String, Object)
01-26 00:03:36.432 29613 29632 I Unity   : VRDungeonCrawler.Spells.SpellCaster:Update()
01-26 00:03:36.432 29613 29632 I Unity   : 
01-26 00:03:36.432 29613 29653 E Unity   : Particle Velocity curves must all be in the same mode
01-26 00:03:36.432 29613 29653 E Unity   : Particle Velocity curves must all be in the same mode
01-26 00:03:36.432 29613 29653 E Unity   : Particle Velocity curves must all be in the same mode
01-26 00:03:36.433 29613 29653 E Unity   : Particle Velocity curves must all be in the same mode
01-26 00:03:36.443 29613 29632 I Unity   : [AnimalAI] Rabbit pausing
01-26 00:03:36.443 29613 29632 I Unity   : UnityEngine.DebugLogHandler:Internal_Log(LogType, LogOption, String, Object)
01-26 00:03:36.443 29613 29632 I Unity   : VRDungeonCrawler.AI.AnimalAI:Update()
01-26 00:03:36.443 29613 29632 I Unity   : 
01-26 00:03:36.444 29613 29632 I Unity   : [SpellCaster] UI detected: Text on layer 5
01-26 00:03:36.444 29613 29632 I Unity   : UnityEngine.DebugLogHandler:Internal_Log(LogType, LogOption, String, Object)
01-26 00:03:36.444 29613 29632 I Unity   : VRDungeonCrawler.Spells.SpellCaster:Update()
01-26 00:03:36.444 29613 29632 I Unity   : 
01-26 00:03:36.444 29613 29653 E Unity   : Particle Velocity curves must all be in the same mode
01-26 00:03:36.444 29613 29653 E Unity   : Particle Velocity curves must all be in the same mode
01-26 00:03:36.445 29613 29653 E Unity   : Particle Velocity curves must all be in the same mode
01-26 00:03:36.445 29613 29653 E Unity   : Particle Velocity curves must all be in the same mode
01-26 00:03:36.445 29613 29632 E Unity   : Particle Velocity curves must all be in the same mode
01-26 00:03:36.445 29613 29632 E Unity   : Particle Velocity curves must all be in the same mode
01-26 00:03:36.457 29613 29632 W Unity   : [MonsterAI] Skeleton has high velocity 4.76, resetting to walk speed
01-26 00:03:36.457 29613 29632 W Unity   : UnityEngine.DebugLogHandler:Internal_Log(LogType, LogOption, String, Object)
01-26 00:03:36.457 29613 29632 W Unity   : VRDungeonCrawler.AI.MonsterAI:FixedUpdate()
01-26 00:03:36.457 29613 29632 W Unity   : 
01-26 00:03:36.460 29613 29632 I Unity   : [SpellCaster] UI detected: Text on layer 5
01-26 00:03:36.460 29613 29632 I Unity   : UnityEngine.DebugLogHandler:Internal_Log(LogType, LogOption, String, Object)
01-26 00:03:36.460 29613 29632 I Unity   : VRDungeonCrawler.Spells.SpellCaster:Update()
01-26 00:03:36.460 29613 29632 I Unity   : 
01-26 00:03:36.460 29613 29653 E Unity   : Particle Velocity curves must all be in the same mode
01-26 00:03:36.461 29613 29653 E Unity   : Particle Velocity curves must all be in the same mode
01-26 00:03:36.461 29613 29653 E Unity   : Particle Velocity curves must all be in the same mode
01-26 00:03:36.471 29613 29632 W Unity   : [MonsterAI] Skeleton has high velocity 4.77, resetting to walk speed
01-26 00:03:36.471 29613 29632 W Unity   : UnityEngine.DebugLogHandler:Internal_Log(LogType, LogOption, String, Object)
01-26 00:03:36.471 29613 29632 W Unity   : VRDungeonCrawler.AI.MonsterAI:FixedUpdate()
01-26 00:03:36.471 29613 29632 W Unity   : 
01-26 00:03:36.474 29613 29632 I Unity   : [AnimalAI] Rabbit new direction: (0.51, 0.00, 0.86)
01-26 00:03:36.474 29613 29632 I Unity   : UnityEngine.DebugLogHandler:Internal_Log(LogType, LogOption, String, Object)
01-26 00:03:36.474 29613 29632 I Unity   : VRDungeonCrawler.AI.AnimalAI:ChooseRandomDirection()
01-26 00:03:36.474 29613 29632 I Unity   : VRDungeonCrawler.AI.AnimalAI:HandleRabbitAction()
01-26 00:03:36.474 29613 29632 I Unity   : VRDungeonCrawler.AI.AnimalAI:Update()
01-26 00:03:36.474 29613 29632 I Unity   : 
01-26 00:03:36.475 29613 29632 I Unity   : [AnimalAI] Rabbit resuming hops
01-26 00:03:36.475 29613 29632 I Unity   : UnityEngine.DebugLogHandler:Internal_Log(LogType, LogOption, String, Object)
01-26 00:03:36.475 29613 29632 I Unity   : VRDungeonCrawler.AI.AnimalAI:Update()
01-26 00:03:36.475 29613 29632 I Unity   : 
01-26 00:03:36.475 29613 29632 I Unity   : [SpellCaster] UI detected: Text on layer 5
01-26 00:03:36.475 29613 29632 I Unity   : UnityEngine.DebugLogHandler:Internal_Log(LogType, LogOption, String, Object)
01-26 00:03:36.475 29613 29632 I Unity   : VRDungeonCrawler.Spells.SpellCaster:Update()
01-26 00:03:36.475 29613 29632 I Unity   : 
01-26 00:03:36.475 29613 29653 E Unity   : Particle Velocity curves must all be in the same mode
01-26 00:03:36.476 29613 29653 E Unity   : Particle Velocity curves must all be in the same mode
01-26 00:03:36.476 29613 29653 E Unity   : Particle Velocity curves must all be in the same mode
01-26 00:03:36.476 29613 29653 E Unity   : Particle Velocity curves must all be in the same mode
01-26 00:03:36.485 29613 29632 I Unity   : [SpellCaster] UI detected: Text on layer 5
01-26 00:03:36.485 29613 29632 I Unity   : UnityEngine.DebugLogHandler:Internal_Log(LogType, LogOption, String, Object)
01-26 00:03:36.485 29613 29632 I Unity   : VRDungeonCrawler.Spells.SpellCaster:Update()
01-26 00:03:36.485 29613 29632 I Unity   : 
01-26 00:03:36.486 29613 29653 E Unity   : Particle Velocity curves must all be in the same mode
01-26 00:03:36.486 29613 29653 E Unity   : Particle Velocity curves must all be in the same mode
01-26 00:03:36.486 29613 29653 E Unity   : Particle Velocity curves must all be in the same mode
01-26 00:03:36.486 29613 29632 E Unity   : Particle Velocity curves must all be in the same mode
01-26 00:03:36.498 29613 29632 W Unity   : [MonsterAI] Skeleton has high velocity 4.77, resetting to walk speed
01-26 00:03:36.498 29613 29632 W Unity   : UnityEngine.DebugLogHandler:Internal_Log(LogType, LogOption, String, Object)
01-26 00:03:36.498 29613 29632 W Unity   : VRDungeonCrawler.AI.MonsterAI:FixedUpdate()
01-26 00:03:36.498 29613 29632 W Unity   : 
01-26 00:03:36.500 29613 29632 E Unity   : Tag: Projectile is not defined.
01-26 00:03:36.500 29613 29632 E Unity   : UnityEngine.GameObject:CompareTag_Internal(String)
01-26 00:03:36.500 29613 29632 E Unity   : VRDungeonCrawler.AI.AnimalAI:HandleSpellHit(Collider)
01-26 00:03:36.500 29613 29632 E Unity   : 
01-26 00:03:36.500 29613 29632 E Unity   : [ line 436124312]
01-26 00:03:36.500 29613 29632 E Unity   : 
01-26 00:03:36.502 29613 29632 I Unity   : [SpellCaster] UI detected: Text on layer 5
01-26 00:03:36.502 29613 29632 I Unity   : UnityEngine.DebugLogHandler:Internal_Log(LogType, LogOption, String, Object)
01-26 00:03:36.502 29613 29632 I Unity   : VRDungeonCrawler.Spells.SpellCaster:Update()
01-26 00:03:36.502 29613 29632 I Unity   : 
01-26 00:03:36.503 29613 29653 E Unity   : Particle Velocity curves must all be in the same mode
01-26 00:03:36.503 29613 29653 E Unity   : Particle Velocity curves must all be in the same mode
01-26 00:03:36.503 29613 29653 E Unity   : Particle Velocity curves must all be in the same mode
01-26 00:03:36.503 29613 29653 E Unity   : Particle Velocity curves must all be in the same mode
01-26 00:03:36.512 29613 29632 W Unity   : [MonsterAI] Skeleton has high velocity 4.77, resetting to walk speed
01-26 00:03:36.512 29613 29632 W Unity   : UnityEngine.DebugLogHandler:Internal_Log(LogType, LogOption, String, Object)
01-26 00:03:36.512 29613 29632 W Unity   : VRDungeonCrawler.AI.MonsterAI:FixedUpdate()
01-26 00:03:36.512 29613 29632 W Unity   : 
01-26 00:03:36.514 29613 29632 E Unity   : Tag: Projectile is not defined.
01-26 00:03:36.514 29613 29632 E Unity   : UnityEngine.GameObject:CompareTag_Internal(String)
01-26 00:03:36.514 29613 29632 E Unity   : VRDungeonCrawler.AI.AnimalAI:HandleSpellHit(Collider)
01-26 00:03:36.514 29613 29632 E Unity   : UnityEngine.Physics:ReportContacts(ReadOnly)
01-26 00:03:36.514 29613 29632 E Unity   : UnityEngine.Physics:OnSceneContact(PhysicsScene, IntPtr, Int32)
01-26 00:03:36.514 29613 29632 E Unity   : 
01-26 00:03:36.514 29613 29632 E Unity   : [ line 436123672]
01-26 00:03:36.514 29613 29632 E Unity   : 
01-26 00:03:36.515 29613 29632 I Unity   : [SpellCaster] UI detected: Text on layer 5
01-26 00:03:36.515 29613 29632 I Unity   : UnityEngine.DebugLogHandler:Internal_Log(LogType, LogOption, String, Object)
01-26 00:03:36.515 29613 29632 I Unity   : VRDungeonCrawler.Spells.SpellCaster:Update()
01-26 00:03:36.515 29613 29632 I Unity   : 
01-26 00:03:36.516 29613 29653 E Unity   : Particle Velocity curves must all be in the same mode
01-26 00:03:36.516 29613 29653 E Unity   : Particle Velocity curves must all be in the same mode
01-26 00:03:36.516 29613 29653 E Unity   : Particle Velocity curves must all be in the same mode
01-26 00:03:36.516 29613 29653 E Unity   : Particle Velocity curves must all be in the same mode
01-26 00:03:36.517 29613 29632 E Unity   : Particle Velocity curves must all be in the same mode
01-26 00:03:36.526 29613 29632 I Unity   : [SpellCaster] UI detected: Text on layer 5
01-26 00:03:36.526 29613 29632 I Unity   : UnityEngine.DebugLogHandler:Internal_Log(LogType, LogOption, String, Object)
01-26 00:03:36.526 29613 29632 I Unity   : VRDungeonCrawler.Spells.SpellCaster:Update()
01-26 00:03:36.526 29613 29632 I Unity   : 
01-26 00:03:36.527 29613 29653 E Unity   : Particle Velocity curves must all be in the same mode
01-26 00:03:36.527 29613 29653 E Unity   : Particle Velocity curves must all be in the same mode
01-26 00:03:36.528 29613 29632 E Unity   : Particle Velocity curves must all be in the same mode
01-26 00:03:36.528 29613 29632 E Unity   : Particle Velocity curves must all be in the same mode
01-26 00:03:36.539 29613 29632 W Unity   : [MonsterAI] Skeleton has high velocity 4.78, resetting to walk speed
01-26 00:03:36.539 29613 29632 W Unity   : UnityEngine.DebugLogHandler:Internal_Log(LogType, LogOption, String, Object)
01-26 00:03:36.539 29613 29632 W Unity   : VRDungeonCrawler.AI.MonsterAI:FixedUpdate()
01-26 00:03:36.539 29613 29632 W Unity   : 
01-26 00:03:36.542 29613 29632 I Unity   : [SpellCaster] UI detected: Text on layer 5
01-26 00:03:36.542 29613 29632 I Unity   : UnityEngine.DebugLogHandler:Internal_Log(LogType, LogOption, String, Object)
01-26 00:03:36.542 29613 29632 I Unity   : VRDungeonCrawler.Spells.SpellCaster:Update()
01-26 00:03:36.542 29613 29632 I Unity   : 
01-26 00:03:36.542 29613 29653 E Unity   : Particle Velocity curves must all be in the same mode
01-26 00:03:36.542 29613 29653 E Unity   : Particle Velocity curves must all be in the same mode
01-26 00:03:36.543 29613 29653 E Unity   : Particle Velocity curves must all be in the same mode
01-26 00:03:36.553 29613 29632 W Unity   : [MonsterAI] Skeleton has high velocity 4.78, resetting to walk speed
01-26 00:03:36.553 29613 29632 W Unity   : UnityEngine.DebugLogHandler:Internal_Log(LogType, LogOption, String, Object)
01-26 00:03:36.553 29613 29632 W Unity   : VRDungeonCrawler.AI.MonsterAI:FixedUpdate()
01-26 00:03:36.553 29613 29632 W Unity   : 
01-26 00:03:36.556 29613 29632 I Unity   : [SpellCaster] UI detected: Text on layer 5
01-26 00:03:36.556 29613 29632 I Unity   : UnityEngine.DebugLogHandler:Internal_Log(LogType, LogOption, String, Object)
01-26 00:03:36.556 29613 29632 I Unity   : VRDungeonCrawler.Spells.SpellCaster:Update()
01-26 00:03:36.556 29613 29632 I Unity   : 
01-26 00:03:36.557 29613 29653 E Unity   : Particle Velocity curves must all be in the same mode
01-26 00:03:36.557 29613 29653 E Unity   : Particle Velocity curves must all be in the same mode
01-26 00:03:36.557 29613 29653 E Unity   : Particle Velocity curves must all be in the same mode
01-26 00:03:36.557 29613 29653 E Unity   : Particle Velocity curves must all be in the same mode
01-26 00:03:36.558 29613 29653 E Unity   : Particle Velocity curves must all be in the same mode
01-26 00:03:36.568 29613 29632 W Unity   : [MonsterAI] Skeleton has high velocity 4.78, resetting to walk speed
01-26 00:03:36.568 29613 29632 W Unity   : UnityEngine.DebugLogHandler:Internal_Log(LogType, LogOption, String, Object)
01-26 00:03:36.568 29613 29632 W Unity   : VRDungeonCrawler.AI.MonsterAI:FixedUpdate()
01-26 00:03:36.568 29613 29632 W Unity   : 
01-26 00:03:36.571 29613 29632 I Unity   : [SpellCaster] UI detected: Text on layer 5
01-26 00:03:36.571 29613 29632 I Unity   : UnityEngine.DebugLogHandler:Internal_Log(LogType, LogOption, String, Object)
01-26 00:03:36.571 29613 29632 I Unity   : VRDungeonCrawler.Spells.SpellCaster:Update()
01-26 00:03:36.571 29613 29632 I Unity   : 
01-26 00:03:36.571 29613 29653 E Unity   : Particle Velocity curves must all be in the same mode
01-26 00:03:36.571 29613 29653 E Unity   : Particle Velocity curves must all be in the same mode
01-26 00:03:36.572 29613 29653 E Unity   : Particle Velocity curves must all be in the same mode
01-26 00:03:36.572 29613 29653 E Unity   : Particle Velocity curves must all be in the same mode
01-26 00:03:36.582 29613 29632 I Unity   : [SpellCaster] UI detected: Text on layer 5
01-26 00:03:36.582 29613 29632 I Unity   : UnityEngine.DebugLogHandler:Internal_Log(LogType, LogOption, String, Object)
01-26 00:03:36.582 29613 29632 I Unity   : VRDungeonCrawler.Spells.SpellCaster:Update()
01-26 00:03:36.582 29613 29632 I Unity   : 
01-26 00:03:36.583 29613 29653 E Unity   : Particle Velocity curves must all be in the same mode
01-26 00:03:36.583 29613 29653 E Unity   : Particle Velocity curves must all be in the same mode
01-26 00:03:36.584 29613 29653 E Unity   : Particle Velocity curves must all be in the same mode
01-26 00:03:36.584 29613 29653 E Unity   : Particle Velocity curves must all be in the same mode
01-26 00:03:36.584 29613 29632 E Unity   : Particle Velocity curves must all be in the same mode
01-26 00:03:36.595 29613 29632 W Unity   : [MonsterAI] Skeleton has high velocity 4.78, resetting to walk speed
01-26 00:03:36.595 29613 29632 W Unity   : UnityEngine.DebugLogHandler:Internal_Log(LogType, LogOption, String, Object)
01-26 00:03:36.595 29613 29632 W Unity   : VRDungeonCrawler.AI.MonsterAI:FixedUpdate()
01-26 00:03:36.595 29613 29632 W Unity   : 
01-26 00:03:36.598 29613 29632 I Unity   : [SpellCaster] UI detected: Text on layer 5
01-26 00:03:36.598 29613 29632 I Unity   : UnityEngine.DebugLogHandler:Internal_Log(LogType, LogOption, String, Object)
01-26 00:03:36.598 29613 29632 I Unity   : VRDungeonCrawler.Spells.SpellCaster:Update()
01-26 00:03:36.598 29613 29632 I Unity   : 
01-26 00:03:36.599 29613 29653 E Unity   : Particle Velocity curves must all be in the same mode
01-26 00:03:36.599 29613 29653 E Unity   : Particle Velocity curves must all be in the same mode
01-26 00:03:36.599 29613 29653 E Unity   : Particle Velocity curves must all be in the same mode
01-26 00:03:36.599 29613 29653 E Unity   : Particle Velocity curves must all be in the same mode
01-26 00:03:36.609 29613 29632 W Unity   : [MonsterAI] Skeleton has high velocity 4.79, resetting to walk speed
01-26 00:03:36.609 29613 29632 W Unity   : UnityEngine.DebugLogHandler:Internal_Log(LogType, LogOption, String, Object)
01-26 00:03:36.609 29613 29632 W Unity   : VRDungeonCrawler.AI.MonsterAI:FixedUpdate()
01-26 00:03:36.609 29613 29632 W Unity   : 
01-26 00:03:36.613 29613 29632 I Unity   : [SpellCaster] UI detected: Text on layer 5
01-26 00:03:36.613 29613 29632 I Unity   : UnityEngine.DebugLogHandler:Internal_Log(LogType, LogOption, String, Object)
01-26 00:03:36.613 29613 29632 I Unity   : VRDungeonCrawler.Spells.SpellCaster:Update()
01-26 00:03:36.613 29613 29632 I Unity   : 
01-26 00:03:36.614 29613 29653 E Unity   : Particle Velocity curves must all be in the same mode
01-26 00:03:36.614 29613 29653 E Unity   : Particle Velocity curves must all be in the same mode
01-26 00:03:36.614 29613 29653 E Unity   : Particle Velocity curves must all be in the same mode
01-26 00:03:36.615 29613 29632 E Unity   : Particle Velocity curves must all be in the same mode
01-26 00:03:36.625 29613 29632 I Unity   : [SpellCaster] UI detected: Text on layer 5
01-26 00:03:36.625 29613 29632 I Unity   : UnityEngine.DebugLogHandler:Internal_Log(LogType, LogOption, String, Object)
01-26 00:03:36.625 29613 29632 I Unity   : VRDungeonCrawler.Spells.SpellCaster:Update()
01-26 00:03:36.625 29613 29632 I Unity   : 
01-26 00:03:36.626 29613 29653 E Unity   : Particle Velocity curves must all be in the same mode
01-26 00:03:36.626 29613 29653 E Unity   : Particle Velocity curves must all be in the same mode
01-26 00:03:36.626 29613 29653 E Unity   : Particle Velocity curves must all be in the same mode
01-26 00:03:36.627 29613 29653 E Unity   : Particle Velocity curves must all be in the same mode
01-26 00:03:36.637 29613 29632 W Unity   : [MonsterAI] Skeleton has high velocity 4.79, resetting to walk speed
01-26 00:03:36.637 29613 29632 W Unity   : UnityEngine.DebugLogHandler:Internal_Log(LogType, LogOption, String, Object)
01-26 00:03:36.637 29613 29632 W Unity   : VRDungeonCrawler.AI.MonsterAI:FixedUpdate()
01-26 00:03:36.637 29613 29632 W Unity   : 
01-26 00:03:36.639 29613 29632 I Unity   : [SpellCaster] UI detected: Text on layer 5
01-26 00:03:36.639 29613 29632 I Unity   : UnityEngine.DebugLogHandler:Internal_Log(LogType, LogOption, String, Object)
01-26 00:03:36.639 29613 29632 I Unity   : VRDungeonCrawler.Spells.SpellCaster:Update()
01-26 00:03:36.639 29613 29632 I Unity   : 
01-26 00:03:36.640 29613 29653 E Unity   : Particle Velocity curves must all be in the same mode
01-26 00:03:36.640 29613 29653 E Unity   : Particle Velocity curves must all be in the same mode
01-26 00:03:36.640 29613 29653 E Unity   : Particle Velocity curves must all be in the same mode
01-26 00:03:36.651 29613 29632 W Unity   : [MonsterAI] Skeleton has high velocity 4.79, resetting to walk speed
01-26 00:03:36.651 29613 29632 W Unity   : UnityEngine.DebugLogHandler:Internal_Log(LogType, LogOption, String, Object)
01-26 00:03:36.651 29613 29632 W Unity   : VRDungeonCrawler.AI.MonsterAI:FixedUpdate()
01-26 00:03:36.651 29613 29632 W Unity   : 
01-26 00:03:36.652 29613 29632 E Unity   : Tag: Projectile is not defined.
01-26 00:03:36.652 29613 29632 E Unity   : UnityEngine.GameObject:CompareTag_Internal(String)
01-26 00:03:36.652 29613 29632 E Unity   : VRDungeonCrawler.AI.AnimalAI:HandleSpellHit(Collider)
01-26 00:03:36.652 29613 29632 E Unity   : 
01-26 00:03:36.652 29613 29632 E Unity   : [ line 436124312]
01-26 00:03:36.652 29613 29632 E Unity   : 
01-26 00:03:36.654 29613 29632 I Unity   : [SpellCaster] UI detected: Text on layer 5
01-26 00:03:36.654 29613 29632 I Unity   : UnityEngine.DebugLogHandler:Internal_Log(LogType, LogOption, String, Object)
01-26 00:03:36.654 29613 29632 I Unity   : VRDungeonCrawler.Spells.SpellCaster:Update()
01-26 00:03:36.654 29613 29632 I Unity   : 
01-26 00:03:36.654 29613 29653 E Unity   : Particle Velocity curves must all be in the same mode
01-26 00:03:36.654 29613 29653 E Unity   : Particle Velocity curves must all be in the same mode
01-26 00:03:36.654 29613 29653 E Unity   : Particle Velocity curves must all be in the same mode
01-26 00:03:36.655 29613 29653 E Unity   : Particle Velocity curves must all be in the same mode
01-26 00:03:36.655 29613 29632 E Unity   : Particle Velocity curves must all be in the same mode
01-26 00:03:36.655 29613 29632 E Unity   : Particle Velocity curves must all be in the same mode
01-26 00:03:36.665 29613 29632 I Unity   : [AnimalAI] Rabbit new direction: (-0.81, 0.00, -0.59)
01-26 00:03:36.665 29613 29632 I Unity   : UnityEngine.DebugLogHandler:Internal_Log(LogType, LogOption, String, Object)
01-26 00:03:36.665 29613 29632 I Unity   : VRDungeonCrawler.AI.AnimalAI:ChooseRandomDirection()
01-26 00:03:36.665 29613 29632 I Unity   : VRDungeonCrawler.AI.AnimalAI:HandleRabbitAction()
01-26 00:03:36.665 29613 29632 I Unity   : VRDungeonCrawler.AI.AnimalAI:Update()
01-26 00:03:36.665 29613 29632 I Unity   : 
01-26 00:03:36.665 29613 29632 I Unity   : [AnimalAI] Rabbit resuming hops
01-26 00:03:36.665 29613 29632 I Unity   : UnityEngine.DebugLogHandler:Internal_Log(LogType, LogOption, String, Object)
01-26 00:03:36.665 29613 29632 I Unity   : VRDungeonCrawler.AI.AnimalAI:Update()
01-26 00:03:36.665 29613 29632 I Unity   : 
01-26 00:03:36.666 29613 29632 I Unity   : [SpellCaster] UI detected: Text on layer 5
01-26 00:03:36.666 29613 29632 I Unity   : UnityEngine.DebugLogHandler:Internal_Log(LogType, LogOption, String, Object)
01-26 00:03:36.666 29613 29632 I Unity   : VRDungeonCrawler.Spells.SpellCaster:Update()
01-26 00:03:36.666 29613 29632 I Unity   : 
01-26 00:03:36.666 29613 29653 E Unity   : Particle Velocity curves must all be in the same mode
01-26 00:03:36.666 29613 29653 E Unity   : Particle Velocity curves must all be in the same mode
01-26 00:03:36.666 29613 29653 E Unity   : Particle Velocity curves must all be in the same mode
01-26 00:03:36.678 29613 29632 W Unity   : [MonsterAI] Skeleton has high velocity 4.79, resetting to walk speed
01-26 00:03:36.678 29613 29632 W Unity   : UnityEngine.DebugLogHandler:Internal_Log(LogType, LogOption, String, Object)
01-26 00:03:36.678 29613 29632 W Unity   : VRDungeonCrawler.AI.MonsterAI:FixedUpdate()
01-26 00:03:36.678 29613 29632 W Unity   : 
01-26 00:03:36.680 29613 29632 E Unity   : Tag: Projectile is not defined.
01-26 00:03:36.680 29613 29632 E Unity   : UnityEngine.GameObject:CompareTag_Internal(String)
01-26 00:03:36.680 29613 29632 E Unity   : VRDungeonCrawler.AI.AnimalAI:HandleSpellHit(Collider)
01-26 00:03:36.680 29613 29632 E Unity   : UnityEngine.Physics:ReportContacts(ReadOnly)
01-26 00:03:36.680 29613 29632 E Unity   : UnityEngine.Physics:OnSceneContact(PhysicsScene, IntPtr, Int32)
01-26 00:03:36.680 29613 29632 E Unity   : 
01-26 00:03:36.680 29613 29632 E Unity   : [ line 436123672]
01-26 00:03:36.680 29613 29632 E Unity   : 
01-26 00:03:36.681 29613 29632 I Unity   : [AnimalAI] Rabbit pausing
01-26 00:03:36.681 29613 29632 I Unity   : UnityEngine.DebugLogHandler:Internal_Log(LogType, LogOption, String, Object)
01-26 00:03:36.681 29613 29632 I Unity   : VRDungeonCrawler.AI.AnimalAI:Update()
01-26 00:03:36.681 29613 29632 I Unity   : 
01-26 00:03:36.682 29613 29632 I Unity   : [SpellCaster] UI detected: Text on layer 5
01-26 00:03:36.682 29613 29632 I Unity   : UnityEngine.DebugLogHandler:Internal_Log(LogType, LogOption, String, Object)
01-26 00:03:36.682 29613 29632 I Unity   : VRDungeonCrawler.Spells.SpellCaster:Update()
01-26 00:03:36.682 29613 29632 I Unity   : 
01-26 00:03:36.682 29613 29653 E Unity   : Particle Velocity curves must all be in the same mode
01-26 00:03:36.682 29613 29653 E Unity   : Particle Velocity curves must all be in the same mode
01-26 00:03:36.682 29613 29653 E Unity   : Particle Velocity curves must all be in the same mode
01-26 00:03:36.682 29613 29653 E Unity   : Particle Velocity curves must all be in the same mode
01-26 00:03:36.683 29613 29653 E Unity   : Particle Velocity curves must all be in the same mode
01-26 00:03:36.693 29613 29632 W Unity   : [MonsterAI] Skeleton has high velocity 4.80, resetting to walk speed
01-26 00:03:36.693 29613 29632 W Unity   : UnityEngine.DebugLogHandler:Internal_Log(LogType, LogOption, String, Object)
01-26 00:03:36.693 29613 29632 W Unity   : VRDungeonCrawler.AI.MonsterAI:FixedUpdate()
01-26 00:03:36.693 29613 29632 W Unity   : 
01-26 00:03:36.696 29613 29632 I Unity   : [SpellCaster] UI detected: Text on layer 5
01-26 00:03:36.696 29613 29632 I Unity   : UnityEngine.DebugLogHandler:Internal_Log(LogType, LogOption, String, Object)
01-26 00:03:36.696 29613 29632 I Unity   : VRDungeonCrawler.Spells.SpellCaster:Update()
01-26 00:03:36.696 29613 29632 I Unity   : 
01-26 00:03:36.696 29613 29653 E Unity   : Particle Velocity curves must all be in the same mode
01-26 00:03:36.696 29613 29653 E Unity   : Particle Velocity curves must all be in the same mode
01-26 00:03:36.696 29613 29653 E Unity   : Particle Velocity curves must all be in the same mode
01-26 00:03:36.697 29613 29653 E Unity   : Particle Velocity curves must all be in the same mode
01-26 00:03:36.708 29613 29632 I Unity   : [PortalMenu] Distance to player: 5.26m, shouldBeActive: True, isMenuActive: True
01-26 00:03:36.708 29613 29632 I Unity   : UnityEngine.DebugLogHandler:Internal_Log(LogType, LogOption, String, Object)
01-26 00:03:36.708 29613 29632 I Unity   : VRDungeonCrawler.Environment.PortalMenu:Update()
01-26 00:03:36.708 29613 29632 I Unity   : 
01-26 00:03:36.708 29613 29632 I Unity   : [MonsterAI] Skeleton distance to player: 12.27m (aggroRange=2m, isAggro=False)
01-26 00:03:36.708 29613 29632 I Unity   : UnityEngine.DebugLogHandler:Internal_Log(LogType, LogOption, String, Object)
01-26 00:03:36.708 29613 29632 I Unity   : VRDungeonCrawler.AI.MonsterAI:Update()
01-26 00:03:36.708 29613 29632 I Unity   : 
01-26 00:03:36.709 29613 29632 I Unity   : [SpellCaster] UI detected: Text on layer 5
01-26 00:03:36.709 29613 29632 I Unity   : UnityEngine.DebugLogHandler:Internal_Log(LogType, LogOption, String, Object)
01-26 00:03:36.709 29613 29632 I Unity   : VRDungeonCrawler.Spells.SpellCaster:Update()
01-26 00:03:36.709 29613 29632 I Unity   : 
01-26 00:03:36.709 29613 29632 W Unity   : [HandPoseController] Could not find LEFT controller device
01-26 00:03:36.709 29613 29632 W Unity   : UnityEngine.DebugLogHandler:Internal_Log(LogType, LogOption, String, Object)
01-26 00:03:36.709 29613 29632 W Unity   : 
01-26 00:03:36.710 29613 29653 E Unity   : Particle Velocity curves must all be in the same mode
01-26 00:03:36.710 29613 29653 E Unity   : Particle Velocity curves must all be in the same mode
01-26 00:03:36.710 29613 29653 E Unity   : Particle Velocity curves must all be in the same mode
01-26 00:03:36.722 29613 29632 W Unity   : [MonsterAI] Skeleton has high velocity 4.80, resetting to walk speed
01-26 00:03:36.722 29613 29632 W Unity   : UnityEngine.DebugLogHandler:Internal_Log(LogType, LogOption, String, Object)
01-26 00:03:36.722 29613 29632 W Unity   : VRDungeonCrawler.AI.MonsterAI:FixedUpdate()
01-26 00:03:36.722 29613 29632 W Unity   : 
01-26 00:03:36.725 29613 29632 I Unity   : [SpellCaster] UI detected: Text on layer 5
01-26 00:03:36.725 29613 29632 I Unity   : UnityEngine.DebugLogHandler:Internal_Log(LogType, LogOption, String, Object)
01-26 00:03:36.725 29613 29632 I Unity   : VRDungeonCrawler.Spells.SpellCaster:Update()
01-26 00:03:36.725 29613 29632 I Unity   : 
01-26 00:03:36.725 29613 29653 E Unity   : Particle Velocity curves must all be in the same mode
01-26 00:03:36.725 29613 29653 E Unity   : Particle Velocity curves must all be in the same mode
01-26 00:03:36.726 29613 29653 E Unity   : Particle Velocity curves must all be in the same mode
01-26 00:03:36.726 29613 29653 E Unity   : Particle Velocity curves must all be in the same mode
01-26 00:03:36.726 29613 29632 E Unity   : Particle Velocity curves must all be in the same mode
01-26 00:03:36.726 29613 29632 E Unity   : Particle Velocity curves must all be in the same mode
01-26 00:03:36.736 29613 29632 W Unity   : [MonsterAI] Skeleton has high velocity 4.80, resetting to walk speed
01-26 00:03:36.736 29613 29632 W Unity   : UnityEngine.DebugLogHandler:Internal_Log(LogType, LogOption, String, Object)
01-26 00:03:36.736 29613 29632 W Unity   : VRDungeonCrawler.AI.MonsterAI:FixedUpdate()
01-26 00:03:36.736 29613 29632 W Unity   : 
01-26 00:03:36.739 29613 29632 I Unity   : [PortalMenu] Travel button clicked! Loading scene: Dungeon1
01-26 00:03:36.739 29613 29632 I Unity   : UnityEngine.DebugLogHandler:Internal_Log(LogType, LogOption, String, Object)
01-26 00:03:36.739 29613 29632 I Unity   : VRDungeonCrawler.Environment.PortalMenu:OnTravelButtonClicked()
01-26 00:03:36.739 29613 29632 I Unity   : UnityEngine.Events.UnityEvent:Invoke()
01-26 00:03:36.739 29613 29632 I Unity   : UnityEngine.EventSystems.ExecuteEvents:Execute(GameObject, BaseEventData, EventFunction`1)
01-26 00:03:36.739 29613 29632 I Unity   : UnityEngine.XR.Interaction.Toolkit.UI.UIInputModule:ProcessPointerButton(ButtonDeltaState, PointerEventData, Boolean)
01-26 00:03:36.739 29613 29632 I Unity   : UnityEngine.XR.Interaction.Toolkit.UI.UIInputModule:ProcessTrackedDevice(TrackedDeviceModel&, Boolean)
01-26 00:03:36.739 29613 29632 I Unity   : UnityEngine.XR.Interaction.Toolkit.UI.XRUIInputModule:DoProcess()
01-26 00:03:36.739 29613 29632 I Unity   : 
01-26 00:03:36.739 29613 29632 I Unity   : ========================================
01-26 00:03:36.739 29613 29632 I Unity   : UnityEngine.DebugLogHandler:Internal_Log(LogType, LogOption, String, Object)
01-26 00:03:36.739 29613 29632 I Unity   : VRDungeonCrawler.Environment.PortalMenu:LoadDungeonScene()
01-26 00:03:36.739 29613 29632 I Unity   : UnityEngine.Events.UnityEvent:Invoke()
01-26 00:03:36.739 29613 29632 I Unity   : UnityEngine.EventSystems.ExecuteEvents:Execute(GameObject, BaseEventData, EventFunction`1)
01-26 00:03:36.739 29613 29632 I Unity   : UnityEngine.XR.Interaction.Toolkit.UI.UIInputModule:ProcessPointerButton(ButtonDeltaState, PointerEventData, Boolean)
01-26 00:03:36.739 29613 29632 I Unity   : UnityEngine.XR.Interaction.Toolkit.UI.UIInputModule:ProcessTrackedDevice(TrackedDeviceModel&, Boolean)
01-26 00:03:36.739 29613 29632 I Unity   : UnityEngine.XR.Interaction.Toolkit.UI.XRUIInputModule:DoProcess()
01-26 00:03:36.739 29613 29632 I Unity   : 
01-26 00:03:36.739 29613 29632 I Unity   : [PortalMenu] LoadDungeonScene() CALLED - Scene: Dungeon1
01-26 00:03:36.739 29613 29632 I Unity   : UnityEngine.DebugLogHandler:Internal_Log(LogType, LogOption, String, Object)
01-26 00:03:36.739 29613 29632 I Unity   : VRDungeonCrawler.Environment.PortalMenu:LoadDungeonScene()
01-26 00:03:36.739 29613 29632 I Unity   : UnityEngine.Events.UnityEvent:Invoke()
01-26 00:03:36.739 29613 29632 I Unity   : UnityEngine.EventSystems.ExecuteEvents:Execute(GameObject, BaseEventData, EventFunction`1)
01-26 00:03:36.739 29613 29632 I Unity   : UnityEngine.XR.Interaction.Toolkit.UI.UIInputModule:ProcessPointerButton(ButtonDeltaState, PointerEventData, Boolean)
