--------- beginning of main
01-26 00:03:35.057 29613 29632 I Unity   : [SpellCaster] UI detected: ReadyText on layer 5
01-26 00:03:35.057 29613 29632 I Unity   : UnityEngine.DebugLogHandler:Internal_Log(LogType, LogOption, String, Object)
01-26 00:03:35.057 29613 29632 I Unity   : VRDungeonCrawler.Spells.SpellCaster:Update()
01-26 00:03:35.057 29613 29632 I Unity   : 
01-26 00:03:35.057 29613 29653 E Unity   : Particle Velocity curves must all be in the same mode
01-26 00:03:35.057 29613 29653 E Unity   : Particle Velocity curves must all be in the same mode
01-26 00:03:35.058 29613 29653 E Unity   : Particle Velocity curves must all be in the same mode
01-26 00:03:35.067 29613 29632 W Unity   : [MonsterAI] Skeleton has high velocity 3.46, resetting to walk speed
01-26 00:03:35.067 29613 29632 W Unity   : UnityEngine.DebugLogHandler:Internal_Log(LogType, LogOption, String, Object)
01-26 00:03:35.067 29613 29632 W Unity   : VRDungeonCrawler.AI.MonsterAI:FixedUpdate()
01-26 00:03:35.067 29613 29632 W Unity   : 
01-26 00:03:35.070 29613 29632 I Unity   : [SpellCaster] UI detected: ReadyText on layer 5
01-26 00:03:35.070 29613 29632 I Unity   : UnityEngine.DebugLogHandler:Internal_Log(LogType, LogOption, String, Object)
01-26 00:03:35.070 29613 29632 I Unity   : VRDungeonCrawler.Spells.SpellCaster:Update()
01-26 00:03:35.070 29613 29632 I Unity   : 
01-26 00:03:35.071 29613 29653 E Unity   : Particle Velocity curves must all be in the same mode
01-26 00:03:35.071 29613 29653 E Unity   : Particle Velocity curves must all be in the same mode
01-26 00:03:35.071 29613 29653 E Unity   : Particle Velocity curves must all be in the same mode
01-26 00:03:35.071 29613 29653 E Unity   : Particle Velocity curves must all be in the same mode
01-26 00:03:35.083 29613 29632 I Unity   : [SpellCaster] UI detected: ReadyText on layer 5
01-26 00:03:35.083 29613 29632 I Unity   : UnityEngine.DebugLogHandler:Internal_Log(LogType, LogOption, String, Object)
01-26 00:03:35.083 29613 29632 I Unity   : VRDungeonCrawler.Spells.SpellCaster:Update()
01-26 00:03:35.083 29613 29632 I Unity   : 
01-26 00:03:35.083 29613 29653 E Unity   : Particle Velocity curves must all be in the same mode
01-26 00:03:35.083 29613 29653 E Unity   : Particle Velocity curves must all be in the same mode
01-26 00:03:35.083 29613 29653 E Unity   : Particle Velocity curves must all be in the same mode
01-26 00:03:35.084 29613 29653 E Unity   : Particle Velocity curves must all be in the same mode
01-26 00:03:35.096 29613 29632 W Unity   : [MonsterAI] Skeleton has high velocity 3.52, resetting to walk speed
01-26 00:03:35.096 29613 29632 W Unity   : UnityEngine.DebugLogHandler:Internal_Log(LogType, LogOption, String, Object)
01-26 00:03:35.096 29613 29632 W Unity   : VRDungeonCrawler.AI.MonsterAI:FixedUpdate()
01-26 00:03:35.096 29613 29632 W Unity   : 
01-26 00:03:35.099 29613 29632 I Unity   : [SpellCaster] UI detected: ReadyText on layer 5
01-26 00:03:35.099 29613 29632 I Unity   : UnityEngine.DebugLogHandler:Internal_Log(LogType, LogOption, String, Object)
01-26 00:03:35.099 29613 29632 I Unity   : VRDungeonCrawler.Spells.SpellCaster:Update()
01-26 00:03:35.099 29613 29632 I Unity   : 
01-26 00:03:35.100 29613 29653 E Unity   : Particle Velocity curves must all be in the same mode
01-26 00:03:35.100 29613 29653 E Unity   : Particle Velocity curves must all be in the same mode
01-26 00:03:35.100 29613 29653 E Unity   : Particle Velocity curves must all be in the same mode
01-26 00:03:35.100 29613 29653 E Unity   : Particle Velocity curves must all be in the same mode
01-26 00:03:35.110 29613 29632 W Unity   : [MonsterAI] Skeleton has high velocity 3.57, resetting to walk speed
01-26 00:03:35.110 29613 29632 W Unity   : UnityEngine.DebugLogHandler:Internal_Log(LogType, LogOption, String, Object)
01-26 00:03:35.110 29613 29632 W Unity   : VRDungeonCrawler.AI.MonsterAI:FixedUpdate()
01-26 00:03:35.110 29613 29632 W Unity   : 
01-26 00:03:35.113 29613 29632 I Unity   : [SpellCaster] UI detected: ReadyText on layer 5
01-26 00:03:35.113 29613 29632 I Unity   : UnityEngine.DebugLogHandler:Internal_Log(LogType, LogOption, String, Object)
01-26 00:03:35.113 29613 29632 I Unity   : VRDungeonCrawler.Spells.SpellCaster:Update()
01-26 00:03:35.113 29613 29632 I Unity   : 
01-26 00:03:35.114 29613 29653 E Unity   : Particle Velocity curves must all be in the same mode
01-26 00:03:35.114 29613 29653 E Unity   : Particle Velocity curves must all be in the same mode
01-26 00:03:35.114 29613 29653 E Unity   : Particle Velocity curves must all be in the same mode
01-26 00:03:35.114 29613 29653 E Unity   : Particle Velocity curves must all be in the same mode
01-26 00:03:35.114 29613 29653 E Unity   : Particle Velocity curves must all be in the same mode
01-26 00:03:35.125 29613 29632 I Unity   : [SpellCaster] UI detected: ReadyText on layer 5
01-26 00:03:35.125 29613 29632 I Unity   : UnityEngine.DebugLogHandler:Internal_Log(LogType, LogOption, String, Object)
01-26 00:03:35.125 29613 29632 I Unity   : VRDungeonCrawler.Spells.SpellCaster:Update()
01-26 00:03:35.125 29613 29632 I Unity   : 
01-26 00:03:35.126 29613 29653 E Unity   : Particle Velocity curves must all be in the same mode
01-26 00:03:35.126 29613 29653 E Unity   : Particle Velocity curves must all be in the same mode
01-26 00:03:35.126 29613 29653 E Unity   : Particle Velocity curves must all be in the same mode
01-26 00:03:35.126 29613 29653 E Unity   : Particle Velocity curves must all be in the same mode
01-26 00:03:35.138 29613 29632 W Unity   : [MonsterAI] Skeleton has high velocity 3.62, resetting to walk speed
01-26 00:03:35.138 29613 29632 W Unity   : UnityEngine.DebugLogHandler:Internal_Log(LogType, LogOption, String, Object)
01-26 00:03:35.138 29613 29632 W Unity   : VRDungeonCrawler.AI.MonsterAI:FixedUpdate()
01-26 00:03:35.138 29613 29632 W Unity   : 
01-26 00:03:35.141 29613 29632 I Unity   : [SpellCaster] UI detected: ReadyText on layer 5
01-26 00:03:35.141 29613 29632 I Unity   : UnityEngine.DebugLogHandler:Internal_Log(LogType, LogOption, String, Object)
01-26 00:03:35.141 29613 29632 I Unity   : VRDungeonCrawler.Spells.SpellCaster:Update()
01-26 00:03:35.141 29613 29632 I Unity   : 
01-26 00:03:35.141 29613 29653 E Unity   : Particle Velocity curves must all be in the same mode
01-26 00:03:35.141 29613 29653 E Unity   : Particle Velocity curves must all be in the same mode
01-26 00:03:35.142 29613 29653 E Unity   : Particle Velocity curves must all be in the same mode
01-26 00:03:35.152 29613 29632 W Unity   : [MonsterAI] Skeleton has high velocity 3.67, resetting to walk speed
01-26 00:03:35.152 29613 29632 W Unity   : UnityEngine.DebugLogHandler:Internal_Log(LogType, LogOption, String, Object)
01-26 00:03:35.152 29613 29632 W Unity   : VRDungeonCrawler.AI.MonsterAI:FixedUpdate()
01-26 00:03:35.152 29613 29632 W Unity   : 
01-26 00:03:35.155 29613 29632 I Unity   : [SpellCaster] UI detected: ReadyText on layer 5
01-26 00:03:35.155 29613 29632 I Unity   : UnityEngine.DebugLogHandler:Internal_Log(LogType, LogOption, String, Object)
01-26 00:03:35.155 29613 29632 I Unity   : VRDungeonCrawler.Spells.SpellCaster:Update()
01-26 00:03:35.155 29613 29632 I Unity   : 
01-26 00:03:35.155 29613 29653 E Unity   : Particle Velocity curves must all be in the same mode
01-26 00:03:35.155 29613 29653 E Unity   : Particle Velocity curves must all be in the same mode
01-26 00:03:35.155 29613 29653 E Unity   : Particle Velocity curves must all be in the same mode
01-26 00:03:35.156 29613 29653 E Unity   : Particle Velocity curves must all be in the same mode
01-26 00:03:35.156 29613 29653 E Unity   : Particle Velocity curves must all be in the same mode
01-26 00:03:35.166 29613 29632 I Unity   : [SpellCaster] UI detected: ReadyText on layer 5
01-26 00:03:35.166 29613 29632 I Unity   : UnityEngine.DebugLogHandler:Internal_Log(LogType, LogOption, String, Object)
01-26 00:03:35.166 29613 29632 I Unity   : VRDungeonCrawler.Spells.SpellCaster:Update()
01-26 00:03:35.166 29613 29632 I Unity   : 
01-26 00:03:35.167 29613 29653 E Unity   : Particle Velocity curves must all be in the same mode
01-26 00:03:35.167 29613 29653 E Unity   : Particle Velocity curves must all be in the same mode
01-26 00:03:35.167 29613 29653 E Unity   : Particle Velocity curves must all be in the same mode
01-26 00:03:35.167 29613 29653 E Unity   : Particle Velocity curves must all be in the same mode
01-26 00:03:35.179 29613 29632 W Unity   : [MonsterAI] Skeleton has high velocity 3.72, resetting to walk speed
01-26 00:03:35.179 29613 29632 W Unity   : UnityEngine.DebugLogHandler:Internal_Log(LogType, LogOption, String, Object)
01-26 00:03:35.179 29613 29632 W Unity   : VRDungeonCrawler.AI.MonsterAI:FixedUpdate()
01-26 00:03:35.179 29613 29632 W Unity   : 
01-26 00:03:35.182 29613 29632 I Unity   : [SpellCaster] UI detected: ReadyText on layer 5
01-26 00:03:35.182 29613 29632 I Unity   : UnityEngine.DebugLogHandler:Internal_Log(LogType, LogOption, String, Object)
01-26 00:03:35.182 29613 29632 I Unity   : VRDungeonCrawler.Spells.SpellCaster:Update()
01-26 00:03:35.182 29613 29632 I Unity   : 
01-26 00:03:35.182 29613 29653 E Unity   : Particle Velocity curves must all be in the same mode
01-26 00:03:35.182 29613 29653 E Unity   : Particle Velocity curves must all be in the same mode
01-26 00:03:35.183 29613 29653 E Unity   : Particle Velocity curves must all be in the same mode
01-26 00:03:35.183 29613 29653 E Unity   : Particle Velocity curves must all be in the same mode
01-26 00:03:35.183 29613 29653 E Unity   : Particle Velocity curves must all be in the same mode
01-26 00:03:35.193 29613 29632 W Unity   : [MonsterAI] Skeleton has high velocity 3.76, resetting to walk speed
01-26 00:03:35.193 29613 29632 W Unity   : UnityEngine.DebugLogHandler:Internal_Log(LogType, LogOption, String, Object)
01-26 00:03:35.193 29613 29632 W Unity   : VRDungeonCrawler.AI.MonsterAI:FixedUpdate()
01-26 00:03:35.193 29613 29632 W Unity   : 
01-26 00:03:35.196 29613 29632 I Unity   : [SpellCaster] UI detected: ReadyText on layer 5
01-26 00:03:35.196 29613 29632 I Unity   : UnityEngine.DebugLogHandler:Internal_Log(LogType, LogOption, String, Object)
01-26 00:03:35.196 29613 29632 I Unity   : VRDungeonCrawler.Spells.SpellCaster:Update()
01-26 00:03:35.196 29613 29632 I Unity   : 
01-26 00:03:35.197 29613 29653 E Unity   : Particle Velocity curves must all be in the same mode
01-26 00:03:35.197 29613 29653 E Unity   : Particle Velocity curves must all be in the same mode
01-26 00:03:35.197 29613 29653 E Unity   : Particle Velocity curves must all be in the same mode
01-26 00:03:35.197 29613 29653 E Unity   : Particle Velocity curves must all be in the same mode
01-26 00:03:35.208 29613 29632 I Unity   : [SpellCaster] UI detected: ReadyText on layer 5
01-26 00:03:35.208 29613 29632 I Unity   : UnityEngine.DebugLogHandler:Internal_Log(LogType, LogOption, String, Object)
01-26 00:03:35.208 29613 29632 I Unity   : VRDungeonCrawler.Spells.SpellCaster:Update()
01-26 00:03:35.208 29613 29632 I Unity   : 
01-26 00:03:35.208 29613 29653 E Unity   : Particle Velocity curves must all be in the same mode
01-26 00:03:35.209 29613 29653 E Unity   : Particle Velocity curves must all be in the same mode
01-26 00:03:35.209 29613 29653 E Unity   : Particle Velocity curves must all be in the same mode
01-26 00:03:35.209 29613 29653 E Unity   : Particle Velocity curves must all be in the same mode
01-26 00:03:35.221 29613 29632 W Unity   : [MonsterAI] Skeleton has high velocity 3.80, resetting to walk speed
01-26 00:03:35.221 29613 29632 W Unity   : UnityEngine.DebugLogHandler:Internal_Log(LogType, LogOption, String, Object)
01-26 00:03:35.221 29613 29632 W Unity   : VRDungeonCrawler.AI.MonsterAI:FixedUpdate()
01-26 00:03:35.221 29613 29632 W Unity   : 
01-26 00:03:35.224 29613 29632 I Unity   : [SpellCaster] UI detected: ReadyText on layer 5
01-26 00:03:35.224 29613 29632 I Unity   : UnityEngine.DebugLogHandler:Internal_Log(LogType, LogOption, String, Object)
01-26 00:03:35.224 29613 29632 I Unity   : VRDungeonCrawler.Spells.SpellCaster:Update()
01-26 00:03:35.224 29613 29632 I Unity   : 
01-26 00:03:35.225 29613 29653 E Unity   : Particle Velocity curves must all be in the same mode
01-26 00:03:35.225 29613 29653 E Unity   : Particle Velocity curves must all be in the same mode
01-26 00:03:35.225 29613 29653 E Unity   : Particle Velocity curves must all be in the same mode
01-26 00:03:35.225 29613 29653 E Unity   : Particle Velocity curves must all be in the same mode
01-26 00:03:35.230 29613 29632 W Unity   : [MonsterAI] Skeleton has high velocity 3.85, resetting to walk speed
01-26 00:03:35.230 29613 29632 W Unity   : UnityEngine.DebugLogHandler:Internal_Log(LogType, LogOption, String, Object)
01-26 00:03:35.230 29613 29632 W Unity   : VRDungeonCrawler.AI.MonsterAI:FixedUpdate()
01-26 00:03:35.230 29613 29632 W Unity   : 
01-26 00:03:35.232 29613 29632 I Unity   : [SpellCaster] UI detected: ReadyText on layer 5
01-26 00:03:35.232 29613 29632 I Unity   : UnityEngine.DebugLogHandler:Internal_Log(LogType, LogOption, String, Object)
01-26 00:03:35.232 29613 29632 I Unity   : VRDungeonCrawler.Spells.SpellCaster:Update()
01-26 00:03:35.232 29613 29632 I Unity   : 
01-26 00:03:35.232 29613 29653 E Unity   : Particle Velocity curves must all be in the same mode
01-26 00:03:35.233 29613 29653 E Unity   : Particle Velocity curves must all be in the same mode
01-26 00:03:35.233 29613 29653 E Unity   : Particle Velocity curves must all be in the same mode
01-26 00:03:35.239 29613 29632 I Unity   : [SpellCaster] UI detected: ReadyText on layer 5
01-26 00:03:35.239 29613 29632 I Unity   : UnityEngine.DebugLogHandler:Internal_Log(LogType, LogOption, String, Object)
01-26 00:03:35.239 29613 29632 I Unity   : VRDungeonCrawler.Spells.SpellCaster:Update()
01-26 00:03:35.239 29613 29632 I Unity   : 
01-26 00:03:35.239 29613 29653 E Unity   : Particle Velocity curves must all be in the same mode
01-26 00:03:35.239 29613 29653 E Unity   : Particle Velocity curves must all be in the same mode
01-26 00:03:35.240 29613 29653 E Unity   : Particle Velocity curves must all be in the same mode
01-26 00:03:35.240 29613 29653 E Unity   : Particle Velocity curves must all be in the same mode
01-26 00:03:35.240 29613 29653 E Unity   : Particle Velocity curves must all be in the same mode
01-26 00:03:35.240 29613 29653 E Unity   : Particle Velocity curves must all be in the same mode
01-26 00:03:35.250 29613 29632 W Unity   : [MonsterAI] Skeleton has high velocity 3.89, resetting to walk speed
01-26 00:03:35.250 29613 29632 W Unity   : UnityEngine.DebugLogHandler:Internal_Log(LogType, LogOption, String, Object)
01-26 00:03:35.250 29613 29632 W Unity   : VRDungeonCrawler.AI.MonsterAI:FixedUpdate()
01-26 00:03:35.250 29613 29632 W Unity   : 
01-26 00:03:35.253 29613 29632 I Unity   : [SpellCaster] UI detected: ReadyText on layer 5
01-26 00:03:35.253 29613 29632 I Unity   : UnityEngine.DebugLogHandler:Internal_Log(LogType, LogOption, String, Object)
01-26 00:03:35.253 29613 29632 I Unity   : VRDungeonCrawler.Spells.SpellCaster:Update()
01-26 00:03:35.253 29613 29632 I Unity   : 
01-26 00:03:35.253 29613 29653 E Unity   : Particle Velocity curves must all be in the same mode
01-26 00:03:35.253 29613 29653 E Unity   : Particle Velocity curves must all be in the same mode
01-26 00:03:35.253 29613 29653 E Unity   : Particle Velocity curves must all be in the same mode
01-26 00:03:35.265 29613 29632 I Unity   : [SpellCaster] UI detected: ReadyText on layer 5
01-26 00:03:35.265 29613 29632 I Unity   : UnityEngine.DebugLogHandler:Internal_Log(LogType, LogOption, String, Object)
01-26 00:03:35.265 29613 29632 I Unity   : VRDungeonCrawler.Spells.SpellCaster:Update()
01-26 00:03:35.265 29613 29632 I Unity   : 
01-26 00:03:35.265 29613 29653 E Unity   : Particle Velocity curves must all be in the same mode
01-26 00:03:35.265 29613 29653 E Unity   : Particle Velocity curves must all be in the same mode
01-26 00:03:35.265 29613 29653 E Unity   : Particle Velocity curves must all be in the same mode
01-26 00:03:35.266 29613 29653 E Unity   : Particle Velocity curves must all be in the same mode
01-26 00:03:35.278 29613 29632 W Unity   : [MonsterAI] Skeleton has high velocity 3.92, resetting to walk speed
01-26 00:03:35.278 29613 29632 W Unity   : UnityEngine.DebugLogHandler:Internal_Log(LogType, LogOption, String, Object)
01-26 00:03:35.278 29613 29632 W Unity   : VRDungeonCrawler.AI.MonsterAI:FixedUpdate()
01-26 00:03:35.278 29613 29632 W Unity   : 
01-26 00:03:35.281 29613 29632 I Unity   : [SpellCaster] UI detected: ReadyText on layer 5
01-26 00:03:35.281 29613 29632 I Unity   : UnityEngine.DebugLogHandler:Internal_Log(LogType, LogOption, String, Object)
01-26 00:03:35.281 29613 29632 I Unity   : VRDungeonCrawler.Spells.SpellCaster:Update()
01-26 00:03:35.281 29613 29632 I Unity   : 
01-26 00:03:35.281 29613 29653 E Unity   : Particle Velocity curves must all be in the same mode
01-26 00:03:35.281 29613 29653 E Unity   : Particle Velocity curves must all be in the same mode
01-26 00:03:35.281 29613 29653 E Unity   : Particle Velocity curves must all be in the same mode
01-26 00:03:35.281 29613 29653 E Unity   : Particle Velocity curves must all be in the same mode
01-26 00:03:35.292 29613 29632 W Unity   : [MonsterAI] Skeleton has high velocity 3.96, resetting to walk speed
01-26 00:03:35.292 29613 29632 W Unity   : UnityEngine.DebugLogHandler:Internal_Log(LogType, LogOption, String, Object)
01-26 00:03:35.292 29613 29632 W Unity   : VRDungeonCrawler.AI.MonsterAI:FixedUpdate()
01-26 00:03:35.292 29613 29632 W Unity   : 
01-26 00:03:35.294 29613 29632 I Unity   : [SpellCaster] UI detected: ReadyText on layer 5
01-26 00:03:35.294 29613 29632 I Unity   : UnityEngine.DebugLogHandler:Internal_Log(LogType, LogOption, String, Object)
01-26 00:03:35.294 29613 29632 I Unity   : VRDungeonCrawler.Spells.SpellCaster:Update()
01-26 00:03:35.294 29613 29632 I Unity   : 
01-26 00:03:35.295 29613 29653 E Unity   : Particle Velocity curves must all be in the same mode
01-26 00:03:35.295 29613 29653 E Unity   : Particle Velocity curves must all be in the same mode
01-26 00:03:35.295 29613 29653 E Unity   : Particle Velocity curves must all be in the same mode
01-26 00:03:35.295 29613 29653 E Unity   : Particle Velocity curves must all be in the same mode
01-26 00:03:35.307 29613 29632 I Unity   : [SpellCaster] UI detected: ReadyText on layer 5
01-26 00:03:35.307 29613 29632 I Unity   : UnityEngine.DebugLogHandler:Internal_Log(LogType, LogOption, String, Object)
01-26 00:03:35.307 29613 29632 I Unity   : VRDungeonCrawler.Spells.SpellCaster:Update()
01-26 00:03:35.307 29613 29632 I Unity   : 
01-26 00:03:35.307 29613 29653 E Unity   : Particle Velocity curves must all be in the same mode
01-26 00:03:35.307 29613 29653 E Unity   : Particle Velocity curves must all be in the same mode
01-26 00:03:35.307 29613 29653 E Unity   : Particle Velocity curves must all be in the same mode
01-26 00:03:35.308 29613 29653 E Unity   : Particle Velocity curves must all be in the same mode
01-26 00:03:35.308 29613 29653 E Unity   : Particle Velocity curves must all be in the same mode
01-26 00:03:35.320 29613 29632 W Unity   : [MonsterAI] Skeleton has high velocity 4.00, resetting to walk speed
01-26 00:03:35.320 29613 29632 W Unity   : UnityEngine.DebugLogHandler:Internal_Log(LogType, LogOption, String, Object)
01-26 00:03:35.320 29613 29632 W Unity   : VRDungeonCrawler.AI.MonsterAI:FixedUpdate()
01-26 00:03:35.320 29613 29632 W Unity   : 
01-26 00:03:35.322 29613 29632 I Unity   : [SpellCaster] UI detected: ReadyText on layer 5
01-26 00:03:35.322 29613 29632 I Unity   : UnityEngine.DebugLogHandler:Internal_Log(LogType, LogOption, String, Object)
01-26 00:03:35.322 29613 29632 I Unity   : VRDungeonCrawler.Spells.SpellCaster:Update()
01-26 00:03:35.322 29613 29632 I Unity   : 
01-26 00:03:35.323 29613 29653 E Unity   : Particle Velocity curves must all be in the same mode
01-26 00:03:35.323 29613 29653 E Unity   : Particle Velocity curves must all be in the same mode
01-26 00:03:35.323 29613 29653 E Unity   : Particle Velocity curves must all be in the same mode
01-26 00:03:35.323 29613 29653 E Unity   : Particle Velocity curves must all be in the same mode
01-26 00:03:35.333 29613 29632 W Unity   : [MonsterAI] Skeleton has high velocity 4.03, resetting to walk speed
01-26 00:03:35.333 29613 29632 W Unity   : UnityEngine.DebugLogHandler:Internal_Log(LogType, LogOption, String, Object)
01-26 00:03:35.333 29613 29632 W Unity   : VRDungeonCrawler.AI.MonsterAI:FixedUpdate()
01-26 00:03:35.333 29613 29632 W Unity   : 
01-26 00:03:35.336 29613 29632 I Unity   : [SpellCaster] UI detected: ReadyText on layer 5
01-26 00:03:35.336 29613 29632 I Unity   : UnityEngine.DebugLogHandler:Internal_Log(LogType, LogOption, String, Object)
01-26 00:03:35.336 29613 29632 I Unity   : VRDungeonCrawler.Spells.SpellCaster:Update()
01-26 00:03:35.336 29613 29632 I Unity   : 
01-26 00:03:35.336 29613 29653 E Unity   : Particle Velocity curves must all be in the same mode
01-26 00:03:35.337 29613 29653 E Unity   : Particle Velocity curves must all be in the same mode
01-26 00:03:35.337 29613 29653 E Unity   : Particle Velocity curves must all be in the same mode
01-26 00:03:35.347 29613 29632 W Unity   : [MonsterAI] Skeleton has high velocity 4.06, resetting to walk speed
01-26 00:03:35.347 29613 29632 W Unity   : UnityEngine.DebugLogHandler:Internal_Log(LogType, LogOption, String, Object)
01-26 00:03:35.347 29613 29632 W Unity   : VRDungeonCrawler.AI.MonsterAI:FixedUpdate()
01-26 00:03:35.347 29613 29632 W Unity   : 
01-26 00:03:35.349 29613 29632 E Unity   : Tag: Projectile is not defined.
01-26 00:03:35.349 29613 29632 E Unity   : UnityEngine.GameObject:CompareTag_Internal(String)
01-26 00:03:35.349 29613 29632 E Unity   : VRDungeonCrawler.AI.AnimalAI:HandleSpellHit(Collider)
01-26 00:03:35.349 29613 29632 E Unity   : 
01-26 00:03:35.349 29613 29632 E Unity   : [ line 436124312]
01-26 00:03:35.349 29613 29632 E Unity   : 
01-26 00:03:35.350 29613 29632 I Unity   : [SpellCaster] UI detected: ReadyText on layer 5
01-26 00:03:35.350 29613 29632 I Unity   : UnityEngine.DebugLogHandler:Internal_Log(LogType, LogOption, String, Object)
01-26 00:03:35.350 29613 29632 I Unity   : VRDungeonCrawler.Spells.SpellCaster:Update()
01-26 00:03:35.350 29613 29632 I Unity   : 
01-26 00:03:35.351 29613 29653 E Unity   : Particle Velocity curves must all be in the same mode
01-26 00:03:35.351 29613 29653 E Unity   : Particle Velocity curves must all be in the same mode
01-26 00:03:35.351 29613 29653 E Unity   : Particle Velocity curves must all be in the same mode
01-26 00:03:35.351 29613 29653 E Unity   : Particle Velocity curves must all be in the same mode
01-26 00:03:35.351 29613 29653 E Unity   : Particle Velocity curves must all be in the same mode
01-26 00:03:35.362 29613 29632 I Unity   : [SpellCaster] UI detected: ReadyText on layer 5
01-26 00:03:35.362 29613 29632 I Unity   : UnityEngine.DebugLogHandler:Internal_Log(LogType, LogOption, String, Object)
01-26 00:03:35.362 29613 29632 I Unity   : VRDungeonCrawler.Spells.SpellCaster:Update()
01-26 00:03:35.362 29613 29632 I Unity   : 
01-26 00:03:35.363 29613 29653 E Unity   : Particle Velocity curves must all be in the same mode
01-26 00:03:35.363 29613 29653 E Unity   : Particle Velocity curves must all be in the same mode
01-26 00:03:35.363 29613 29653 E Unity   : Particle Velocity curves must all be in the same mode
01-26 00:03:35.375 29613 29632 W Unity   : [MonsterAI] Skeleton has high velocity 4.09, resetting to walk speed
01-26 00:03:35.375 29613 29632 W Unity   : UnityEngine.DebugLogHandler:Internal_Log(LogType, LogOption, String, Object)
01-26 00:03:35.375 29613 29632 W Unity   : VRDungeonCrawler.AI.MonsterAI:FixedUpdate()
01-26 00:03:35.375 29613 29632 W Unity   : 
01-26 00:03:35.377 29613 29632 E Unity   : Tag: Projectile is not defined.
01-26 00:03:35.377 29613 29632 E Unity   : UnityEngine.GameObject:CompareTag_Internal(String)
01-26 00:03:35.377 29613 29632 E Unity   : VRDungeonCrawler.AI.AnimalAI:HandleSpellHit(Collider)
01-26 00:03:35.377 29613 29632 E Unity   : UnityEngine.Physics:ReportContacts(ReadOnly)
01-26 00:03:35.377 29613 29632 E Unity   : UnityEngine.Physics:OnSceneContact(PhysicsScene, IntPtr, Int32)
01-26 00:03:35.377 29613 29632 E Unity   : 
01-26 00:03:35.377 29613 29632 E Unity   : [ line 436123672]
01-26 00:03:35.377 29613 29632 E Unity   : 
01-26 00:03:35.378 29613 29632 I Unity   : [SpellCaster] UI detected: ReadyText on layer 5
01-26 00:03:35.378 29613 29632 I Unity   : UnityEngine.DebugLogHandler:Internal_Log(LogType, LogOption, String, Object)
01-26 00:03:35.378 29613 29632 I Unity   : VRDungeonCrawler.Spells.SpellCaster:Update()
01-26 00:03:35.378 29613 29632 I Unity   : 
01-26 00:03:35.378 29613 29653 E Unity   : Particle Velocity curves must all be in the same mode
01-26 00:03:35.379 29613 29653 E Unity   : Particle Velocity curves must all be in the same mode
01-26 00:03:35.379 29613 29653 E Unity   : Particle Velocity curves must all be in the same mode
01-26 00:03:35.379 29613 29653 E Unity   : Particle Velocity curves must all be in the same mode
01-26 00:03:35.379 29613 29653 E Unity   : Particle Velocity curves must all be in the same mode
01-26 00:03:35.379 29613 29653 E Unity   : Particle Velocity curves must all be in the same mode
01-26 00:03:35.389 29613 29632 W Unity   : [MonsterAI] Skeleton has high velocity 4.12, resetting to walk speed
01-26 00:03:35.389 29613 29632 W Unity   : UnityEngine.DebugLogHandler:Internal_Log(LogType, LogOption, String, Object)
01-26 00:03:35.389 29613 29632 W Unity   : VRDungeonCrawler.AI.MonsterAI:FixedUpdate()
01-26 00:03:35.389 29613 29632 W Unity   : 
01-26 00:03:35.392 29613 29632 I Unity   : [SpellCaster] UI detected: ReadyText on layer 5
01-26 00:03:35.392 29613 29632 I Unity   : UnityEngine.DebugLogHandler:Internal_Log(LogType, LogOption, String, Object)
01-26 00:03:35.392 29613 29632 I Unity   : VRDungeonCrawler.Spells.SpellCaster:Update()
01-26 00:03:35.392 29613 29632 I Unity   : 
01-26 00:03:35.392 29613 29653 E Unity   : Particle Velocity curves must all be in the same mode
01-26 00:03:35.392 29613 29653 E Unity   : Particle Velocity curves must all be in the same mode
01-26 00:03:35.392 29613 29653 E Unity   : Particle Velocity curves must all be in the same mode
01-26 00:03:35.404 29613 29632 I Unity   : [SpellCaster] UI detected: ReadyText on layer 5
01-26 00:03:35.404 29613 29632 I Unity   : UnityEngine.DebugLogHandler:Internal_Log(LogType, LogOption, String, Object)
01-26 00:03:35.404 29613 29632 I Unity   : VRDungeonCrawler.Spells.SpellCaster:Update()
01-26 00:03:35.404 29613 29632 I Unity   : 
01-26 00:03:35.404 29613 29653 E Unity   : Particle Velocity curves must all be in the same mode
01-26 00:03:35.404 29613 29653 E Unity   : Particle Velocity curves must all be in the same mode
01-26 00:03:35.405 29613 29653 E Unity   : Particle Velocity curves must all be in the same mode
01-26 00:03:35.405 29613 29653 E Unity   : Particle Velocity curves must all be in the same mode
01-26 00:03:35.417 29613 29632 W Unity   : [MonsterAI] Skeleton has high velocity 4.15, resetting to walk speed
01-26 00:03:35.417 29613 29632 W Unity   : UnityEngine.DebugLogHandler:Internal_Log(LogType, LogOption, String, Object)
01-26 00:03:35.417 29613 29632 W Unity   : VRDungeonCrawler.AI.MonsterAI:FixedUpdate()
01-26 00:03:35.417 29613 29632 W Unity   : 
01-26 00:03:35.420 29613 29632 I Unity   : [SpellCaster] UI detected: ReadyText on layer 5
01-26 00:03:35.420 29613 29632 I Unity   : UnityEngine.DebugLogHandler:Internal_Log(LogType, LogOption, String, Object)
01-26 00:03:35.420 29613 29632 I Unity   : VRDungeonCrawler.Spells.SpellCaster:Update()
01-26 00:03:35.420 29613 29632 I Unity   : 
01-26 00:03:35.420 29613 29653 E Unity   : Particle Velocity curves must all be in the same mode
01-26 00:03:35.420 29613 29653 E Unity   : Particle Velocity curves must all be in the same mode
01-26 00:03:35.420 29613 29653 E Unity   : Particle Velocity curves must all be in the same mode
01-26 00:03:35.421 29613 29653 E Unity   : Particle Velocity curves must all be in the same mode
01-26 00:03:35.421 29613 29653 E Unity   : Particle Velocity curves must all be in the same mode
01-26 00:03:35.431 29613 29632 W Unity   : [MonsterAI] Skeleton has high velocity 4.18, resetting to walk speed
01-26 00:03:35.431 29613 29632 W Unity   : UnityEngine.DebugLogHandler:Internal_Log(LogType, LogOption, String, Object)
01-26 00:03:35.431 29613 29632 W Unity   : VRDungeonCrawler.AI.MonsterAI:FixedUpdate()
01-26 00:03:35.431 29613 29632 W Unity   : 
01-26 00:03:35.433 29613 29632 I Unity   : [SpellCaster] UI detected: ReadyText on layer 5
01-26 00:03:35.433 29613 29632 I Unity   : UnityEngine.DebugLogHandler:Internal_Log(LogType, LogOption, String, Object)
01-26 00:03:35.433 29613 29632 I Unity   : VRDungeonCrawler.Spells.SpellCaster:Update()
01-26 00:03:35.433 29613 29632 I Unity   : 
01-26 00:03:35.434 29613 29653 E Unity   : Particle Velocity curves must all be in the same mode
01-26 00:03:35.434 29613 29653 E Unity   : Particle Velocity curves must all be in the same mode
01-26 00:03:35.434 29613 29653 E Unity   : Particle Velocity curves must all be in the same mode
01-26 00:03:35.445 29613 29632 I Unity   : [UIRayVisualConfig] hasUIRaycast: True
01-26 00:03:35.445 29613 29632 I Unity   : UnityEngine.DebugLogHandler:Internal_Log(LogType, LogOption, String, Object)
01-26 00:03:35.445 29613 29632 I Unity   : VRDungeonCrawler.Player.UIRayVisualConfig:Update()
01-26 00:03:35.445 29613 29632 I Unity   : 
01-26 00:03:35.446 29613 29632 I Unity   : [UIRayVisualConfig] UI hit: ReadyText, layer: 5, worldPos: (0.34, 1.11, 2.59)
01-26 00:03:35.446 29613 29632 I Unity   : UnityEngine.DebugLogHandler:Internal_Log(LogType, LogOption, String, Object)
01-26 00:03:35.446 29613 29632 I Unity   : VRDungeonCrawler.Player.UIRayVisualConfig:Update()
01-26 00:03:35.446 29613 29632 I Unity   : 
01-26 00:03:35.446 29613 29632 I Unity   : [UIRayVisualConfig] Showing reticle at (0.34, 1.11, 2.59), normal: (-0.04, 0.00, -1.00)
01-26 00:03:35.446 29613 29632 I Unity   : UnityEngine.DebugLogHandler:Internal_Log(LogType, LogOption, String, Object)
01-26 00:03:35.446 29613 29632 I Unity   : VRDungeonCrawler.Player.UIRayVisualConfig:Update()
01-26 00:03:35.446 29613 29632 I Unity   : 
01-26 00:03:35.446 29613 29632 I Unity   : [SpellCaster] UI detected: ReadyText on layer 5
01-26 00:03:35.446 29613 29632 I Unity   : UnityEngine.DebugLogHandler:Internal_Log(LogType, LogOption, String, Object)
01-26 00:03:35.446 29613 29632 I Unity   : VRDungeonCrawler.Spells.SpellCaster:Update()
01-26 00:03:35.446 29613 29632 I Unity   : 
01-26 00:03:35.447 29613 29653 E Unity   : Particle Velocity curves must all be in the same mode
01-26 00:03:35.447 29613 29653 E Unity   : Particle Velocity curves must all be in the same mode
01-26 00:03:35.447 29613 29653 E Unity   : Particle Velocity curves must all be in the same mode
01-26 00:03:35.447 29613 29653 E Unity   : Particle Velocity curves must all be in the same mode
01-26 00:03:35.447 29613 29653 E Unity   : Particle Velocity curves must all be in the same mode
01-26 00:03:35.448 29613 29653 E Unity   : Particle Velocity curves must all be in the same mode
01-26 00:03:35.459 29613 29632 W Unity   : [MonsterAI] Skeleton has high velocity 4.21, resetting to walk speed
01-26 00:03:35.459 29613 29632 W Unity   : UnityEngine.DebugLogHandler:Internal_Log(LogType, LogOption, String, Object)
01-26 00:03:35.459 29613 29632 W Unity   : VRDungeonCrawler.AI.MonsterAI:FixedUpdate()
01-26 00:03:35.459 29613 29632 W Unity   : 
01-26 00:03:35.461 29613 29632 I Unity   : [SpellCaster] UI detected: ReadyText on layer 5
01-26 00:03:35.461 29613 29632 I Unity   : UnityEngine.DebugLogHandler:Internal_Log(LogType, LogOption, String, Object)
01-26 00:03:35.461 29613 29632 I Unity   : VRDungeonCrawler.Spells.SpellCaster:Update()
01-26 00:03:35.461 29613 29632 I Unity   : 
01-26 00:03:35.461 29613 29653 E Unity   : Particle Velocity curves must all be in the same mode
01-26 00:03:35.462 29613 29653 E Unity   : Particle Velocity curves must all be in the same mode
01-26 00:03:35.462 29613 29653 E Unity   : Particle Velocity curves must all be in the same mode
01-26 00:03:35.472 29613 29632 W Unity   : [MonsterAI] Skeleton has high velocity 4.23, resetting to walk speed
01-26 00:03:35.472 29613 29632 W Unity   : UnityEngine.DebugLogHandler:Internal_Log(LogType, LogOption, String, Object)
01-26 00:03:35.472 29613 29632 W Unity   : VRDungeonCrawler.AI.MonsterAI:FixedUpdate()
01-26 00:03:35.472 29613 29632 W Unity   : 
01-26 00:03:35.475 29613 29632 I Unity   : [AnimalAI] Squirrel pausing
01-26 00:03:35.475 29613 29632 I Unity   : UnityEngine.DebugLogHandler:Internal_Log(LogType, LogOption, String, Object)
01-26 00:03:35.475 29613 29632 I Unity   : VRDungeonCrawler.AI.AnimalAI:Update()
01-26 00:03:35.475 29613 29632 I Unity   : 
01-26 00:03:35.476 29613 29632 I Unity   : [SpellCaster] UI detected: ReadyText on layer 5
01-26 00:03:35.476 29613 29632 I Unity   : UnityEngine.DebugLogHandler:Internal_Log(LogType, LogOption, String, Object)
01-26 00:03:35.476 29613 29632 I Unity   : VRDungeonCrawler.Spells.SpellCaster:Update()
01-26 00:03:35.476 29613 29632 I Unity   : 
01-26 00:03:35.476 29613 29653 E Unity   : Particle Velocity curves must all be in the same mode
01-26 00:03:35.476 29613 29653 E Unity   : Particle Velocity curves must all be in the same mode
01-26 00:03:35.476 29613 29653 E Unity   : Particle Velocity curves must all be in the same mode
01-26 00:03:35.477 29613 29653 E Unity   : Particle Velocity curves must all be in the same mode
01-26 00:03:35.487 29613 29632 I Unity   : [SpellCaster] UI detected: ReadyText on layer 5
01-26 00:03:35.487 29613 29632 I Unity   : UnityEngine.DebugLogHandler:Internal_Log(LogType, LogOption, String, Object)
01-26 00:03:35.487 29613 29632 I Unity   : VRDungeonCrawler.Spells.SpellCaster:Update()
01-26 00:03:35.487 29613 29632 I Unity   : 
01-26 00:03:35.488 29613 29653 E Unity   : Particle Velocity curves must all be in the same mode
01-26 00:03:35.488 29613 29653 E Unity   : Particle Velocity curves must all be in the same mode
01-26 00:03:35.488 29613 29653 E Unity   : Particle Velocity curves must all be in the same mode
01-26 00:03:35.489 29613 29653 E Unity   : Particle Velocity curves must all be in the same mode
01-26 00:03:35.500 29613 29632 W Unity   : [MonsterAI] Skeleton has high velocity 4.26, resetting to walk speed
01-26 00:03:35.500 29613 29632 W Unity   : UnityEngine.DebugLogHandler:Internal_Log(LogType, LogOption, String, Object)
01-26 00:03:35.500 29613 29632 W Unity   : VRDungeonCrawler.AI.MonsterAI:FixedUpdate()
01-26 00:03:35.500 29613 29632 W Unity   : 
01-26 00:03:35.503 29613 29632 I Unity   : [AnimalAI] Squirrel pausing
01-26 00:03:35.503 29613 29632 I Unity   : UnityEngine.DebugLogHandler:Internal_Log(LogType, LogOption, String, Object)
01-26 00:03:35.503 29613 29632 I Unity   : VRDungeonCrawler.AI.AnimalAI:Update()
01-26 00:03:35.503 29613 29632 I Unity   : 
01-26 00:03:35.503 29613 29632 I Unity   : [SpellCaster] UI detected: ReadyText on layer 5
01-26 00:03:35.503 29613 29632 I Unity   : UnityEngine.DebugLogHandler:Internal_Log(LogType, LogOption, String, Object)
01-26 00:03:35.503 29613 29632 I Unity   : VRDungeonCrawler.Spells.SpellCaster:Update()
01-26 00:03:35.503 29613 29632 I Unity   : 
01-26 00:03:35.504 29613 29653 E Unity   : Particle Velocity curves must all be in the same mode
01-26 00:03:35.504 29613 29653 E Unity   : Particle Velocity curves must all be in the same mode
01-26 00:03:35.504 29613 29653 E Unity   : Particle Velocity curves must all be in the same mode
01-26 00:03:35.504 29613 29653 E Unity   : Particle Velocity curves must all be in the same mode
01-26 00:03:35.514 29613 29632 W Unity   : [MonsterAI] Skeleton has high velocity 4.28, resetting to walk speed
01-26 00:03:35.514 29613 29632 W Unity   : UnityEngine.DebugLogHandler:Internal_Log(LogType, LogOption, String, Object)
01-26 00:03:35.514 29613 29632 W Unity   : VRDungeonCrawler.AI.MonsterAI:FixedUpdate()
01-26 00:03:35.514 29613 29632 W Unity   : 
01-26 00:03:35.517 29613 29632 I Unity   : [SpellCaster] UI detected: ReadyText on layer 5
01-26 00:03:35.517 29613 29632 I Unity   : UnityEngine.DebugLogHandler:Internal_Log(LogType, LogOption, String, Object)
01-26 00:03:35.517 29613 29632 I Unity   : VRDungeonCrawler.Spells.SpellCaster:Update()
01-26 00:03:35.517 29613 29632 I Unity   : 
01-26 00:03:35.517 29613 29653 E Unity   : Particle Velocity curves must all be in the same mode
01-26 00:03:35.517 29613 29653 E Unity   : Particle Velocity curves must all be in the same mode
01-26 00:03:35.518 29613 29653 E Unity   : Particle Velocity curves must all be in the same mode
01-26 00:03:35.518 29613 29653 E Unity   : Particle Velocity curves must all be in the same mode
01-26 00:03:35.518 29613 29653 E Unity   : Particle Velocity curves must all be in the same mode
01-26 00:03:35.528 29613 29632 W Unity   : [MonsterAI] Skeleton has high velocity 4.30, resetting to walk speed
01-26 00:03:35.528 29613 29632 W Unity   : UnityEngine.DebugLogHandler:Internal_Log(LogType, LogOption, String, Object)
01-26 00:03:35.528 29613 29632 W Unity   : VRDungeonCrawler.AI.MonsterAI:FixedUpdate()
01-26 00:03:35.528 29613 29632 W Unity   : 
01-26 00:03:35.531 29613 29632 I Unity   : [SpellCaster] UI detected: ReadyText on layer 5
01-26 00:03:35.531 29613 29632 I Unity   : UnityEngine.DebugLogHandler:Internal_Log(LogType, LogOption, String, Object)
01-26 00:03:35.531 29613 29632 I Unity   : VRDungeonCrawler.Spells.SpellCaster:Update()
01-26 00:03:35.531 29613 29632 I Unity   : 
01-26 00:03:35.532 29613 29653 E Unity   : Particle Velocity curves must all be in the same mode
01-26 00:03:35.532 29613 29653 E Unity   : Particle Velocity curves must all be in the same mode
01-26 00:03:35.532 29613 29653 E Unity   : Particle Velocity curves must all be in the same mode
01-26 00:03:35.532 29613 29653 E Unity   : Particle Velocity curves must all be in the same mode
01-26 00:03:35.543 29613 29632 I Unity   : [SpellCaster] UI detected: ReadyText on layer 5
01-26 00:03:35.543 29613 29632 I Unity   : UnityEngine.DebugLogHandler:Internal_Log(LogType, LogOption, String, Object)
01-26 00:03:35.543 29613 29632 I Unity   : VRDungeonCrawler.Spells.SpellCaster:Update()
01-26 00:03:35.543 29613 29632 I Unity   : 
01-26 00:03:35.543 29613 29653 E Unity   : Particle Velocity curves must all be in the same mode
01-26 00:03:35.543 29613 29653 E Unity   : Particle Velocity curves must all be in the same mode
01-26 00:03:35.543 29613 29653 E Unity   : Particle Velocity curves must all be in the same mode
01-26 00:03:35.544 29613 29653 E Unity   : Particle Velocity curves must all be in the same mode
01-26 00:03:35.544 29613 29653 E Unity   : Particle Velocity curves must all be in the same mode
01-26 00:03:35.556 29613 29632 W Unity   : [MonsterAI] Skeleton has high velocity 4.32, resetting to walk speed
01-26 00:03:35.556 29613 29632 W Unity   : UnityEngine.DebugLogHandler:Internal_Log(LogType, LogOption, String, Object)
01-26 00:03:35.556 29613 29632 W Unity   : VRDungeonCrawler.AI.MonsterAI:FixedUpdate()
01-26 00:03:35.556 29613 29632 W Unity   : 
01-26 00:03:35.559 29613 29632 I Unity   : [SpellCaster] UI detected: ReadyText on layer 5
01-26 00:03:35.559 29613 29632 I Unity   : UnityEngine.DebugLogHandler:Internal_Log(LogType, LogOption, String, Object)
01-26 00:03:35.559 29613 29632 I Unity   : VRDungeonCrawler.Spells.SpellCaster:Update()
01-26 00:03:35.559 29613 29632 I Unity   : 
01-26 00:03:35.560 29613 29653 E Unity   : Particle Velocity curves must all be in the same mode
01-26 00:03:35.560 29613 29653 E Unity   : Particle Velocity curves must all be in the same mode
01-26 00:03:35.560 29613 29653 E Unity   : Particle Velocity curves must all be in the same mode
01-26 00:03:35.570 29613 29632 W Unity   : [MonsterAI] Skeleton has high velocity 4.34, resetting to walk speed
01-26 00:03:35.570 29613 29632 W Unity   : UnityEngine.DebugLogHandler:Internal_Log(LogType, LogOption, String, Object)
01-26 00:03:35.570 29613 29632 W Unity   : VRDungeonCrawler.AI.MonsterAI:FixedUpdate()
01-26 00:03:35.570 29613 29632 W Unity   : 
01-26 00:03:35.573 29613 29632 I Unity   : [SpellCaster] UI detected: ReadyText on layer 5
01-26 00:03:35.573 29613 29632 I Unity   : UnityEngine.DebugLogHandler:Internal_Log(LogType, LogOption, String, Object)
01-26 00:03:35.573 29613 29632 I Unity   : VRDungeonCrawler.Spells.SpellCaster:Update()
01-26 00:03:35.573 29613 29632 I Unity   : 
01-26 00:03:35.573 29613 29653 E Unity   : Particle Velocity curves must all be in the same mode
01-26 00:03:35.573 29613 29653 E Unity   : Particle Velocity curves must all be in the same mode
01-26 00:03:35.574 29613 29653 E Unity   : Particle Velocity curves must all be in the same mode
01-26 00:03:35.574 29613 29653 E Unity   : Particle Velocity curves must all be in the same mode
01-26 00:03:35.584 29613 29632 I Unity   : [SpellCaster] UI detected: ReadyText on layer 5
01-26 00:03:35.584 29613 29632 I Unity   : UnityEngine.DebugLogHandler:Internal_Log(LogType, LogOption, String, Object)
01-26 00:03:35.584 29613 29632 I Unity   : VRDungeonCrawler.Spells.SpellCaster:Update()
01-26 00:03:35.584 29613 29632 I Unity   : 
01-26 00:03:35.585 29613 29653 E Unity   : Particle Velocity curves must all be in the same mode
01-26 00:03:35.585 29613 29653 E Unity   : Particle Velocity curves must all be in the same mode
01-26 00:03:35.585 29613 29653 E Unity   : Particle Velocity curves must all be in the same mode
01-26 00:03:35.585 29613 29653 E Unity   : Particle Velocity curves must all be in the same mode
01-26 00:03:35.586 29613 29653 E Unity   : Particle Velocity curves must all be in the same mode
01-26 00:03:35.598 29613 29632 W Unity   : [MonsterAI] Skeleton has high velocity 4.36, resetting to walk speed
01-26 00:03:35.598 29613 29632 W Unity   : UnityEngine.DebugLogHandler:Internal_Log(LogType, LogOption, String, Object)
01-26 00:03:35.598 29613 29632 W Unity   : VRDungeonCrawler.AI.MonsterAI:FixedUpdate()
01-26 00:03:35.598 29613 29632 W Unity   : 
01-26 00:03:35.601 29613 29632 I Unity   : [SpellCaster] UI detected: ReadyText on layer 5
01-26 00:03:35.601 29613 29632 I Unity   : UnityEngine.DebugLogHandler:Internal_Log(LogType, LogOption, String, Object)
01-26 00:03:35.601 29613 29632 I Unity   : VRDungeonCrawler.Spells.SpellCaster:Update()
01-26 00:03:35.601 29613 29632 I Unity   : 
01-26 00:03:35.601 29613 29653 E Unity   : Particle Velocity curves must all be in the same mode
01-26 00:03:35.601 29613 29653 E Unity   : Particle Velocity curves must all be in the same mode
01-26 00:03:35.601 29613 29653 E Unity   : Particle Velocity curves must all be in the same mode
01-26 00:03:35.601 29613 29653 E Unity   : Particle Velocity curves must all be in the same mode
01-26 00:03:35.611 29613 29632 W Unity   : [MonsterAI] Skeleton has high velocity 4.38, resetting to walk speed
01-26 00:03:35.611 29613 29632 W Unity   : UnityEngine.DebugLogHandler:Internal_Log(LogType, LogOption, String, Object)
01-26 00:03:35.611 29613 29632 W Unity   : VRDungeonCrawler.AI.MonsterAI:FixedUpdate()
01-26 00:03:35.611 29613 29632 W Unity   : 
01-26 00:03:35.614 29613 29632 I Unity   : [SpellCaster] UI detected: ReadyText on layer 5
01-26 00:03:35.614 29613 29632 I Unity   : UnityEngine.DebugLogHandler:Internal_Log(LogType, LogOption, String, Object)
01-26 00:03:35.614 29613 29632 I Unity   : VRDungeonCrawler.Spells.SpellCaster:Update()
01-26 00:03:35.614 29613 29632 I Unity   : 
01-26 00:03:35.614 29613 29653 E Unity   : Particle Velocity curves must all be in the same mode
01-26 00:03:35.615 29613 29653 E Unity   : Particle Velocity curves must all be in the same mode
01-26 00:03:35.615 29613 29653 E Unity   : Particle Velocity curves must all be in the same mode
01-26 00:03:35.615 29613 29653 E Unity   : Particle Velocity curves must all be in the same mode
01-26 00:03:35.626 29613 29632 I Unity   : [SpellCaster] UI detected: ReadyText on layer 5
01-26 00:03:35.626 29613 29632 I Unity   : UnityEngine.DebugLogHandler:Internal_Log(LogType, LogOption, String, Object)
01-26 00:03:35.626 29613 29632 I Unity   : VRDungeonCrawler.Spells.SpellCaster:Update()
01-26 00:03:35.626 29613 29632 I Unity   : 
01-26 00:03:35.627 29613 29653 E Unity   : Particle Velocity curves must all be in the same mode
01-26 00:03:35.627 29613 29653 E Unity   : Particle Velocity curves must all be in the same mode
01-26 00:03:35.627 29613 29653 E Unity   : Particle Velocity curves must all be in the same mode
01-26 00:03:35.627 29613 29653 E Unity   : Particle Velocity curves must all be in the same mode
01-26 00:03:35.639 29613 29632 W Unity   : [MonsterAI] Skeleton has high velocity 4.40, resetting to walk speed
01-26 00:03:35.639 29613 29632 W Unity   : UnityEngine.DebugLogHandler:Internal_Log(LogType, LogOption, String, Object)
01-26 00:03:35.639 29613 29632 W Unity   : VRDungeonCrawler.AI.MonsterAI:FixedUpdate()
01-26 00:03:35.639 29613 29632 W Unity   : 
01-26 00:03:35.642 29613 29632 I Unity   : [SpellCaster] UI detected: ReadyText on layer 5
01-26 00:03:35.642 29613 29632 I Unity   : UnityEngine.DebugLogHandler:Internal_Log(LogType, LogOption, String, Object)
01-26 00:03:35.642 29613 29632 I Unity   : VRDungeonCrawler.Spells.SpellCaster:Update()
01-26 00:03:35.642 29613 29632 I Unity   : 
01-26 00:03:35.643 29613 29653 E Unity   : Particle Velocity curves must all be in the same mode
01-26 00:03:35.643 29613 29653 E Unity   : Particle Velocity curves must all be in the same mode
01-26 00:03:35.643 29613 29653 E Unity   : Particle Velocity curves must all be in the same mode
01-26 00:03:35.653 29613 29632 W Unity   : [MonsterAI] Skeleton has high velocity 4.42, resetting to walk speed
01-26 00:03:35.653 29613 29632 W Unity   : UnityEngine.DebugLogHandler:Internal_Log(LogType, LogOption, String, Object)
01-26 00:03:35.653 29613 29632 W Unity   : VRDungeonCrawler.AI.MonsterAI:FixedUpdate()
01-26 00:03:35.653 29613 29632 W Unity   : 
01-26 00:03:35.656 29613 29632 I Unity   : [SpellCaster] UI detected: ReadyText on layer 5
01-26 00:03:35.656 29613 29632 I Unity   : UnityEngine.DebugLogHandler:Internal_Log(LogType, LogOption, String, Object)
01-26 00:03:35.656 29613 29632 I Unity   : VRDungeonCrawler.Spells.SpellCaster:Update()
01-26 00:03:35.656 29613 29632 I Unity   : 
01-26 00:03:35.657 29613 29653 E Unity   : Particle Velocity curves must all be in the same mode
01-26 00:03:35.657 29613 29653 E Unity   : Particle Velocity curves must all be in the same mode
01-26 00:03:35.658 29613 29653 E Unity   : Particle Velocity curves must all be in the same mode
01-26 00:03:35.658 29613 29653 E Unity   : Particle Velocity curves must all be in the same mode
01-26 00:03:35.658 29613 29653 E Unity   : Particle Velocity curves must all be in the same mode
01-26 00:03:35.658 29613 29653 E Unity   : Particle Velocity curves must all be in the same mode
01-26 00:03:35.667 29613 29632 W Unity   : [MonsterAI] Skeleton has high velocity 4.44, resetting to walk speed
01-26 00:03:35.667 29613 29632 W Unity   : UnityEngine.DebugLogHandler:Internal_Log(LogType, LogOption, String, Object)
01-26 00:03:35.667 29613 29632 W Unity   : VRDungeonCrawler.AI.MonsterAI:FixedUpdate()
01-26 00:03:35.667 29613 29632 W Unity   : 
01-26 00:03:35.670 29613 29632 I Unity   : [SpellCaster] UI detected: ReadyText on layer 5
01-26 00:03:35.670 29613 29632 I Unity   : UnityEngine.DebugLogHandler:Internal_Log(LogType, LogOption, String, Object)
01-26 00:03:35.670 29613 29632 I Unity   : VRDungeonCrawler.Spells.SpellCaster:Update()
01-26 00:03:35.670 29613 29632 I Unity   : 
01-26 00:03:35.670 29613 29653 E Unity   : Particle Velocity curves must all be in the same mode
01-26 00:03:35.670 29613 29653 E Unity   : Particle Velocity curves must all be in the same mode
01-26 00:03:35.670 29613 29653 E Unity   : Particle Velocity curves must all be in the same mode
01-26 00:03:35.671 29613 29653 E Unity   : Particle Velocity curves must all be in the same mode
01-26 00:03:35.681 29613 29632 I Unity   : [SpellCaster] UI detected: ReadyText on layer 5
01-26 00:03:35.681 29613 29632 I Unity   : UnityEngine.DebugLogHandler:Internal_Log(LogType, LogOption, String, Object)
01-26 00:03:35.681 29613 29632 I Unity   : VRDungeonCrawler.Spells.SpellCaster:Update()
01-26 00:03:35.681 29613 29632 I Unity   : 
01-26 00:03:35.682 29613 29653 E Unity   : Particle Velocity curves must all be in the same mode
01-26 00:03:35.682 29613 29653 E Unity   : Particle Velocity curves must all be in the same mode
01-26 00:03:35.682 29613 29653 E Unity   : Particle Velocity curves must all be in the same mode
01-26 00:03:35.682 29613 29653 E Unity   : Particle Velocity curves must all be in the same mode
01-26 00:03:35.695 29613 29632 W Unity   : [MonsterAI] Skeleton has high velocity 4.45, resetting to walk speed
01-26 00:03:35.695 29613 29632 W Unity   : UnityEngine.DebugLogHandler:Internal_Log(LogType, LogOption, String, Object)
01-26 00:03:35.695 29613 29632 W Unity   : VRDungeonCrawler.AI.MonsterAI:FixedUpdate()
01-26 00:03:35.695 29613 29632 W Unity   : 
01-26 00:03:35.698 29613 29632 I Unity   : [SpellCaster] UI detected: ReadyText on layer 5
01-26 00:03:35.698 29613 29632 I Unity   : UnityEngine.DebugLogHandler:Internal_Log(LogType, LogOption, String, Object)
01-26 00:03:35.698 29613 29632 I Unity   : VRDungeonCrawler.Spells.SpellCaster:Update()
01-26 00:03:35.698 29613 29632 I Unity   : 
01-26 00:03:35.698 29613 29653 E Unity   : Particle Velocity curves must all be in the same mode
01-26 00:03:35.699 29613 29653 E Unity   : Particle Velocity curves must all be in the same mode
01-26 00:03:35.699 29613 29653 E Unity   : Particle Velocity curves must all be in the same mode
