01-26 00:03:36.739 29613 29632 I Unity   : UnityEngine.XR.Interaction.Toolkit.UI.UIInputModule:ProcessTrackedDevice(TrackedDeviceModel&, Boolean)
01-26 00:03:36.739 29613 29632 I Unity   : UnityEngine.XR.Interaction.Toolkit.UI.XRUIInputModule:DoProcess()
01-26 00:03:36.739 29613 29632 I Unity   : 
01-26 00:03:36.740 29613 29632 I Unity   : ========================================
01-26 00:03:36.740 29613 29632 I Unity   : UnityEngine.DebugLogHandler:Internal_Log(LogType, LogOption, String, Object)
01-26 00:03:36.740 29613 29632 I Unity   : VRDungeonCrawler.Environment.PortalMenu:LoadDungeonScene()
01-26 00:03:36.740 29613 29632 I Unity   : UnityEngine.Events.UnityEvent:Invoke()
01-26 00:03:36.740 29613 29632 I Unity   : UnityEngine.EventSystems.ExecuteEvents:Execute(GameObject, BaseEventData, EventFunction`1)
01-26 00:03:36.740 29613 29632 I Unity   : UnityEngine.XR.Interaction.Toolkit.UI.UIInputModule:ProcessPointerButton(ButtonDeltaState, PointerEventData, Boolean)
01-26 00:03:36.740 29613 29632 I Unity   : UnityEngine.XR.Interaction.Toolkit.UI.UIInputModule:ProcessTrackedDevice(TrackedDeviceModel&, Boolean)
01-26 00:03:36.740 29613 29632 I Unity   : UnityEngine.XR.Interaction.Toolkit.UI.XRUIInputModule:DoProcess()
01-26 00:03:36.740 29613 29632 I Unity   : 
01-26 00:03:36.740 29613 29632 I Unity   : [PortalMenu]  Using BootstrapManager for scene transition
01-26 00:03:36.740 29613 29632 I Unity   : UnityEngine.DebugLogHandler:Internal_Log(LogType, LogOption, String, Object)
01-26 00:03:36.740 29613 29632 I Unity   : VRDungeonCrawler.Environment.PortalMenu:LoadDungeonScene()
01-26 00:03:36.740 29613 29632 I Unity   : UnityEngine.Events.UnityEvent:Invoke()
01-26 00:03:36.740 29613 29632 I Unity   : UnityEngine.EventSystems.ExecuteEvents:Execute(GameObject, BaseEventData, EventFunction`1)
01-26 00:03:36.740 29613 29632 I Unity   : UnityEngine.XR.Interaction.Toolkit.UI.UIInputModule:ProcessPointerButton(ButtonDeltaState, PointerEventData, Boolean)
01-26 00:03:36.740 29613 29632 I Unity   : UnityEngine.XR.Interaction.Toolkit.UI.UIInputModule:ProcessTrackedDevice(TrackedDeviceModel&, Boolean)
01-26 00:03:36.740 29613 29632 I Unity   : UnityEngine.XR.Interaction.Toolkit.UI.XRUIInputModule:DoProcess()
01-26 00:03:36.740 29613 29632 I Unity   : 
01-26 00:03:36.740 29613 29632 I Unity   : [BootstrapManager] ========================================
01-26 00:03:36.740 29613 29632 I Unity   : UnityEngine.DebugLogHandler:Internal_Log(LogType, LogOption, String, Object)
01-26 00:03:36.740 29613 29632 I Unity   : VRDungeonCrawler.Core.<TransitionToScene>d__11:MoveNext()
01-26 00:03:36.740 29613 29632 I Unity   : UnityEngine.SetupCoroutine:InvokeMoveNext(IEnumerator, IntPtr)
01-26 00:03:36.740 29613 29632 I Unity   : UnityEngine.Events.UnityEvent:Invoke()
01-26 00:03:36.740 29613 29632 I Unity   : UnityEngine.EventSystems.ExecuteEvents:Execute(GameObject, BaseEventData, EventFunction`1)
01-26 00:03:36.740 29613 29632 I Unity   : UnityEngine.XR.Interaction.Toolkit.UI.UIInputModule:ProcessPointerButton(ButtonDeltaState, PointerEventData, Boolean)
01-26 00:03:36.740 29613 29632 I Unity   : UnityEngine.XR.Interaction.Toolkit.UI.UIInputModule:ProcessTrackedDevice(TrackedDeviceModel&, Boolean)
01-26 00:03:36.740 29613 29632 I Unity   : UnityEngine.XR.Interaction.Toolkit.UI.XRUIInputModule:DoProcess()
01-26 00:03:36.740 29613 29632 I Unity   : 
01-26 00:03:36.741 29613 29632 I Unity   : [BootstrapManager] Transitioning to scene: Dungeon1
01-26 00:03:36.741 29613 29632 I Unity   : UnityEngine.DebugLogHandler:Internal_Log(LogType, LogOption, String, Object)
01-26 00:03:36.741 29613 29632 I Unity   : VRDungeonCrawler.Core.<TransitionToScene>d__11:MoveNext()
01-26 00:03:36.741 29613 29632 I Unity   : UnityEngine.SetupCoroutine:InvokeMoveNext(IEnumerator, IntPtr)
01-26 00:03:36.741 29613 29632 I Unity   : UnityEngine.Events.UnityEvent:Invoke()
01-26 00:03:36.741 29613 29632 I Unity   : UnityEngine.EventSystems.ExecuteEvents:Execute(GameObject, BaseEventData, EventFunction`1)
01-26 00:03:36.741 29613 29632 I Unity   : UnityEngine.XR.Interaction.Toolkit.UI.UIInputModule:ProcessPointerButton(ButtonDeltaState, PointerEventData, Boolean)
01-26 00:03:36.741 29613 29632 I Unity   : UnityEngine.XR.Interaction.Toolkit.UI.UIInputModule:ProcessTrackedDevice(TrackedDeviceModel&, Boolean)
01-26 00:03:36.741 29613 29632 I Unity   : UnityEngine.XR.Interaction.Toolkit.UI.XRUIInputModule:DoProcess()
01-26 00:03:36.741 29613 29632 I Unity   : 
01-26 00:03:36.741 29613 29632 I Unity   : [BootstrapManager] ========================================
01-26 00:03:36.741 29613 29632 I Unity   : UnityEngine.DebugLogHandler:Internal_Log(LogType, LogOption, String, Object)
01-26 00:03:36.741 29613 29632 I Unity   : VRDungeonCrawler.Core.<TransitionToScene>d__11:MoveNext()
01-26 00:03:36.741 29613 29632 I Unity   : UnityEngine.SetupCoroutine:InvokeMoveNext(IEnumerator, IntPtr)
01-26 00:03:36.741 29613 29632 I Unity   : UnityEngine.Events.UnityEvent:Invoke()
01-26 00:03:36.741 29613 29632 I Unity   : UnityEngine.EventSystems.ExecuteEvents:Execute(GameObject, BaseEventData, EventFunction`1)
01-26 00:03:36.741 29613 29632 I Unity   : UnityEngine.XR.Interaction.Toolkit.UI.UIInputModule:ProcessPointerButton(ButtonDeltaState, PointerEventData, Boolean)
01-26 00:03:36.741 29613 29632 I Unity   : UnityEngine.XR.Interaction.Toolkit.UI.UIInputModule:ProcessTrackedDevice(TrackedDeviceModel&, Boolean)
01-26 00:03:36.741 29613 29632 I Unity   : UnityEngine.XR.Interaction.Toolkit.UI.XRUIInputModule:DoProcess()
01-26 00:03:36.741 29613 29632 I Unity   : 
01-26 00:03:36.742 29613 29632 I Unity   : [AnimalAI] Rabbit new direction: (0.87, 0.00, -0.49)
01-26 00:03:36.742 29613 29632 I Unity   : UnityEngine.DebugLogHandler:Internal_Log(LogType, LogOption, String, Object)
01-26 00:03:36.742 29613 29632 I Unity   : VRDungeonCrawler.AI.AnimalAI:ChooseRandomDirection()
01-26 00:03:36.742 29613 29632 I Unity   : VRDungeonCrawler.AI.AnimalAI:HandleRabbitAction()
01-26 00:03:36.742 29613 29632 I Unity   : VRDungeonCrawler.AI.AnimalAI:Update()
01-26 00:03:36.742 29613 29632 I Unity   : 
01-26 00:03:36.742 29613 29632 I Unity   : [AnimalAI] Rabbit resuming hops
01-26 00:03:36.742 29613 29632 I Unity   : UnityEngine.DebugLogHandler:Internal_Log(LogType, LogOption, String, Object)
01-26 00:03:36.742 29613 29632 I Unity   : VRDungeonCrawler.AI.AnimalAI:Update()
01-26 00:03:36.742 29613 29632 I Unity   : 
01-26 00:03:36.743 29613 29632 I Unity   : [SpellCaster] UI detected: Text on layer 5
01-26 00:03:36.743 29613 29632 I Unity   : UnityEngine.DebugLogHandler:Internal_Log(LogType, LogOption, String, Object)
01-26 00:03:36.743 29613 29632 I Unity   : VRDungeonCrawler.Spells.SpellCaster:Update()
01-26 00:03:36.743 29613 29632 I Unity   : 
01-26 00:03:36.743 29613 29653 E Unity   : Particle Velocity curves must all be in the same mode
01-26 00:03:36.743 29613 29653 E Unity   : Particle Velocity curves must all be in the same mode
01-26 00:03:36.744 29613 29653 E Unity   : Particle Velocity curves must all be in the same mode
01-26 00:03:36.750 29613 29632 W Unity   : [MonsterAI] Skeleton has high velocity 4.80, resetting to walk speed
01-26 00:03:36.750 29613 29632 W Unity   : UnityEngine.DebugLogHandler:Internal_Log(LogType, LogOption, String, Object)
01-26 00:03:36.750 29613 29632 W Unity   : VRDungeonCrawler.AI.MonsterAI:FixedUpdate()
01-26 00:03:36.750 29613 29632 W Unity   : 
01-26 00:03:36.752 29613 29632 I Unity   : [AnimalAI] Rabbit pausing
01-26 00:03:36.752 29613 29632 I Unity   : UnityEngine.DebugLogHandler:Internal_Log(LogType, LogOption, String, Object)
01-26 00:03:36.752 29613 29632 I Unity   : VRDungeonCrawler.AI.AnimalAI:Update()
01-26 00:03:36.752 29613 29632 I Unity   : 
01-26 00:03:36.752 29613 29632 I Unity   : [SpellCaster] UI detected: Text on layer 5
01-26 00:03:36.752 29613 29632 I Unity   : UnityEngine.DebugLogHandler:Internal_Log(LogType, LogOption, String, Object)
01-26 00:03:36.752 29613 29632 I Unity   : VRDungeonCrawler.Spells.SpellCaster:Update()
01-26 00:03:36.752 29613 29632 I Unity   : 
01-26 00:03:36.753 29613 29653 E Unity   : Particle Velocity curves must all be in the same mode
01-26 00:03:36.753 29613 29653 E Unity   : Particle Velocity curves must all be in the same mode
01-26 00:03:36.753 29613 29653 E Unity   : Particle Velocity curves must all be in the same mode
01-26 00:03:36.753 29613 29653 E Unity   : Particle Velocity curves must all be in the same mode
01-26 00:03:36.753 29613 29653 E Unity   : Particle Velocity curves must all be in the same mode
01-26 00:03:36.764 29613 29632 I Unity   : [SpellCaster] UI detected: Text on layer 5
01-26 00:03:36.764 29613 29632 I Unity   : UnityEngine.DebugLogHandler:Internal_Log(LogType, LogOption, String, Object)
01-26 00:03:36.764 29613 29632 I Unity   : VRDungeonCrawler.Spells.SpellCaster:Update()
01-26 00:03:36.764 29613 29632 I Unity   : 
01-26 00:03:36.765 29613 29653 E Unity   : Particle Velocity curves must all be in the same mode
01-26 00:03:36.765 29613 29653 E Unity   : Particle Velocity curves must all be in the same mode
01-26 00:03:36.765 29613 29653 E Unity   : Particle Velocity curves must all be in the same mode
01-26 00:03:36.777 29613 29632 W Unity   : [MonsterAI] Skeleton has high velocity 4.80, resetting to walk speed
01-26 00:03:36.777 29613 29632 W Unity   : UnityEngine.DebugLogHandler:Internal_Log(LogType, LogOption, String, Object)
01-26 00:03:36.777 29613 29632 W Unity   : VRDungeonCrawler.AI.MonsterAI:FixedUpdate()
01-26 00:03:36.777 29613 29632 W Unity   : 
01-26 00:03:36.779 29613 29632 I Unity   : [SpellCaster] UI detected: Text on layer 5
01-26 00:03:36.779 29613 29632 I Unity   : UnityEngine.DebugLogHandler:Internal_Log(LogType, LogOption, String, Object)
01-26 00:03:36.779 29613 29632 I Unity   : VRDungeonCrawler.Spells.SpellCaster:Update()
01-26 00:03:36.779 29613 29632 I Unity   : 
01-26 00:03:36.780 29613 29653 E Unity   : Particle Velocity curves must all be in the same mode
01-26 00:03:36.780 29613 29653 E Unity   : Particle Velocity curves must all be in the same mode
01-26 00:03:36.780 29613 29653 E Unity   : Particle Velocity curves must all be in the same mode
01-26 00:03:36.780 29613 29653 E Unity   : Particle Velocity curves must all be in the same mode
01-26 00:03:36.781 29613 29632 E Unity   : Particle Velocity curves must all be in the same mode
01-26 00:03:36.781 29613 29632 E Unity   : Particle Velocity curves must all be in the same mode
01-26 00:03:36.790 29613 29632 W Unity   : [MonsterAI] Skeleton has high velocity 4.81, resetting to walk speed
01-26 00:03:36.790 29613 29632 W Unity   : UnityEngine.DebugLogHandler:Internal_Log(LogType, LogOption, String, Object)
01-26 00:03:36.790 29613 29632 W Unity   : VRDungeonCrawler.AI.MonsterAI:FixedUpdate()
01-26 00:03:36.790 29613 29632 W Unity   : 
01-26 00:03:36.793 29613 29632 I Unity   : [SpellCaster] UI detected: Text on layer 5
01-26 00:03:36.793 29613 29632 I Unity   : UnityEngine.DebugLogHandler:Internal_Log(LogType, LogOption, String, Object)
01-26 00:03:36.793 29613 29632 I Unity   : VRDungeonCrawler.Spells.SpellCaster:Update()
01-26 00:03:36.793 29613 29632 I Unity   : 
01-26 00:03:36.793 29613 29653 E Unity   : Particle Velocity curves must all be in the same mode
01-26 00:03:36.793 29613 29653 E Unity   : Particle Velocity curves must all be in the same mode
01-26 00:03:36.793 29613 29653 E Unity   : Particle Velocity curves must all be in the same mode
01-26 00:03:36.794 29613 29653 E Unity   : Particle Velocity curves must all be in the same mode
01-26 00:03:36.805 29613 29632 I Unity   : [SpellCaster] UI detected: Text on layer 5
01-26 00:03:36.805 29613 29632 I Unity   : UnityEngine.DebugLogHandler:Internal_Log(LogType, LogOption, String, Object)
01-26 00:03:36.805 29613 29632 I Unity   : VRDungeonCrawler.Spells.SpellCaster:Update()
01-26 00:03:36.805 29613 29632 I Unity   : 
01-26 00:03:36.805 29613 29653 E Unity   : Particle Velocity curves must all be in the same mode
01-26 00:03:36.806 29613 29653 E Unity   : Particle Velocity curves must all be in the same mode
01-26 00:03:36.806 29613 29653 E Unity   : Particle Velocity curves must all be in the same mode
01-26 00:03:36.819 29613 29632 W Unity   : [MonsterAI] Skeleton has high velocity 4.81, resetting to walk speed
01-26 00:03:36.819 29613 29632 W Unity   : UnityEngine.DebugLogHandler:Internal_Log(LogType, LogOption, String, Object)
01-26 00:03:36.819 29613 29632 W Unity   : VRDungeonCrawler.AI.MonsterAI:FixedUpdate()
01-26 00:03:36.819 29613 29632 W Unity   : 
01-26 00:03:36.822 29613 29632 I Unity   : [SpellCaster] UI detected: Text on layer 5
01-26 00:03:36.822 29613 29632 I Unity   : UnityEngine.DebugLogHandler:Internal_Log(LogType, LogOption, String, Object)
01-26 00:03:36.822 29613 29632 I Unity   : VRDungeonCrawler.Spells.SpellCaster:Update()
01-26 00:03:36.822 29613 29632 I Unity   : 
01-26 00:03:36.822 29613 29653 E Unity   : Particle Velocity curves must all be in the same mode
01-26 00:03:36.822 29613 29653 E Unity   : Particle Velocity curves must all be in the same mode
01-26 00:03:36.823 29613 29653 E Unity   : Particle Velocity curves must all be in the same mode
01-26 00:03:36.823 29613 29653 E Unity   : Particle Velocity curves must all be in the same mode
01-26 00:03:36.823 29613 29653 E Unity   : Particle Velocity curves must all be in the same mode
01-26 00:03:36.833 29613 29632 W Unity   : [MonsterAI] Skeleton has high velocity 4.81, resetting to walk speed
01-26 00:03:36.833 29613 29632 W Unity   : UnityEngine.DebugLogHandler:Internal_Log(LogType, LogOption, String, Object)
01-26 00:03:36.833 29613 29632 W Unity   : VRDungeonCrawler.AI.MonsterAI:FixedUpdate()
01-26 00:03:36.833 29613 29632 W Unity   : 
01-26 00:03:36.836 29613 29632 I Unity   : [SpellCaster] UI detected: Text on layer 5
01-26 00:03:36.836 29613 29632 I Unity   : UnityEngine.DebugLogHandler:Internal_Log(LogType, LogOption, String, Object)
01-26 00:03:36.836 29613 29632 I Unity   : VRDungeonCrawler.Spells.SpellCaster:Update()
01-26 00:03:36.836 29613 29632 I Unity   : 
01-26 00:03:36.836 29613 29653 E Unity   : Particle Velocity curves must all be in the same mode
01-26 00:03:36.836 29613 29653 E Unity   : Particle Velocity curves must all be in the same mode
01-26 00:03:36.837 29613 29653 E Unity   : Particle Velocity curves must all be in the same mode
01-26 00:03:36.847 29613 29632 I Unity   : [SpellCaster] UI detected: Text on layer 5
01-26 00:03:36.847 29613 29632 I Unity   : UnityEngine.DebugLogHandler:Internal_Log(LogType, LogOption, String, Object)
01-26 00:03:36.847 29613 29632 I Unity   : VRDungeonCrawler.Spells.SpellCaster:Update()
01-26 00:03:36.847 29613 29632 I Unity   : 
01-26 00:03:36.848 29613 29653 E Unity   : Particle Velocity curves must all be in the same mode
01-26 00:03:36.848 29613 29653 E Unity   : Particle Velocity curves must all be in the same mode
01-26 00:03:36.848 29613 29653 E Unity   : Particle Velocity curves must all be in the same mode
01-26 00:03:36.848 29613 29653 E Unity   : Particle Velocity curves must all be in the same mode
01-26 00:03:36.849 29613 29632 E Unity   : Particle Velocity curves must all be in the same mode
01-26 00:03:36.849 29613 29632 E Unity   : Particle Velocity curves must all be in the same mode
01-26 00:03:36.860 29613 29632 W Unity   : [MonsterAI] Skeleton has high velocity 4.81, resetting to walk speed
01-26 00:03:36.860 29613 29632 W Unity   : UnityEngine.DebugLogHandler:Internal_Log(LogType, LogOption, String, Object)
01-26 00:03:36.860 29613 29632 W Unity   : VRDungeonCrawler.AI.MonsterAI:FixedUpdate()
01-26 00:03:36.860 29613 29632 W Unity   : 
01-26 00:03:36.863 29613 29632 I Unity   : [SpellCaster] UI detected: Text on layer 5
01-26 00:03:36.863 29613 29632 I Unity   : UnityEngine.DebugLogHandler:Internal_Log(LogType, LogOption, String, Object)
01-26 00:03:36.863 29613 29632 I Unity   : VRDungeonCrawler.Spells.SpellCaster:Update()
01-26 00:03:36.863 29613 29632 I Unity   : 
01-26 00:03:36.864 29613 29653 E Unity   : Particle Velocity curves must all be in the same mode
01-26 00:03:36.864 29613 29653 E Unity   : Particle Velocity curves must all be in the same mode
01-26 00:03:36.864 29613 29653 E Unity   : Particle Velocity curves must all be in the same mode
01-26 00:03:36.875 29613 29632 W Unity   : [MonsterAI] Skeleton has high velocity 4.81, resetting to walk speed
01-26 00:03:36.875 29613 29632 W Unity   : UnityEngine.DebugLogHandler:Internal_Log(LogType, LogOption, String, Object)
01-26 00:03:36.875 29613 29632 W Unity   : VRDungeonCrawler.AI.MonsterAI:FixedUpdate()
01-26 00:03:36.875 29613 29632 W Unity   : 
01-26 00:03:36.878 29613 29632 I Unity   : [SpellCaster] UI detected: Text on layer 5
01-26 00:03:36.878 29613 29632 I Unity   : UnityEngine.DebugLogHandler:Internal_Log(LogType, LogOption, String, Object)
01-26 00:03:36.878 29613 29632 I Unity   : VRDungeonCrawler.Spells.SpellCaster:Update()
01-26 00:03:36.878 29613 29632 I Unity   : 
01-26 00:03:36.879 29613 29653 E Unity   : Particle Velocity curves must all be in the same mode
01-26 00:03:36.879 29613 29653 E Unity   : Particle Velocity curves must all be in the same mode
01-26 00:03:36.879 29613 29653 E Unity   : Particle Velocity curves must all be in the same mode
01-26 00:03:36.879 29613 29653 E Unity   : Particle Velocity curves must all be in the same mode
01-26 00:03:36.880 29613 29653 E Unity   : Particle Velocity curves must all be in the same mode
01-26 00:03:36.888 29613 29632 W Unity   : [MonsterAI] Skeleton has high velocity 4.81, resetting to walk speed
01-26 00:03:36.888 29613 29632 W Unity   : UnityEngine.DebugLogHandler:Internal_Log(LogType, LogOption, String, Object)
01-26 00:03:36.888 29613 29632 W Unity   : VRDungeonCrawler.AI.MonsterAI:FixedUpdate()
01-26 00:03:36.888 29613 29632 W Unity   : 
01-26 00:03:36.892 29613 29632 I Unity   : [SpellCaster] UI detected: Text on layer 5
01-26 00:03:36.892 29613 29632 I Unity   : UnityEngine.DebugLogHandler:Internal_Log(LogType, LogOption, String, Object)
01-26 00:03:36.892 29613 29632 I Unity   : VRDungeonCrawler.Spells.SpellCaster:Update()
01-26 00:03:36.892 29613 29632 I Unity   : 
01-26 00:03:36.892 29613 29653 E Unity   : Particle Velocity curves must all be in the same mode
01-26 00:03:36.892 29613 29653 E Unity   : Particle Velocity curves must all be in the same mode
01-26 00:03:36.892 29613 29653 E Unity   : Particle Velocity curves must all be in the same mode
01-26 00:03:36.903 29613 29632 I Unity   : [SpellCaster] UI detected: Text on layer 5
01-26 00:03:36.903 29613 29632 I Unity   : UnityEngine.DebugLogHandler:Internal_Log(LogType, LogOption, String, Object)
01-26 00:03:36.903 29613 29632 I Unity   : VRDungeonCrawler.Spells.SpellCaster:Update()
01-26 00:03:36.903 29613 29632 I Unity   : 
01-26 00:03:36.904 29613 29653 E Unity   : Particle Velocity curves must all be in the same mode
01-26 00:03:36.904 29613 29653 E Unity   : Particle Velocity curves must all be in the same mode
01-26 00:03:36.904 29613 29653 E Unity   : Particle Velocity curves must all be in the same mode
01-26 00:03:36.904 29613 29653 E Unity   : Particle Velocity curves must all be in the same mode
01-26 00:03:36.916 29613 29632 W Unity   : [MonsterAI] Skeleton has high velocity 4.81, resetting to walk speed
01-26 00:03:36.916 29613 29632 W Unity   : UnityEngine.DebugLogHandler:Internal_Log(LogType, LogOption, String, Object)
01-26 00:03:36.916 29613 29632 W Unity   : VRDungeonCrawler.AI.MonsterAI:FixedUpdate()
01-26 00:03:36.916 29613 29632 W Unity   : 
01-26 00:03:36.918 29613 29632 E Unity   : Tag: Projectile is not defined.
01-26 00:03:36.918 29613 29632 E Unity   : UnityEngine.GameObject:CompareTag_Internal(String)
01-26 00:03:36.918 29613 29632 E Unity   : VRDungeonCrawler.AI.AnimalAI:HandleSpellHit(Collider)
01-26 00:03:36.918 29613 29632 E Unity   : 
01-26 00:03:36.918 29613 29632 E Unity   : [ line 436124312]
01-26 00:03:36.918 29613 29632 E Unity   : 
01-26 00:03:36.918 29613 29632 E Unity   : Tag: Projectile is not defined.
01-26 00:03:36.918 29613 29632 E Unity   : UnityEngine.GameObject:CompareTag_Internal(String)
01-26 00:03:36.918 29613 29632 E Unity   : VRDungeonCrawler.AI.AnimalAI:HandleSpellHit(Collider)
01-26 00:03:36.918 29613 29632 E Unity   : 
01-26 00:03:36.918 29613 29632 E Unity   : [ line 436124312]
01-26 00:03:36.918 29613 29632 E Unity   : 
01-26 00:03:36.920 29613 29632 I Unity   : [SpellCaster] UI detected: Text on layer 5
01-26 00:03:36.920 29613 29632 I Unity   : UnityEngine.DebugLogHandler:Internal_Log(LogType, LogOption, String, Object)
01-26 00:03:36.920 29613 29632 I Unity   : VRDungeonCrawler.Spells.SpellCaster:Update()
01-26 00:03:36.920 29613 29632 I Unity   : 
01-26 00:03:36.920 29613 29653 E Unity   : Particle Velocity curves must all be in the same mode
01-26 00:03:36.921 29613 29653 E Unity   : Particle Velocity curves must all be in the same mode
01-26 00:03:36.921 29613 29653 E Unity   : Particle Velocity curves must all be in the same mode
01-26 00:03:36.921 29613 29653 E Unity   : Particle Velocity curves must all be in the same mode
01-26 00:03:36.921 29613 29632 E Unity   : Particle Velocity curves must all be in the same mode
01-26 00:03:36.930 29613 29632 W Unity   : [MonsterAI] Skeleton has high velocity 4.82, resetting to walk speed
01-26 00:03:36.930 29613 29632 W Unity   : UnityEngine.DebugLogHandler:Internal_Log(LogType, LogOption, String, Object)
01-26 00:03:36.930 29613 29632 W Unity   : VRDungeonCrawler.AI.MonsterAI:FixedUpdate()
01-26 00:03:36.930 29613 29632 W Unity   : 
01-26 00:03:36.932 29613 29632 E Unity   : Tag: Projectile is not defined.
01-26 00:03:36.932 29613 29632 E Unity   : UnityEngine.GameObject:CompareTag_Internal(String)
01-26 00:03:36.932 29613 29632 E Unity   : VRDungeonCrawler.AI.AnimalAI:HandleSpellHit(Collider)
01-26 00:03:36.932 29613 29632 E Unity   : UnityEngine.Physics:ReportContacts(ReadOnly)
01-26 00:03:36.932 29613 29632 E Unity   : UnityEngine.Physics:OnSceneContact(PhysicsScene, IntPtr, Int32)
01-26 00:03:36.932 29613 29632 E Unity   : 
01-26 00:03:36.932 29613 29632 E Unity   : [ line 436123672]
01-26 00:03:36.932 29613 29632 E Unity   : 
01-26 00:03:36.933 29613 29632 E Unity   : Tag: Projectile is not defined.
01-26 00:03:36.933 29613 29632 E Unity   : UnityEngine.GameObject:CompareTag_Internal(String)
01-26 00:03:36.933 29613 29632 E Unity   : VRDungeonCrawler.AI.AnimalAI:HandleSpellHit(Collider)
01-26 00:03:36.933 29613 29632 E Unity   : UnityEngine.Physics:ReportContacts(ReadOnly)
01-26 00:03:36.933 29613 29632 E Unity   : UnityEngine.Physics:OnSceneContact(PhysicsScene, IntPtr, Int32)
01-26 00:03:36.933 29613 29632 E Unity   : 
01-26 00:03:36.933 29613 29632 E Unity   : [ line 436123672]
01-26 00:03:36.933 29613 29632 E Unity   : 
01-26 00:03:36.934 29613 29632 I Unity   : [AnimalAI] Rabbit new direction: (0.00, 0.00, -1.00)
01-26 00:03:36.934 29613 29632 I Unity   : UnityEngine.DebugLogHandler:Internal_Log(LogType, LogOption, String, Object)
01-26 00:03:36.934 29613 29632 I Unity   : VRDungeonCrawler.AI.AnimalAI:ChooseRandomDirection()
01-26 00:03:36.934 29613 29632 I Unity   : VRDungeonCrawler.AI.AnimalAI:HandleRabbitAction()
01-26 00:03:36.934 29613 29632 I Unity   : VRDungeonCrawler.AI.AnimalAI:Update()
01-26 00:03:36.934 29613 29632 I Unity   : 
01-26 00:03:36.934 29613 29632 I Unity   : [AnimalAI] Rabbit resuming hops
01-26 00:03:36.934 29613 29632 I Unity   : UnityEngine.DebugLogHandler:Internal_Log(LogType, LogOption, String, Object)
01-26 00:03:36.934 29613 29632 I Unity   : VRDungeonCrawler.AI.AnimalAI:Update()
01-26 00:03:36.934 29613 29632 I Unity   : 
01-26 00:03:36.935 29613 29632 I Unity   : [SpellCaster] UI detected: Text on layer 5
01-26 00:03:36.935 29613 29632 I Unity   : UnityEngine.DebugLogHandler:Internal_Log(LogType, LogOption, String, Object)
01-26 00:03:36.935 29613 29632 I Unity   : VRDungeonCrawler.Spells.SpellCaster:Update()
01-26 00:03:36.935 29613 29632 I Unity   : 
01-26 00:03:36.936 29613 29653 E Unity   : Particle Velocity curves must all be in the same mode
01-26 00:03:36.936 29613 29653 E Unity   : Particle Velocity curves must all be in the same mode
01-26 00:03:36.936 29613 29653 E Unity   : Particle Velocity curves must all be in the same mode
01-26 00:03:36.936 29613 29653 E Unity   : Particle Velocity curves must all be in the same mode
01-26 00:03:36.945 29613 29632 I Unity   : [SpellCaster] UI detected: Text on layer 5
01-26 00:03:36.945 29613 29632 I Unity   : UnityEngine.DebugLogHandler:Internal_Log(LogType, LogOption, String, Object)
01-26 00:03:36.945 29613 29632 I Unity   : VRDungeonCrawler.Spells.SpellCaster:Update()
01-26 00:03:36.945 29613 29632 I Unity   : 
01-26 00:03:36.945 29613 29653 E Unity   : Particle Velocity curves must all be in the same mode
01-26 00:03:36.945 29613 29653 E Unity   : Particle Velocity curves must all be in the same mode
01-26 00:03:36.946 29613 29653 E Unity   : Particle Velocity curves must all be in the same mode
01-26 00:03:36.946 29613 29632 E Unity   : Particle Velocity curves must all be in the same mode
01-26 00:03:36.946 29613 29632 E Unity   : Particle Velocity curves must all be in the same mode
01-26 00:03:36.958 29613 29632 W Unity   : [MonsterAI] Skeleton has high velocity 4.82, resetting to walk speed
01-26 00:03:36.958 29613 29632 W Unity   : UnityEngine.DebugLogHandler:Internal_Log(LogType, LogOption, String, Object)
01-26 00:03:36.958 29613 29632 W Unity   : VRDungeonCrawler.AI.MonsterAI:FixedUpdate()
01-26 00:03:36.958 29613 29632 W Unity   : 
01-26 00:03:36.961 29613 29632 I Unity   : [SpellCaster] UI detected: Text on layer 5
01-26 00:03:36.961 29613 29632 I Unity   : UnityEngine.DebugLogHandler:Internal_Log(LogType, LogOption, String, Object)
01-26 00:03:36.961 29613 29632 I Unity   : VRDungeonCrawler.Spells.SpellCaster:Update()
01-26 00:03:36.961 29613 29632 I Unity   : 
01-26 00:03:36.962 29613 29653 E Unity   : Particle Velocity curves must all be in the same mode
01-26 00:03:36.962 29613 29653 E Unity   : Particle Velocity curves must all be in the same mode
01-26 00:03:36.962 29613 29653 E Unity   : Particle Velocity curves must all be in the same mode
01-26 00:03:36.972 29613 29632 W Unity   : [MonsterAI] Skeleton has high velocity 4.82, resetting to walk speed
01-26 00:03:36.972 29613 29632 W Unity   : UnityEngine.DebugLogHandler:Internal_Log(LogType, LogOption, String, Object)
01-26 00:03:36.972 29613 29632 W Unity   : VRDungeonCrawler.AI.MonsterAI:FixedUpdate()
01-26 00:03:36.972 29613 29632 W Unity   : 
01-26 00:03:36.974 29613 29632 E Unity   : Tag: Projectile is not defined.
01-26 00:03:36.974 29613 29632 E Unity   : UnityEngine.GameObject:CompareTag_Internal(String)
01-26 00:03:36.974 29613 29632 E Unity   : VRDungeonCrawler.AI.AnimalAI:HandleSpellHit(Collider)
01-26 00:03:36.974 29613 29632 E Unity   : 
01-26 00:03:36.974 29613 29632 E Unity   : [ line 436124312]
01-26 00:03:36.974 29613 29632 E Unity   : 
01-26 00:03:36.974 29613 29632 E Unity   : Tag: Projectile is not defined.
01-26 00:03:36.974 29613 29632 E Unity   : UnityEngine.GameObject:CompareTag_Internal(String)
01-26 00:03:36.974 29613 29632 E Unity   : VRDungeonCrawler.AI.AnimalAI:HandleSpellHit(Collider)
01-26 00:03:36.974 29613 29632 E Unity   : UnityEngine.Physics:ReportContacts(ReadOnly)
01-26 00:03:36.974 29613 29632 E Unity   : UnityEngine.Physics:OnSceneContact(PhysicsScene, IntPtr, Int32)
01-26 00:03:36.974 29613 29632 E Unity   : 
01-26 00:03:36.974 29613 29632 E Unity   : [ line 436123672]
01-26 00:03:36.974 29613 29632 E Unity   : 
01-26 00:03:36.976 29613 29632 I Unity   : [SpellCaster] UI detected: Text on layer 5
01-26 00:03:36.976 29613 29632 I Unity   : UnityEngine.DebugLogHandler:Internal_Log(LogType, LogOption, String, Object)
01-26 00:03:36.976 29613 29632 I Unity   : VRDungeonCrawler.Spells.SpellCaster:Update()
01-26 00:03:36.976 29613 29632 I Unity   : 
01-26 00:03:36.976 29613 29653 E Unity   : Particle Velocity curves must all be in the same mode
01-26 00:03:36.976 29613 29653 E Unity   : Particle Velocity curves must all be in the same mode
01-26 00:03:36.977 29613 29653 E Unity   : Particle Velocity curves must all be in the same mode
01-26 00:03:36.977 29613 29653 E Unity   : Particle Velocity curves must all be in the same mode
01-26 00:03:36.986 29613 29632 I Unity   : [SpellCaster] UI detected: Text on layer 5
01-26 00:03:36.986 29613 29632 I Unity   : UnityEngine.DebugLogHandler:Internal_Log(LogType, LogOption, String, Object)
01-26 00:03:36.986 29613 29632 I Unity   : VRDungeonCrawler.Spells.SpellCaster:Update()
01-26 00:03:36.986 29613 29632 I Unity   : 
01-26 00:03:36.987 29613 29653 E Unity   : Particle Velocity curves must all be in the same mode
01-26 00:03:36.987 29613 29653 E Unity   : Particle Velocity curves must all be in the same mode
01-26 00:03:36.987 29613 29653 E Unity   : Particle Velocity curves must all be in the same mode
01-26 00:03:36.987 29613 29653 E Unity   : Particle Velocity curves must all be in the same mode
01-26 00:03:36.988 29613 29632 E Unity   : Particle Velocity curves must all be in the same mode
01-26 00:03:37.013 29613 29632 W Unity   : [MonsterAI] Skeleton has high velocity 4.82, resetting to walk speed
01-26 00:03:37.013 29613 29632 W Unity   : UnityEngine.DebugLogHandler:Internal_Log(LogType, LogOption, String, Object)
01-26 00:03:37.013 29613 29632 W Unity   : VRDungeonCrawler.AI.MonsterAI:FixedUpdate()
01-26 00:03:37.013 29613 29632 W Unity   : 
01-26 00:03:37.015 29613 29632 E Unity   : Tag: Projectile is not defined.
01-26 00:03:37.015 29613 29632 E Unity   : UnityEngine.GameObject:CompareTag_Internal(String)
01-26 00:03:37.015 29613 29632 E Unity   : VRDungeonCrawler.AI.AnimalAI:HandleSpellHit(Collider)
01-26 00:03:37.015 29613 29632 E Unity   : 
01-26 00:03:37.015 29613 29632 E Unity   : [ line 436124312]
01-26 00:03:37.015 29613 29632 E Unity   : 
01-26 00:03:37.015 29613 29632 W Unity   : [MonsterAI] Skeleton has high velocity 4.82, resetting to walk speed
01-26 00:03:37.015 29613 29632 W Unity   : UnityEngine.DebugLogHandler:Internal_Log(LogType, LogOption, String, Object)
01-26 00:03:37.015 29613 29632 W Unity   : VRDungeonCrawler.AI.MonsterAI:FixedUpdate()
01-26 00:03:37.015 29613 29632 W Unity   : 
01-26 00:03:37.017 29613 29632 E Unity   : Tag: Projectile is not defined.
01-26 00:03:37.017 29613 29632 E Unity   : UnityEngine.GameObject:CompareTag_Internal(String)
01-26 00:03:37.017 29613 29632 E Unity   : VRDungeonCrawler.AI.AnimalAI:HandleSpellHit(Collider)
01-26 00:03:37.017 29613 29632 E Unity   : UnityEngine.Physics:ReportContacts(ReadOnly)
01-26 00:03:37.017 29613 29632 E Unity   : UnityEngine.Physics:OnSceneContact(PhysicsScene, IntPtr, Int32)
01-26 00:03:37.017 29613 29632 E Unity   : 
01-26 00:03:37.017 29613 29632 E Unity   : [ line 436123672]
01-26 00:03:37.017 29613 29632 E Unity   : 
01-26 00:03:37.019 29613 29632 I Unity   : [SpellCaster] UI detected: Text on layer 5
01-26 00:03:37.019 29613 29632 I Unity   : UnityEngine.DebugLogHandler:Internal_Log(LogType, LogOption, String, Object)
01-26 00:03:37.019 29613 29632 I Unity   : VRDungeonCrawler.Spells.SpellCaster:Update()
01-26 00:03:37.019 29613 29632 I Unity   : 
01-26 00:03:37.020 29613 29653 E Unity   : Particle Velocity curves must all be in the same mode
01-26 00:03:37.020 29613 29653 E Unity   : Particle Velocity curves must all be in the same mode
01-26 00:03:37.020 29613 29653 E Unity   : Particle Velocity curves must all be in the same mode
01-26 00:03:37.020 29613 29653 E Unity   : Particle Velocity curves must all be in the same mode
01-26 00:03:37.020 29613 29653 E Unity   : Particle Velocity curves must all be in the same mode
01-26 00:03:37.021 29613 29632 E Unity   : Particle Velocity curves must all be in the same mode
01-26 00:03:37.021 29613 29632 E Unity   : Particle Velocity curves must all be in the same mode
01-26 00:03:37.021 29613 29632 E Unity   : Particle Velocity curves must all be in the same mode
01-26 00:03:37.021 29613 29632 E Unity   : Particle Velocity curves must all be in the same mode
01-26 00:03:37.025 29613 29950 W Unity   : The referenced script on this Behaviour (Game Object 'EntranceRoom') is missing!
01-26 00:03:37.027 29613 29632 W Unity   : [MonsterAI] Skeleton has high velocity 4.82, resetting to walk speed
01-26 00:03:37.027 29613 29632 W Unity   : UnityEngine.DebugLogHandler:Internal_Log(LogType, LogOption, String, Object)
01-26 00:03:37.027 29613 29632 W Unity   : VRDungeonCrawler.AI.MonsterAI:FixedUpdate()
01-26 00:03:37.027 29613 29632 W Unity   : 
01-26 00:03:37.030 29613 29632 I Unity   : [SpellCaster] UI detected: Text on layer 5
01-26 00:03:37.030 29613 29632 I Unity   : UnityEngine.DebugLogHandler:Internal_Log(LogType, LogOption, String, Object)
01-26 00:03:37.030 29613 29632 I Unity   : VRDungeonCrawler.Spells.SpellCaster:Update()
01-26 00:03:37.030 29613 29632 I Unity   : 
01-26 00:03:37.030 29613 29653 E Unity   : Particle Velocity curves must all be in the same mode
01-26 00:03:37.030 29613 29653 E Unity   : Particle Velocity curves must all be in the same mode
01-26 00:03:37.030 29613 29653 E Unity   : Particle Velocity curves must all be in the same mode
01-26 00:03:37.040 29613 29632 I Unity   : ========================================
01-26 00:03:37.040 29613 29632 I Unity   : UnityEngine.DebugLogHandler:Internal_Log(LogType, LogOption, String, Object)
01-26 00:03:37.040 29613 29632 I Unity   : VRDungeonCrawler.Dungeon.DungeonEntranceRoom:BuildRoom()
01-26 00:03:37.040 29613 29632 I Unity   : 
01-26 00:03:37.041 29613 29632 I Unity   : [DungeonEntranceRoom] Building entrance room...
01-26 00:03:37.041 29613 29632 I Unity   : UnityEngine.DebugLogHandler:Internal_Log(LogType, LogOption, String, Object)
01-26 00:03:37.041 29613 29632 I Unity   : VRDungeonCrawler.Dungeon.DungeonEntranceRoom:BuildRoom()
01-26 00:03:37.041 29613 29632 I Unity   : 
01-26 00:03:37.041 29613 29632 I Unity   : [DungeonEntranceRoom] Transform position: (0.00, 0.00, 0.00)
01-26 00:03:37.041 29613 29632 I Unity   : UnityEngine.DebugLogHandler:Internal_Log(LogType, LogOption, String, Object)
01-26 00:03:37.041 29613 29632 I Unity   : VRDungeonCrawler.Dungeon.DungeonEntranceRoom:BuildRoom()
01-26 00:03:37.041 29613 29632 I Unity   : 
01-26 00:03:37.041 29613 29632 I Unity   : [DungeonEntranceRoom] Room size: 30m x 10m
01-26 00:03:37.041 29613 29632 I Unity   : UnityEngine.DebugLogHandler:Internal_Log(LogType, LogOption, String, Object)
01-26 00:03:37.041 29613 29632 I Unity   : VRDungeonCrawler.Dungeon.DungeonEntranceRoom:BuildRoom()
01-26 00:03:37.041 29613 29632 I Unity   : 
01-26 00:03:37.041 29613 29632 I Unity   : ========================================
01-26 00:03:37.041 29613 29632 I Unity   : UnityEngine.DebugLogHandler:Internal_Log(LogType, LogOption, String, Object)
01-26 00:03:37.041 29613 29632 I Unity   : VRDungeonCrawler.Dungeon.DungeonEntranceRoom:BuildRoom()
01-26 00:03:37.041 29613 29632 I Unity   : 
01-26 00:03:37.042 29613 29632 I Unity   : [DungeonEntranceRoom] Created stone floor
01-26 00:03:37.042 29613 29632 I Unity   : UnityEngine.DebugLogHandler:Internal_Log(LogType, LogOption, String, Object)
01-26 00:03:37.042 29613 29632 I Unity   : VRDungeonCrawler.Dungeon.DungeonEntranceRoom:BuildRoom()
01-26 00:03:37.042 29613 29632 I Unity   : 
01-26 00:03:37.043 29613 29632 I Unity   : [DungeonEntranceRoom] Added TeleportationArea to floor with interaction layers: UnityEngine.XR.Interaction.Toolkit.InteractionLayerMask
01-26 00:03:37.043 29613 29632 I Unity   : UnityEngine.DebugLogHandler:Internal_Log(LogType, LogOption, String, Object)
01-26 00:03:37.043 29613 29632 I Unity   : VRDungeonCrawler.Dungeon.DungeonEntranceRoom:BuildRoom()
01-26 00:03:37.043 29613 29632 I Unity   : 
01-26 00:03:37.045 29613 29632 I Unity   : ========================================
01-26 00:03:37.045 29613 29632 I Unity   : UnityEngine.DebugLogHandler:Internal_Log(LogType, LogOption, String, Object)
01-26 00:03:37.045 29613 29632 I Unity   : VRDungeonCrawler.Dungeon.DungeonEntranceRoom:BuildRoom()
01-26 00:03:37.045 29613 29632 I Unity   : 
01-26 00:03:37.045 29613 29632 I Unity   : [DungeonEntranceRoom]  Built entrance room
01-26 00:03:37.045 29613 29632 I Unity   : UnityEngine.DebugLogHandler:Internal_Log(LogType, LogOption, String, Object)
01-26 00:03:37.045 29613 29632 I Unity   : VRDungeonCrawler.Dungeon.DungeonEntranceRoom:BuildRoom()
01-26 00:03:37.045 29613 29632 I Unity   : 
01-26 00:03:37.045 29613 29632 I Unity   : [DungeonEntranceRoom] Position: (0.00, 0.00, 0.00), Size: 30x10
01-26 00:03:37.045 29613 29632 I Unity   : UnityEngine.DebugLogHandler:Internal_Log(LogType, LogOption, String, Object)
01-26 00:03:37.045 29613 29632 I Unity   : VRDungeonCrawler.Dungeon.DungeonEntranceRoom:BuildRoom()
01-26 00:03:37.045 29613 29632 I Unity   : 
01-26 00:03:37.045 29613 29632 I Unity   : [DungeonEntranceRoom] North side OPEN (no wall) at Z=5
01-26 00:03:37.045 29613 29632 I Unity   : UnityEngine.DebugLogHandler:Internal_Log(LogType, LogOption, String, Object)
01-26 00:03:37.045 29613 29632 I Unity   : VRDungeonCrawler.Dungeon.DungeonEntranceRoom:BuildRoom()
01-26 00:03:37.045 29613 29632 I Unity   : 
01-26 00:03:37.046 29613 29632 I Unity   : [DungeonEntranceRoom] Connects to Start room south wall at Z=5
01-26 00:03:37.046 29613 29632 I Unity   : UnityEngine.DebugLogHandler:Internal_Log(LogType, LogOption, String, Object)
01-26 00:03:37.046 29613 29632 I Unity   : VRDungeonCrawler.Dungeon.DungeonEntranceRoom:BuildRoom()
01-26 00:03:37.046 29613 29632 I Unity   : 
01-26 00:03:37.046 29613 29632 I Unity   : ========================================
01-26 00:03:37.046 29613 29632 I Unity   : UnityEngine.DebugLogHandler:Internal_Log(LogType, LogOption, String, Object)
01-26 00:03:37.046 29613 29632 I Unity   : VRDungeonCrawler.Dungeon.DungeonEntranceRoom:BuildRoom()
01-26 00:03:37.046 29613 29632 I Unity   : 
01-26 00:03:37.047 29613 29632 I Unity   : ========================================
01-26 00:03:37.047 29613 29632 I Unity   : UnityEngine.DebugLogHandler:Internal_Log(LogType, LogOption, String, Object)
01-26 00:03:37.047 29613 29632 I Unity   : VRDungeonCrawler.Dungeon.DungeonGenerator:GenerateDungeon()
01-26 00:03:37.047 29613 29632 I Unity   : 
01-26 00:03:37.047 29613 29632 I Unity   : [DungeonGenerator] Starting dungeon generation...
01-26 00:03:37.047 29613 29632 I Unity   : UnityEngine.DebugLogHandler:Internal_Log(LogType, LogOption, String, Object)
01-26 00:03:37.047 29613 29632 I Unity   : VRDungeonCrawler.Dungeon.DungeonGenerator:GenerateDungeon()
01-26 00:03:37.047 29613 29632 I Unity   : 
01-26 00:03:37.047 29613 29632 I Unity   : [DungeonGenerator] Target room count: 40
01-26 00:03:37.047 29613 29632 I Unity   : UnityEngine.DebugLogHandler:Internal_Log(LogType, LogOption, String, Object)
01-26 00:03:37.047 29613 29632 I Unity   : VRDungeonCrawler.Dungeon.DungeonGenerator:GenerateDungeon()
01-26 00:03:37.047 29613 29632 I Unity   : 
01-26 00:03:37.047 29613 29632 I Unity   : ========================================
01-26 00:03:37.047 29613 29632 I Unity   : UnityEngine.DebugLogHandler:Internal_Log(LogType, LogOption, String, Object)
01-26 00:03:37.047 29613 29632 I Unity   : VRDungeonCrawler.Dungeon.DungeonGenerator:GenerateDungeon()
01-26 00:03:37.047 29613 29632 I Unity   : 
01-26 00:03:37.048 29613 29632 I Unity   : [DungeonGenerator] Starting generation with startCell: (-2, 5)
01-26 00:03:37.048 29613 29632 I Unity   : UnityEngine.DebugLogHandler:Internal_Log(LogType, LogOption, String, Object)
01-26 00:03:37.048 29613 29632 I Unity   : VRDungeonCrawler.Dungeon.DungeonGenerator:GenerateRoomLayout()
01-26 00:03:37.048 29613 29632 I Unity   : VRDungeonCrawler.Dungeon.DungeonGenerator:GenerateDungeon()
01-26 00:03:37.048 29613 29632 I Unity   : 
01-26 00:03:37.048 29613 29632 I Unity   : [DungeonGenerator] RoomSizeInGrids: 5, GRID_SIZE: 2
01-26 00:03:37.048 29613 29632 I Unity   : UnityEngine.DebugLogHandler:Internal_Log(LogType, LogOption, String, Object)
01-26 00:03:37.048 29613 29632 I Unity   : VRDungeonCrawler.Dungeon.DungeonGenerator:GenerateRoomLayout()
01-26 00:03:37.048 29613 29632 I Unity   : VRDungeonCrawler.Dungeon.DungeonGenerator:GenerateDungeon()
01-26 00:03:37.048 29613 29632 I Unity   : 
01-26 00:03:37.049 29613 29632 I Unity   : [DungeonGenerator] CreateRoom called: type=Start, gridPos=(-2, 5)
01-26 00:03:37.049 29613 29632 I Unity   : UnityEngine.DebugLogHandler:Internal_Log(LogType, LogOption, String, Object)
01-26 00:03:37.049 29613 29632 I Unity   : VRDungeonCrawler.Dungeon.DungeonGenerator:CreateRoom(Vector2Int, RoomType)
01-26 00:03:37.049 29613 29632 I Unity   : VRDungeonCrawler.Dungeon.DungeonGenerator:GenerateRoomLayout()
01-26 00:03:37.049 29613 29632 I Unity   : VRDungeonCrawler.Dungeon.DungeonGenerator:GenerateDungeon()
01-26 00:03:37.049 29613 29632 I Unity   : 
01-26 00:03:37.049 29613 29632 I Unity   : [DungeonGenerator] Marking cells (-2, 5) through (2, 9) as occupied
01-26 00:03:37.049 29613 29632 I Unity   : UnityEngine.DebugLogHandler:Internal_Log(LogType, LogOption, String, Object)
01-26 00:03:37.049 29613 29632 I Unity   : VRDungeonCrawler.Dungeon.DungeonGenerator:CreateRoom(Vector2Int, RoomType)
01-26 00:03:37.049 29613 29632 I Unity   : VRDungeonCrawler.Dungeon.DungeonGenerator:GenerateRoomLayout()
01-26 00:03:37.049 29613 29632 I Unity   : VRDungeonCrawler.Dungeon.DungeonGenerator:GenerateDungeon()
01-26 00:03:37.049 29613 29632 I Unity   : 
01-26 00:03:37.050 29613 29632 I Unity   : [DungeonGenerator] Room worldPos: (-4.00, 0.00, 10.00)
01-26 00:03:37.050 29613 29632 I Unity   : UnityEngine.DebugLogHandler:Internal_Log(LogType, LogOption, String, Object)
01-26 00:03:37.050 29613 29632 I Unity   : VRDungeonCrawler.Dungeon.DungeonGenerator:CreateRoom(Vector2Int, RoomType)
01-26 00:03:37.050 29613 29632 I Unity   : VRDungeonCrawler.Dungeon.DungeonGenerator:GenerateRoomLayout()
01-26 00:03:37.050 29613 29632 I Unity   : VRDungeonCrawler.Dungeon.DungeonGenerator:GenerateDungeon()
01-26 00:03:37.050 29613 29632 I Unity   : 
01-26 00:03:37.050 29613 29632 I Unity   : [DungeonGenerator] Room created successfully. Total rooms: 1
01-26 00:03:37.050 29613 29632 I Unity   : UnityEngine.DebugLogHandler:Internal_Log(LogType, LogOption, String, Object)
01-26 00:03:37.050 29613 29632 I Unity   : VRDungeonCrawler.Dungeon.DungeonGenerator:CreateRoom(Vector2Int, RoomType)
01-26 00:03:37.050 29613 29632 I Unity   : VRDungeonCrawler.Dungeon.DungeonGenerator:GenerateRoomLayout()
01-26 00:03:37.050 29613 29632 I Unity   : VRDungeonCrawler.Dungeon.DungeonGenerator:GenerateDungeon()
01-26 00:03:37.050 29613 29632 I Unity   : 
01-26 00:03:37.050 29613 29632 I Unity   : [DungeonGenerator] Attempting to place room at (-7, 5) from (-2, 5) in direction (-1, 0)
01-26 00:03:37.050 29613 29632 I Unity   : UnityEngine.DebugLogHandler:Internal_Log(LogType, LogOption, String, Object)
01-26 00:03:37.050 29613 29632 I Unity   : VRDungeonCrawler.Dungeon.DungeonGenerator:GenerateRoomLayout()
01-26 00:03:37.050 29613 29632 I Unity   : VRDungeonCrawler.Dungeon.DungeonGenerator:GenerateDungeon()
01-26 00:03:37.050 29613 29632 I Unity   : 
01-26 00:03:37.050 29613 29632 I Unity   : [DungeonGenerator] Room at (-7, 5) is VALID (all 5x5 cells free)
01-26 00:03:37.050 29613 29632 I Unity   : UnityEngine.DebugLogHandler:Internal_Log(LogType, LogOption, String, Object)
01-26 00:03:37.050 29613 29632 I Unity   : VRDungeonCrawler.Dungeon.DungeonGenerator:CanPlaceRoom(Vector2Int)
01-26 00:03:37.050 29613 29632 I Unity   : VRDungeonCrawler.Dungeon.DungeonGenerator:GenerateRoomLayout()
01-26 00:03:37.050 29613 29632 I Unity   : VRDungeonCrawler.Dungeon.DungeonGenerator:GenerateDungeon()
01-26 00:03:37.050 29613 29632 I Unity   : 
01-26 00:03:37.051 29613 29632 I Unity   : [DungeonGenerator] CreateRoom called: type=Combat, gridPos=(-7, 5)
01-26 00:03:37.051 29613 29632 I Unity   : UnityEngine.DebugLogHandler:Internal_Log(LogType, LogOption, String, Object)
01-26 00:03:37.051 29613 29632 I Unity   : VRDungeonCrawler.Dungeon.DungeonGenerator:CreateRoom(Vector2Int, RoomType)
01-26 00:03:37.051 29613 29632 I Unity   : VRDungeonCrawler.Dungeon.DungeonGenerator:GenerateRoomLayout()
01-26 00:03:37.051 29613 29632 I Unity   : VRDungeonCrawler.Dungeon.DungeonGenerator:GenerateDungeon()
01-26 00:03:37.051 29613 29632 I Unity   : 
01-26 00:03:37.051 29613 29632 I Unity   : [DungeonGenerator] Marking cells (-7, 5) through (-3, 9) as occupied
01-26 00:03:37.051 29613 29632 I Unity   : UnityEngine.DebugLogHandler:Internal_Log(LogType, LogOption, String, Object)
01-26 00:03:37.051 29613 29632 I Unity   : VRDungeonCrawler.Dungeon.DungeonGenerator:CreateRoom(Vector2Int, RoomType)
01-26 00:03:37.051 29613 29632 I Unity   : VRDungeonCrawler.Dungeon.DungeonGenerator:GenerateRoomLayout()
01-26 00:03:37.051 29613 29632 I Unity   : VRDungeonCrawler.Dungeon.DungeonGenerator:GenerateDungeon()
01-26 00:03:37.051 29613 29632 I Unity   : 
01-26 00:03:37.051 29613 29632 I Unity   : [DungeonGenerator] Room worldPos: (-14.00, 0.00, 10.00)
01-26 00:03:37.051 29613 29632 I Unity   : UnityEngine.DebugLogHandler:Internal_Log(LogType, LogOption, String, Object)
01-26 00:03:37.051 29613 29632 I Unity   : VRDungeonCrawler.Dungeon.DungeonGenerator:CreateRoom(Vector2Int, RoomType)
01-26 00:03:37.051 29613 29632 I Unity   : VRDungeonCrawler.Dungeon.DungeonGenerator:GenerateRoomLayout()
01-26 00:03:37.051 29613 29632 I Unity   : VRDungeonCrawler.Dungeon.DungeonGenerator:GenerateDungeon()
01-26 00:03:37.051 29613 29632 I Unity   : 
01-26 00:03:37.051 29613 29632 I Unity   : [DungeonGenerator] Room created successfully. Total rooms: 2
01-26 00:03:37.051 29613 29632 I Unity   : UnityEngine.DebugLogHandler:Internal_Log(LogType, LogOption, String, Object)
01-26 00:03:37.051 29613 29632 I Unity   : VRDungeonCrawler.Dungeon.DungeonGenerator:CreateRoom(Vector2Int, RoomType)
01-26 00:03:37.051 29613 29632 I Unity   : VRDungeonCrawler.Dungeon.DungeonGenerator:GenerateRoomLayout()
01-26 00:03:37.051 29613 29632 I Unity   : VRDungeonCrawler.Dungeon.DungeonGenerator:GenerateDungeon()
01-26 00:03:37.051 29613 29632 I Unity   : 
01-26 00:03:37.052 29613 29632 I Unity   : [DungeonGenerator]  SUCCESS: Created room 1/37 of type Combat at (-7, 5)
01-26 00:03:37.052 29613 29632 I Unity   : UnityEngine.DebugLogHandler:Internal_Log(LogType, LogOption, String, Object)
01-26 00:03:37.052 29613 29632 I Unity   : VRDungeonCrawler.Dungeon.DungeonGenerator:GenerateRoomLayout()
01-26 00:03:37.052 29613 29632 I Unity   : VRDungeonCrawler.Dungeon.DungeonGenerator:GenerateDungeon()
01-26 00:03:37.052 29613 29632 I Unity   : 
01-26 00:03:37.052 29613 29632 I Unity   : [DungeonGenerator] Attempting to place room at (3, 5) from (-2, 5) in direction (1, 0)
01-26 00:03:37.052 29613 29632 I Unity   : UnityEngine.DebugLogHandler:Internal_Log(LogType, LogOption, String, Object)
01-26 00:03:37.052 29613 29632 I Unity   : VRDungeonCrawler.Dungeon.DungeonGenerator:GenerateRoomLayout()
01-26 00:03:37.052 29613 29632 I Unity   : VRDungeonCrawler.Dungeon.DungeonGenerator:GenerateDungeon()
01-26 00:03:37.052 29613 29632 I Unity   : 
01-26 00:03:37.052 29613 29632 I Unity   : [DungeonGenerator] Room at (3, 5) is VALID (all 5x5 cells free)
01-26 00:03:37.052 29613 29632 I Unity   : UnityEngine.DebugLogHandler:Internal_Log(LogType, LogOption, String, Object)
01-26 00:03:37.052 29613 29632 I Unity   : VRDungeonCrawler.Dungeon.DungeonGenerator:CanPlaceRoom(Vector2Int)
01-26 00:03:37.052 29613 29632 I Unity   : VRDungeonCrawler.Dungeon.DungeonGenerator:GenerateRoomLayout()
01-26 00:03:37.052 29613 29632 I Unity   : VRDungeonCrawler.Dungeon.DungeonGenerator:GenerateDungeon()
01-26 00:03:37.052 29613 29632 I Unity   : 
01-26 00:03:37.053 29613 29632 I Unity   : [DungeonGenerator] CreateRoom called: type=Combat, gridPos=(3, 5)
01-26 00:03:37.053 29613 29632 I Unity   : UnityEngine.DebugLogHandler:Internal_Log(LogType, LogOption, String, Object)
01-26 00:03:37.053 29613 29632 I Unity   : VRDungeonCrawler.Dungeon.DungeonGenerator:CreateRoom(Vector2Int, RoomType)
01-26 00:03:37.053 29613 29632 I Unity   : VRDungeonCrawler.Dungeon.DungeonGenerator:GenerateRoomLayout()
01-26 00:03:37.053 29613 29632 I Unity   : VRDungeonCrawler.Dungeon.DungeonGenerator:GenerateDungeon()
01-26 00:03:37.053 29613 29632 I Unity   : 
01-26 00:03:37.053 29613 29632 I Unity   : [DungeonGenerator] Marking cells (3, 5) through (7, 9) as occupied
01-26 00:03:37.053 29613 29632 I Unity   : UnityEngine.DebugLogHandler:Internal_Log(LogType, LogOption, String, Object)
01-26 00:03:37.053 29613 29632 I Unity   : VRDungeonCrawler.Dungeon.DungeonGenerator:CreateRoom(Vector2Int, RoomType)
01-26 00:03:37.053 29613 29632 I Unity   : VRDungeonCrawler.Dungeon.DungeonGenerator:GenerateRoomLayout()
01-26 00:03:37.053 29613 29632 I Unity   : VRDungeonCrawler.Dungeon.DungeonGenerator:GenerateDungeon()
01-26 00:03:37.053 29613 29632 I Unity   : 
01-26 00:03:37.053 29613 29632 I Unity   : [DungeonGenerator] Room worldPos: (6.00, 0.00, 10.00)
01-26 00:03:37.053 29613 29632 I Unity   : UnityEngine.DebugLogHandler:Internal_Log(LogType, LogOption, String, Object)
01-26 00:03:37.053 29613 29632 I Unity   : VRDungeonCrawler.Dungeon.DungeonGenerator:CreateRoom(Vector2Int, RoomType)
01-26 00:03:37.053 29613 29632 I Unity   : VRDungeonCrawler.Dungeon.DungeonGenerator:GenerateRoomLayout()
01-26 00:03:37.053 29613 29632 I Unity   : VRDungeonCrawler.Dungeon.DungeonGenerator:GenerateDungeon()
01-26 00:03:37.053 29613 29632 I Unity   : 
01-26 00:03:37.053 29613 29632 I Unity   : [DungeonGenerator] Room created successfully. Total rooms: 3
01-26 00:03:37.053 29613 29632 I Unity   : UnityEngine.DebugLogHandler:Internal_Log(LogType, LogOption, String, Object)
01-26 00:03:37.053 29613 29632 I Unity   : VRDungeonCrawler.Dungeon.DungeonGenerator:CreateRoom(Vector2Int, RoomType)
01-26 00:03:37.053 29613 29632 I Unity   : VRDungeonCrawler.Dungeon.DungeonGenerator:GenerateRoomLayout()
